[WebServer] (node:3812) Warning: The 'NO_COLOR' env is ignored due to the 'FORCE_COLOR' env being set.
[WebServer] (Use `node --trace-warnings ...` to show where the warning was created)
[WebServer] (node:34768) Warning: The 'NO_COLOR' env is ignored due to the 'FORCE_COLOR' env being set.
[WebServer] (Use `node --trace-warnings ...` to show where the warning was created)

Running 40 tests using 1 worker

(node:17876) Warning: The 'NO_COLOR' env is ignored due to the 'FORCE_COLOR' env being set.
(Use `node --trace-warnings ...` to show where the warning was created)
  ok  1 tests\directory-loading.spec.ts:7:70 › /principal/teachers 375px light: real controls and screenshots (6.6s)
  ok  2 tests\directory-loading.spec.ts:7:70 › /principal/teachers 375px dark: real controls and screenshots (2.0s)
  ok  3 tests\directory-loading.spec.ts:7:70 › /principal/teachers 1280px light: real controls and screenshots (2.0s)
  ok  4 tests\directory-loading.spec.ts:7:70 › /principal/teachers 1280px dark: real controls and screenshots (2.1s)
  ok  5 tests\directory-loading.spec.ts:7:70 › /principal/teachers/1 375px light: real controls and screenshots (2.5s)
  ok  6 tests\directory-loading.spec.ts:7:70 › /principal/teachers/1 375px dark: real controls and screenshots (1.9s)
  ok  7 tests\directory-loading.spec.ts:7:70 › /principal/teachers/1 1280px light: real controls and screenshots (2.1s)
  ok  8 tests\directory-loading.spec.ts:7:70 › /principal/teachers/1 1280px dark: real controls and screenshots (2.0s)
  ok  9 tests\directory-loading.spec.ts:7:70 › /principal/students 375px light: real controls and screenshots (1.9s)
  ok 10 tests\directory-loading.spec.ts:7:70 › /principal/students 375px dark: real controls and screenshots (1.5s)
  ok 11 tests\directory-loading.spec.ts:7:70 › /principal/students 1280px light: real controls and screenshots (2.0s)
  ok 12 tests\directory-loading.spec.ts:7:70 › /principal/students 1280px dark: real controls and screenshots (2.0s)
  ok 13 tests\directory-loading.spec.ts:7:70 › /principal/students/class/1 375px light: real controls and screenshots (2.0s)
  ok 14 tests\directory-loading.spec.ts:7:70 › /principal/students/class/1 375px dark: real controls and screenshots (1.9s)
  ok 15 tests\directory-loading.spec.ts:7:70 › /principal/students/class/1 1280px light: real controls and screenshots (2.1s)
  ok 16 tests\directory-loading.spec.ts:7:70 › /principal/students/class/1 1280px dark: real controls and screenshots (2.1s)
  ok 17 tests\directory-loading.spec.ts:7:70 › /principal/students/grade/1 375px light: real controls and screenshots (2.0s)
  ok 18 tests\directory-loading.spec.ts:7:70 › /principal/students/grade/1 375px dark: real controls and screenshots (2.0s)
  ok 19 tests\directory-loading.spec.ts:7:70 › /principal/students/grade/1 1280px light: real controls and screenshots (2.0s)
  ok 20 tests\directory-loading.spec.ts:7:70 › /principal/students/grade/1 1280px dark: real controls and screenshots (2.0s)
  ok 21 tests\directory-loading.spec.ts:7:70 › /parent/enrolled-children 375px light: real controls and screenshots (1.9s)
  ok 22 tests\directory-loading.spec.ts:7:70 › /parent/enrolled-children 375px dark: real controls and screenshots (1.9s)
  ok 23 tests\directory-loading.spec.ts:7:70 › /parent/enrolled-children 1280px light: real controls and screenshots (2.0s)
  ok 24 tests\directory-loading.spec.ts:7:70 › /parent/enrolled-children 1280px dark: real controls and screenshots (2.0s)
  ok 25 tests\directory-loading.spec.ts:7:70 › /parent 375px light: real controls and screenshots (2.5s)
  ok 26 tests\directory-loading.spec.ts:7:70 › /parent 375px dark: real controls and screenshots (2.0s)
  ok 27 tests\directory-loading.spec.ts:7:70 › /parent 1280px light: real controls and screenshots (2.1s)
  ok 28 tests\directory-loading.spec.ts:7:70 › /parent 1280px dark: real controls and screenshots (2.0s)
  ok 29 tests\directory-loading.spec.ts:39:1 › principal directory auto-column classification requires observed variation (1.3s)
  ok 30 tests\holistic-analytics-loading.spec.ts:21:68 › holistic analytics 375 light: headers, legend and controls stay real (1.8s)
  ok 31 tests\holistic-analytics-loading.spec.ts:21:68 › holistic analytics 375 dark: headers, legend and controls stay real (2.1s)
  ok 32 tests\holistic-analytics-loading.spec.ts:21:68 › holistic analytics 1280 light: headers, legend and controls stay real (2.0s)
  ok 33 tests\holistic-analytics-loading.spec.ts:21:68 › holistic analytics 1280 dark: headers, legend and controls stay real (2.2s)
  ok 34 tests\holistic-analytics-loading.spec.ts:41:1 › holistic metric name and detail bars have measurable widths (1.3s)
  ok 35 tests\holistic-analytics-loading.spec.ts:53:32 › holistic analytics 0 returned rows preserve empty, short and wrapping results (865ms)
  ok 36 tests\holistic-analytics-loading.spec.ts:53:32 › holistic analytics 1 returned rows preserve empty, short and wrapping results (740ms)
  ok 37 tests\holistic-analytics-loading.spec.ts:53:32 › holistic analytics 9 returned rows preserve empty, short and wrapping results (729ms)
  ok 38 tests\holistic-analytics-loading.spec.ts:67:1 › holistic analytics errors clear all shapes and retry options and scores (1.3s)
  ok 39 tests\holistic-analytics-loading.spec.ts:80:35 › holistic analytics light: actual card and heatmap surfaces retain shimmer pixels (2.8s)
  ok 40 tests\holistic-analytics-loading.spec.ts:80:35 › holistic analytics dark: actual card and heatmap surfaces retain shimmer pixels (2.7s)

  40 passed (1.4m)
