[WebServer] (node:15816) Warning: The 'NO_COLOR' env is ignored due to the 'FORCE_COLOR' env being set.
[WebServer] (Use `node --trace-warnings ...` to show where the warning was created)
[WebServer] (node:33448) Warning: The 'NO_COLOR' env is ignored due to the 'FORCE_COLOR' env being set.
[WebServer] (Use `node --trace-warnings ...` to show where the warning was created)

Running 16 tests using 1 worker

(node:31740) Warning: The 'NO_COLOR' env is ignored due to the 'FORCE_COLOR' env being set.
(Use `node --trace-warnings ...` to show where the warning was created)
  ok  1 tests\holistic-overview-loading.spec.ts:11:62 › holistic overview 375 light keeps roster headers and filters real (5.6s)
  ok  2 tests\holistic-overview-loading.spec.ts:11:62 › holistic overview 375 dark keeps roster headers and filters real (1.7s)
  ok  3 tests\holistic-overview-loading.spec.ts:11:62 › holistic overview 1280 light keeps roster headers and filters real (2.2s)
  ok  4 tests\holistic-overview-loading.spec.ts:11:62 › holistic overview 1280 dark keeps roster headers and filters real (2.1s)
  ok  5 tests\holistic-overview-loading.spec.ts:12:28 › holistic overview preserves 0 returned students (1.2s)
  ok  6 tests\holistic-overview-loading.spec.ts:12:28 › holistic overview preserves 1 returned students (1.3s)
  ok  7 tests\holistic-overview-loading.spec.ts:12:28 › holistic overview preserves 9 returned students (1.1s)
  ok  8 tests\holistic-overview-loading.spec.ts:13:53 › holistic overview retries terms errors without losing search (2.1s)
[WebServer] 10:34:07 AM [vite] (client) [console.error] Failed to load advisory sections: Error: Failed to fetch advisory sections (500)
[WebServer]     at fetchAdvisorySections (http://127.0.0.1:5187/src/features/profiles/teacher/pages/attendance/services/attendance.service.ts:15:21)
  ok  9 tests\holistic-overview-loading.spec.ts:13:53 › holistic overview retries advisories errors without losing search (2.0s)
  ok 10 tests\holistic-overview-loading.spec.ts:13:53 › holistic overview retries overview errors without losing search (2.0s)
  ok 11 tests\holistic-overview-loading.spec.ts:14:1 › holistic overview native columns vary with actual student and trend labels (2.3s)
  ok 12 tests\holistic-overview-loading.spec.ts:15:32 › holistic overview fast refetch preserves rows (1.5s)
  ok 13 tests\holistic-overview-loading.spec.ts:15:32 › holistic overview slow refetch preserves rows (4.1s)
  ok 14 tests\holistic-overview-loading.spec.ts:16:32 › holistic overview light actual table surface contrast (1.8s)
  ok 15 tests\holistic-overview-loading.spec.ts:16:32 › holistic overview dark actual table surface contrast (1.9s)
  x  16 tests\holistic-overview-loading.spec.ts:17:1 › holistic overview local search and level filters preserve their calculations (30.0s)


  1) tests\holistic-overview-loading.spec.ts:17:1 › holistic overview local search and level filters preserve their calculations 

    Test timeout of 30000ms exceeded.

    Error: locator.click: Test timeout of 30000ms exceeded.
    Call log:
      - waiting for getByRole('button', { name: 'Excellent (0)', exact: true })


      15 | for(const slow of [false,true])test(`holistic overview ${slow?'slow':'fast'} refetch preserves rows`,async({page})=>{const release=await fixture(page,false);await page.goto(url);release();const region=page.locator('[data-sk-region="holistic-overview-roster"]');await expect(region).toHaveAttribute('data-sk-phase','settled');await region.evaluate(element=>{const phases:string[]=[];(window as unknown as {holisticPhases:string[]}).holisticPhases=phases;new MutationObserver(()=>phases.push(element.getAttribute('data-sk-phase')??'')).observe(element,{attributes:true,attributeFilter:['data-sk-phase']});});release.hold();await page.getByRole('combobox',{name:'Select term',exact:true}).selectOption('2');if(slow){await expect(region).toHaveAttribute('data-sk-phase','dimmed');await expect(region.locator('[data-sk-stale]')).toHaveCSS('opacity','0.6');await expect(region.locator('[data-sk-region="holistic-overview-row"]')).toHaveCount(3);await expect(region).toHaveAttribute('data-sk-phase','revealed');release.releaseData();}else setTimeout(release.releaseData,60);await expect(region).toHaveAttribute('data-sk-phase','settled');if(!slow){const phases=await page.evaluate(()=>(window as unknown as {holisticPhases:string[]}).holisticPhases);expect(phases).not.toContain('dimmed');expect(phases).not.toContain('revealed');}await assertNoDataSpinner(page);});
      16 | for(const dark of [false,true])test(`holistic overview ${dark?'dark':'light'} actual table surface contrast`,async({page})=>{await fixture(page,dark);await page.goto(url);await expect(page.locator('[data-sk-region="holistic-overview-roster"]')).toHaveAttribute('data-sk-phase','revealed');const shape=page.locator('[data-sk-region="holistic-overview-name"] [data-sk-primitive]').first();await checkRenderedContrast(shape,`holistic-overview-${dark?'dark':'light'}`);await checkShimmerPixels(shape,`holistic-overview-${dark?'dark':'light'}`);});
    > 17 | test('holistic overview local search and level filters preserve their calculations',async({page})=>{const release=await fixture(page,false);await page.goto(url);release();await expect(page.locator('.sk-region[aria-busy="true"]')).toHaveCount(0);await page.getByRole('textbox',{name:'Search student by name',exact:true}).fill('Ana Cruz 1');await expect(page.locator('[data-sk-region="holistic-overview-row"]')).toHaveCount(1);await page.getByRole('button',{name:'Excellent (0)',exact:true}).click();await expect(page.getByText('No students found matching your search or filter.',{exact:true})).toBeVisible();await page.getByRole('button',{name:'Excellent (0)',exact:true}).click();await expect(page.locator('[data-sk-region="holistic-overview-row"]')).toHaveCount(1);});
         |                                                                                                                                                                                                                                                                                                                                                                                                                                                                                                           ^
      18 |
        at C:\Users\Mavys\Downloads\QED_System\QED_front_end\tests\holistic-overview-loading.spec.ts:17:491

    Error Context: test-results\holistic-overview-loading--e3ca0-preserve-their-calculations\error-context.md

  1 failed
    tests\holistic-overview-loading.spec.ts:17:1 › holistic overview local search and level filters preserve their calculations 
  15 passed (1.1m)
