[WebServer] (node:27516) Warning: The 'NO_COLOR' env is ignored due to the 'FORCE_COLOR' env being set.
[WebServer] (Use `node --trace-warnings ...` to show where the warning was created)
[WebServer] (node:20704) Warning: The 'NO_COLOR' env is ignored due to the 'FORCE_COLOR' env being set.
[WebServer] (Use `node --trace-warnings ...` to show where the warning was created)

Running 135 tests using 1 worker

(node:15320) Warning: The 'NO_COLOR' env is ignored due to the 'FORCE_COLOR' env being set.
(Use `node --trace-warnings ...` to show where the warning was created)
  ok   1 tests\add-subject-loading.spec.ts:14:62 › add subject 375 light keeps known form real without data spinners (5.5s)
  ok   2 tests\add-subject-loading.spec.ts:14:62 › add subject 375 dark keeps known form real without data spinners (1.9s)
  ok   3 tests\add-subject-loading.spec.ts:14:62 › add subject 1280 light keeps known form real without data spinners (2.0s)
  ok   4 tests\add-subject-loading.spec.ts:14:62 › add subject 1280 dark keeps known form real without data spinners (2.0s)
  ok   5 tests\add-subject-loading.spec.ts:19:46 › add subject year failure exposes retry and preserves local input (1.4s)
  ok   6 tests\add-subject-loading.spec.ts:19:46 › add subject grade failure exposes retry and preserves local input (1.3s)
[WebServer] 10:20:58 AM [vite] (client) [console.error] Failed to load assessment types: Error: Failed to fetch assessment types: 500
[WebServer]     at getAssessmentTypes (http://127.0.0.1:5187/src/features/profiles/admin/pages/subjects/services/subject.service.ts:76:9)
[WebServer]     at async http://127.0.0.1:5187/src/features/profiles/admin/pages/subjects/context/SubjectsCatalogContext.tsx:40:17
[WebServer] 10:20:58 AM [vite] (client) [console.error] Failed to load assessment types: Error: Failed to fetch assessment types: 500
[WebServer]     at getAssessmentTypes (http://127.0.0.1:5187/src/features/profiles/admin/pages/subjects/services/subject.service.ts:76:9)
[WebServer]     at async http://127.0.0.1:5187/src/features/profiles/admin/pages/subjects/context/SubjectsCatalogContext.tsx:40:17
  ok   7 tests\add-subject-loading.spec.ts:19:46 › add subject catalog failure exposes retry and preserves local input (1.3s)
  ok   8 tests\add-subject-loading.spec.ts:22:1 › non-graded subject retains its original endpoint and creation payload (1.5s)
  ok   9 tests\class-form-loading.spec.ts:11:62 › class edit 375 light keeps original fields and schedule controls (1.7s)
  ok  10 tests\class-form-loading.spec.ts:11:62 › class edit 375 dark keeps original fields and schedule controls (1.7s)
  ok  11 tests\class-form-loading.spec.ts:11:62 › class edit 1280 light keeps original fields and schedule controls (2.2s)
  ok  12 tests\class-form-loading.spec.ts:11:62 › class edit 1280 dark keeps original fields and schedule controls (2.2s)
  ok  13 tests\class-form-loading.spec.ts:15:28 › class edit retains 0 actual schedule periods (745ms)
  ok  14 tests\class-form-loading.spec.ts:15:28 › class edit retains 1 actual schedule periods (769ms)
  ok  15 tests\class-form-loading.spec.ts:15:28 › class edit retains 8 actual schedule periods (951ms)
[WebServer] 10:21:11 AM [vite] (client) [console.error] Error: Class data unavailable
[WebServer]     at handleJsonResponse (http://127.0.0.1:5187/src/features/profiles/admin/pages/classes/services/classes.service.ts:14:9)
[WebServer]     at async fetchClasses (http://127.0.0.1:5187/src/features/profiles/admin/pages/classes/services/classes.service.ts:97:15)
[WebServer] 10:21:11 AM [vite] (client) [console.error] Error: Class data unavailable
[WebServer]     at handleJsonResponse (http://127.0.0.1:5187/src/features/profiles/admin/pages/classes/services/classes.service.ts:14:9)
[WebServer]     at async fetchClasses (http://127.0.0.1:5187/src/features/profiles/admin/pages/classes/services/classes.service.ts:97:15)
  ok  16 tests\class-form-loading.spec.ts:16:85 › class form retries record failure (1.3s)
[WebServer] 10:21:12 AM [vite] (client) [console.error] Error: Class data unavailable
[WebServer]     at handleJsonResponse (http://127.0.0.1:5187/src/features/profiles/admin/pages/classes/services/classes.service.ts:14:9)
[WebServer]     at async fetchGradeLevels (http://127.0.0.1:5187/src/features/profiles/admin/pages/classes/services/classes.service.ts:20:15)
[WebServer] 10:21:12 AM [vite] (client) [console.error] Error: Class data unavailable
[WebServer]     at handleJsonResponse (http://127.0.0.1:5187/src/features/profiles/admin/pages/classes/services/classes.service.ts:14:9)
[WebServer]     at async fetchGradeLevels (http://127.0.0.1:5187/src/features/profiles/admin/pages/classes/services/classes.service.ts:20:15)
  ok  17 tests\class-form-loading.spec.ts:16:85 › class form retries gradeLevels failure (1.3s)
[WebServer] 10:21:14 AM [vite] (client) [console.error] Error: Class data unavailable
[WebServer]     at handleJsonResponse (http://127.0.0.1:5187/src/features/profiles/admin/pages/classes/services/classes.service.ts:14:9)
[WebServer]     at async fetchAllTeachers (http://127.0.0.1:5187/src/features/profiles/admin/pages/classes/services/classes.service.ts:43:15)
[WebServer] 10:21:14 AM [vite] (client) [console.error] Error: Class data unavailable
[WebServer]     at handleJsonResponse (http://127.0.0.1:5187/src/features/profiles/admin/pages/classes/services/classes.service.ts:14:9)
[WebServer]     at async fetchAllTeachers (http://127.0.0.1:5187/src/features/profiles/admin/pages/classes/services/classes.service.ts:43:15)
  ok  18 tests\class-form-loading.spec.ts:16:85 › class form retries teacher/all failure (1.3s)
[WebServer] 10:21:15 AM [vite] (client) [console.error] Error: Class data unavailable
[WebServer]     at handleJsonResponse (http://127.0.0.1:5187/src/features/profiles/admin/pages/classes/services/classes.service.ts:14:9)
[WebServer]     at async fetchSectionsByGrade (http://127.0.0.1:5187/src/features/profiles/admin/pages/classes/services/classes.service.ts:30:15)
  ok  19 tests\class-form-loading.spec.ts:16:85 › class form retries sections failure (1.2s)
[WebServer] 10:21:16 AM [vite] (client) [console.error] Error: Class data unavailable
[WebServer]     at handleJsonResponse (http://127.0.0.1:5187/src/features/profiles/admin/pages/classes/services/classes.service.ts:14:9)
[WebServer]     at async fetchSubjectsByGrade (http://127.0.0.1:5187/src/features/profiles/admin/pages/classes/services/classes.service.ts:48:15)
  ok  20 tests\class-form-loading.spec.ts:16:85 › class form retries getSubByGrade failure (1.3s)
  ok  21 tests\class-form-loading.spec.ts:17:62 › class new 375 light preserves known empty values (771ms)
  ok  22 tests\class-form-loading.spec.ts:17:62 › class new 375 dark preserves known empty values (818ms)
  ok  23 tests\class-form-loading.spec.ts:17:62 › class new 1280 light preserves known empty values (962ms)
  ok  24 tests\class-form-loading.spec.ts:17:62 › class new 1280 dark preserves known empty values (929ms)
  ok  25 tests\class-form-loading.spec.ts:18:1 › class edit saves the original mapped schedule payload (1.3s)
  ok  26 tests\class-form-loading.spec.ts:19:32 › class form light input surface pixels (1.9s)
  ok  27 tests\class-form-loading.spec.ts:19:32 › class form dark input surface pixels (1.9s)
  ok  28 tests\class-form-loading.spec.ts:20:32 › class adviser light disabled control surface pixels (1.9s)
  ok  29 tests\class-form-loading.spec.ts:20:32 › class adviser dark disabled control surface pixels (1.9s)
  ok  30 tests\class-form-loading.spec.ts:21:1 › class form keeps the known Updating prefix real before record data arrives (632ms)
  ok  31 tests\domain-trends-loading.spec.ts:14:62 › domain trends 375 light keeps domains and chart shell real (2.5s)
  ok  32 tests\domain-trends-loading.spec.ts:14:62 › domain trends 375 dark keeps domains and chart shell real (1.8s)
  ok  33 tests\domain-trends-loading.spec.ts:14:62 › domain trends 1280 light keeps domains and chart shell real (2.8s)
  ok  34 tests\domain-trends-loading.spec.ts:14:62 › domain trends 1280 dark keeps domains and chart shell real (2.8s)
  ok  35 tests\domain-trends-loading.spec.ts:18:28 › domain trends preserves 0 actual weeks and empty state (1.2s)
  ok  36 tests\domain-trends-loading.spec.ts:18:28 › domain trends preserves 1 actual weeks and empty state (1.2s)
  ok  37 tests\domain-trends-loading.spec.ts:18:28 › domain trends preserves 9 actual weeks and empty state (1.2s)
  ok  38 tests\domain-trends-loading.spec.ts:19:51 › domain trends retries terms failure and clears placeholders (1.5s)
[WebServer] 10:21:46 AM [vite] (client) [console.error] Failed to load advisory sections: Error: Failed to fetch advisory sections (500)
[WebServer]     at fetchAdvisorySections (http://127.0.0.1:5187/src/features/profiles/teacher/pages/attendance/services/attendance.service.ts:15:21)
  ok  39 tests\domain-trends-loading.spec.ts:19:51 › domain trends retries advisories failure and clears placeholders (1.5s)
  ok  40 tests\domain-trends-loading.spec.ts:19:51 › domain trends retries trends failure and clears placeholders (1.5s)
  ok  41 tests\domain-trends-loading.spec.ts:20:32 › domain trends light neutral score and colored composite contrast (2.8s)
  ok  42 tests\domain-trends-loading.spec.ts:20:32 › domain trends dark neutral score and colored composite contrast (2.6s)
  ok  43 tests\domain-trends-loading.spec.ts:21:1 › domain chart placeholder preserves the line-chart silhouette (2.1s)
  ok  44 tests\domain-trends-loading.spec.ts:22:1 › domain subject selection and legend toggles keep their existing behavior (1.7s)
  ok  45 tests\domain-trends-loading.spec.ts:23:1 › domain trends no-advisory result settles to its existing empty state (1.3s)
  ok  46 tests\domain-trends-loading.spec.ts:25:32 › domain trends fast term refetch preserves previous data (2.3s)
  ok  47 tests\domain-trends-loading.spec.ts:25:32 › domain trends slow term refetch preserves previous data (4.3s)
  ok  48 tests\domain-trends-loading.spec.ts:31:32 › domain trends light line shimmer retains its entire silhouette (2.2s)
  ok  49 tests\domain-trends-loading.spec.ts:31:32 › domain trends dark line shimmer retains its entire silhouette (2.2s)
  ok  50 tests\domain-trends-loading.spec.ts:32:28 › domain trends 1 subject tabs preserve native wrapping (1.8s)
  ok  51 tests\domain-trends-loading.spec.ts:32:28 › domain trends 2 subject tabs preserve native wrapping (1.8s)
  ok  52 tests\domain-trends-loading.spec.ts:32:28 › domain trends 9 subject tabs preserve native wrapping (1.8s)
  ok  53 tests\loading.spec.ts:7:1 › 60ms never reveals a skeleton (3.1s)
  ok  54 tests\loading.spec.ts:11:1 › 320ms reveals after 200ms and reserves at least 400ms (1.1s)
  ok  55 tests\loading.spec.ts:20:1 › 1500ms begins showing content within 150ms of data (2.1s)
  ok  56 tests\loading.spec.ts:24:1 › fixed region retains height and has zero CLS (1.6s)
  ok  57 tests\loading.spec.ts:30:3 › variable list, data size 0: one swap, stable surroundings (1.9s)
  ok  58 tests\loading.spec.ts:30:3 › variable list, data size 2: one swap, stable surroundings (1.8s)
  ok  59 tests\loading.spec.ts:30:3 › variable list, data size 9: one swap, stable surroundings (1.9s)
  ok  60 tests\loading.spec.ts:30:3 › variable text, data size 1: one swap, stable surroundings (1.9s)
  ok  61 tests\loading.spec.ts:30:3 › variable text, data size 4: one swap, stable surroundings (1.9s)
  ok  62 tests\loading.spec.ts:30:3 › variable text, data size 24: one swap, stable surroundings (1.8s)
  ok  63 tests\loading.spec.ts:49:1 › animation properties, shimmer duration and shared easing (1.1s)
  ok  64 tests\loading.spec.ts:59:1 › different mount times share shimmer phase (1.1s)
  ok  65 tests\loading.spec.ts:64:30 › 5 items use exact stagger policy (1.1s)
  ok  66 tests\loading.spec.ts:64:30 › 12 items use exact stagger policy (1.1s)
  ok  67 tests\loading.spec.ts:68:1 › reduced motion has no shimmer or fade wait (1.3s)
  ok  68 tests\loading.spec.ts:76:1 › aria busy, hidden reservation, delayed status and complete cleanup (1.9s)
  ok  69 tests\loading.spec.ts:85:1 › error removes skeleton and retry reloads (3.0s)
  ok  70 tests\loading.spec.ts:92:1 › negative control catches wrong fixed height and CLS (2.1s)
  ok  71 tests\loading.spec.ts:97:1 › negative control catches unsynchronized shimmer (1.1s)
  ok  72 tests\loading.spec.ts:102:1 › skeleton CSS uses tokens for every color (3ms)
  ok  73 tests\loading.spec.ts:107:40 › light: neutral contrast on every surface (312ms)
  ok  74 tests\loading.spec.ts:107:40 › dark: neutral contrast on every surface (349ms)
  ok  75 tests\loading.spec.ts:116:1 › text line metrics and adjacent widths (277ms)
  ok  76 tests\overlay-contract.spec.ts:6:73 › fixed overlay 375 light: shared field keeps its matching box (3.0s)
  ok  77 tests\overlay-contract.spec.ts:6:73 › fixed overlay 375 dark: shared field keeps its matching box (2.9s)
  ok  78 tests\overlay-contract.spec.ts:6:73 › fixed overlay 1280 light: shared field keeps its matching box (3.1s)
  ok  79 tests\overlay-contract.spec.ts:6:73 › fixed overlay 1280 dark: shared field keeps its matching box (3.1s)
  ok  80 tests\overlay-contract.spec.ts:15:1 › fixed overlay rejects a shape extending outside its matching loaded field (3.1s)
  ok  81 tests\principal-grade-sheet-loading.spec.ts:13:62 › grade sheet 375 light keeps known controls and headers real (2.3s)
  ok  82 tests\principal-grade-sheet-loading.spec.ts:13:62 › grade sheet 375 dark keeps known controls and headers real (2.0s)
  ok  83 tests\principal-grade-sheet-loading.spec.ts:13:62 › grade sheet 1280 light keeps known controls and headers real (2.5s)
  ok  84 tests\principal-grade-sheet-loading.spec.ts:13:62 › grade sheet 1280 dark keeps known controls and headers real (2.5s)
  ok  85 tests\principal-grade-sheet-loading.spec.ts:17:28 › grade sheet preserves 0 actual student rows (733ms)
  ok  86 tests\principal-grade-sheet-loading.spec.ts:17:28 › grade sheet preserves 1 actual student rows (682ms)
  ok  87 tests\principal-grade-sheet-loading.spec.ts:17:28 › grade sheet preserves 9 actual student rows (691ms)
  ok  88 tests\principal-grade-sheet-loading.spec.ts:18:44 › grade sheet retries period errors (1.3s)
  ok  89 tests\principal-grade-sheet-loading.spec.ts:18:44 › grade sheet retries book errors (1.3s)
  ok  90 tests\principal-grade-sheet-loading.spec.ts:18:44 › grade sheet retries year errors (1.3s)
  ok  91 tests\principal-grade-sheet-loading.spec.ts:19:1 › default term lookup keeps the grade sheet shell visible and then selects the server default (753ms)
  ok  92 tests\principal-grade-sheet-loading.spec.ts:20:1 › unsubmitted term keeps the original unavailable modal and selected term (1.1s)
  ok  93 tests\principal-grade-sheet-loading.spec.ts:21:1 › grade sheet native columns vary with actual returned content (2.3s)
  ok  94 tests\principal-grade-sheet-loading.spec.ts:22:32 › grade sheet light actual table surface pixels (1.7s)
  ok  95 tests\principal-grade-sheet-loading.spec.ts:22:32 › grade sheet dark actual table surface pixels (1.7s)
  ok  96 tests\principal-grade-sheet-loading.spec.ts:23:1 › grade sheet repeat view reuses measured native columns and slow refetch retains rows (7.1s)
  ok  97 tests\principal-grade-sheet-loading.spec.ts:28:32 › grade sheet light term value has a measurable placeholder (1.6s)
  ok  98 tests\principal-grade-sheet-loading.spec.ts:28:32 › grade sheet dark term value has a measurable placeholder (1.7s)
  ok  99 tests\principal-grade-sheet-loading.spec.ts:32:1 › grade sheet fast term refetch never dims or reveals placeholders (1.2s)
  ok 100 tests\principal-grade-sheet-loading.spec.ts:37:1 › intrinsic term selector stays variable and its loaded width follows actual labels (1.3s)
  ok 101 tests\refetch-contract.spec.ts:33:1 › 60ms refetch never dims or mounts visible skeleton rows (707ms)
  ok 102 tests\refetch-contract.spec.ts:45:1 › slow refetch dims old rows, then falls back after two seconds without moving surroundings (3.3s)
  ok 103 tests\refetch-contract.spec.ts:66:1 › refetch after empty results uses initial skeleton reservation (1.5s)
  ok 104 tests\student-form-loading.spec.ts:11:62 › student edit 375 light keeps actual fields while the record loads (2.3s)
  ok 105 tests\student-form-loading.spec.ts:11:62 › student edit 375 dark keeps actual fields while the record loads (2.3s)
  ok 106 tests\student-form-loading.spec.ts:11:62 › student edit 1280 light keeps actual fields while the record loads (2.3s)
  ok 107 tests\student-form-loading.spec.ts:11:62 › student edit 1280 dark keeps actual fields while the record loads (2.2s)
  ok 108 tests\student-form-loading.spec.ts:21:1 › student edit error clears all shapes and retries the record request (2.0s)
  ok 109 tests\student-form-loading.spec.ts:25:1 › student not found is rendered only after a completed empty response (646ms)
  ok 110 tests\student-form-loading.spec.ts:28:62 › student new 375 light keeps known input and workflow real (824ms)
  ok 111 tests\student-form-loading.spec.ts:28:62 › student new 375 dark keeps known input and workflow real (762ms)
  ok 112 tests\student-form-loading.spec.ts:28:62 › student new 1280 light keeps known input and workflow real (926ms)
  ok 113 tests\student-form-loading.spec.ts:28:62 › student new 1280 dark keeps known input and workflow real (909ms)
[WebServer] 10:24:02 AM [vite] (client) [console.error] Error in gradeService: Error: Failed to fetch grade levels: Internal Server Error
[WebServer]     at fetchGradeLevels (http://127.0.0.1:5187/src/features/profiles/admin/pages/studentrecords/services/grade-section.service.ts:7:10)
[WebServer]     at async loadGrades (http://127.0.0.1:5187/src/features/profiles/admin/pages/studentrecords/StudentFormPage.tsx:99:18)
[WebServer] 10:24:02 AM [vite] (client) [console.error] Error in gradeService: Error: Failed to fetch grade levels: Internal Server Error
[WebServer]     at fetchGradeLevels (http://127.0.0.1:5187/src/features/profiles/admin/pages/studentrecords/services/grade-section.service.ts:7:10)
[WebServer]     at async loadGrades (http://127.0.0.1:5187/src/features/profiles/admin/pages/studentrecords/StudentFormPage.tsx:99:18)
[WebServer] 10:24:02 AM [vite] (client) [console.error] Error in sectionService: Error: Failed to fetch sections: Internal Server Error
[WebServer]     at fetchSectionByGrade (http://127.0.0.1:5187/src/features/profiles/admin/pages/studentrecords/services/grade-section.service.ts:21:10)
[WebServer]     at async loadSections (http://127.0.0.1:5187/src/features/profiles/admin/pages/studentrecords/StudentFormPage.tsx:128:18)
[WebServer] 10:24:02 AM [vite] (client) [console.error] Failed loading sections: Error: Failed to fetch sections: Internal Server Error
[WebServer]     at fetchSectionByGrade (http://127.0.0.1:5187/src/features/profiles/admin/pages/studentrecords/services/grade-section.service.ts:21:10)
[WebServer]     at async loadSections (http://127.0.0.1:5187/src/features/profiles/admin/pages/studentrecords/StudentFormPage.tsx:128:18)
  ok 114 tests\student-form-loading.spec.ts:32:1 › placement errors are retryable without losing edited student fields (1.4s)
  ok 115 tests\student-form-loading.spec.ts:35:1 › student edit retains the existing update endpoint and payload (1.4s)
  ok 116 tests\student-form-loading.spec.ts:38:32 › student input light contrast and shimmer pixels (2.1s)
  ok 117 tests\student-form-loading.spec.ts:38:32 › student input dark contrast and shimmer pixels (1.8s)
  ok 118 tests\student-form-loading.spec.ts:41:1 › single-line form controls remain fixed across short and long student values (1.3s)
  ok 119 tests\user-form-loading.spec.ts:10:62 › edit user 375 light keeps real form labels and controls (2.1s)
  ok 120 tests\user-form-loading.spec.ts:10:62 › edit user 375 dark keeps real form labels and controls (1.7s)
  ok 121 tests\user-form-loading.spec.ts:10:62 › edit user 1280 light keeps real form labels and controls (2.1s)
  ok 122 tests\user-form-loading.spec.ts:10:62 › edit user 1280 dark keeps real form labels and controls (2.2s)
  ok 123 tests\user-form-loading.spec.ts:24:1 › edit user failure clears value placeholders and retries accounts (802ms)
  ok 124 tests\user-form-loading.spec.ts:29:1 › edit user not found waits for the accounts result (649ms)
  ok 125 tests\user-form-loading.spec.ts:33:62 › new user 375 light renders known fields and workflow immediately (796ms)
  ok 126 tests\user-form-loading.spec.ts:33:62 › new user 375 dark renders known fields and workflow immediately (788ms)
  ok 127 tests\user-form-loading.spec.ts:33:62 › new user 1280 light renders known fields and workflow immediately (896ms)
  ok 128 tests\user-form-loading.spec.ts:33:62 › new user 1280 dark renders known fields and workflow immediately (868ms)
  ok 129 tests\user-form-loading.spec.ts:40:1 › editing a loaded user preserves the existing endpoint and payload (779ms)
  ok 130 tests\user-form-loading.spec.ts:47:1 › new principal optional conflict reserves wrapping text then shrinks once without resetting input (1.7s)
  ok 131 tests\user-form-loading.spec.ts:52:32 › principal conflict light reserves visible paragraph bars on warning surface (1.5s)
  ok 132 tests\user-form-loading.spec.ts:52:32 › principal conflict dark reserves visible paragraph bars on warning surface (1.5s)
  ok 133 tests\user-form-loading.spec.ts:58:32 › edit user light values contrast against actual input surface (1.8s)
  ok 134 tests\user-form-loading.spec.ts:58:32 › edit user dark values contrast against actual input surface (1.7s)
  ok 135 tests\user-form-loading.spec.ts:62:1 › pending user selects never show a fallback selected value behind the skeleton (1.1s)

  135 passed (3.9m)
