[WebServer] (node:31928) Warning: The 'NO_COLOR' env is ignored due to the 'FORCE_COLOR' env being set.
[WebServer] (Use `node --trace-warnings ...` to show where the warning was created)
[WebServer] (node:39468) Warning: The 'NO_COLOR' env is ignored due to the 'FORCE_COLOR' env being set.
[WebServer] (Use `node --trace-warnings ...` to show where the warning was created)

Running 1 test using 1 worker

(node:17676) Warning: The 'NO_COLOR' env is ignored due to the 'FORCE_COLOR' env being set.
(Use `node --trace-warnings ...` to show where the warning was created)
  x  1 tests\principal-grade-sheet-loading.spec.ts:13:62 › grade sheet 375 light keeps known controls and headers real (8.5s)


  1) tests\principal-grade-sheet-loading.spec.ts:13:62 › grade sheet 375 light keeps known controls and headers real 

    Error: expect(locator).toBeVisible() failed

    Locator: getByRole('heading', { name: 'Grade Sheet', exact: true })
    Expected: visible
    Timeout: 5000ms
    Error: element(s) not found

    Call log:
      - Expect "toBeVisible" getByRole('heading', { name: 'Grade Sheet', exact: true }) with timeout 5000ms
      - waiting for getByRole('heading', { name: 'Grade Sheet', exact: true })


      12 | }
      13 | for(const width of [375,1280])for(const dark of [false,true])test(`grade sheet ${width} ${dark?'dark':'light'} keeps known controls and headers real`,async({page})=>{
    > 14 |  await page.setViewportSize({width,height:1100});const release=await fixture(page,dark);await page.goto(url);await expect(page.getByRole('heading',{name:'Grade Sheet',exact:true})).toBeVisible();await expect(page.getByPlaceholder('Search student name or ID...')).toBeVisible();await expect(page.getByRole('columnheader',{name:'Student',exact:true})).toBeVisible();await expect(page.getByRole('columnheader',{name:'Overall Average',exact:true})).toBeVisible();await expect(page.locator('[data-sk-region="principal-grade-sheet-table"]')).toHaveAttribute('data-sk-phase','revealed');await assertNoDataSpinner(page);
         |                                                                                                                                                                                      ^
      15 |  const verify=await captureFixedOverlay(page,`principal-grade-sheet-${width}-${dark?'dark':'light'}`,['[data-sk-region="grade-sheet-stat-Total Students"]','[data-sk-region="grade-sheet-stat-Male"]','[data-sk-region="grade-sheet-stat-Female"]']);fs.mkdirSync('loading-screenshots',{recursive:true});const prefix=`loading-screenshots/principal-grade-sheet-${width}-${dark?'dark':'light'}`;await page.screenshot({path:prefix+'-skeleton.png',fullPage:true});release();await expect(page.locator('.sk-region[aria-busy="true"]')).toHaveCount(0);await expect(page.locator('[data-sk-region="grade-sheet-student-row"]')).toHaveCount(3);await verify();await page.screenshot({path:prefix+'-loaded.png',fullPage:true});
      16 | });
      17 | for(const count of [0,1,9])test(`grade sheet preserves ${count} actual student rows`,async({page})=>{const release=await fixture(page,false,count,count===9);await page.goto(url);await expect(page.getByRole('heading',{name:'Grade Sheet',exact:true})).toBeVisible();release();await expect(page.locator('.sk-region[aria-busy="true"]')).toHaveCount(0);await expect(page.locator('[data-sk-region="grade-sheet-student-row"]')).toHaveCount(count);if(!count)await expect(page.getByText('No students found.',{exact:true})).toBeVisible();});
        at C:\Users\Mavys\Downloads\QED_System\QED_front_end\tests\principal-grade-sheet-loading.spec.ts:14:182

    Error Context: test-results\principal-grade-sheet-load-463c2-n-controls-and-headers-real\error-context.md

  1 failed
    tests\principal-grade-sheet-loading.spec.ts:13:62 › grade sheet 375 light keeps known controls and headers real 
