
[WebServer] (node:19528) Warning: The 'NO_COLOR' env is ignored due to the 'FORCE_COLOR' env being set.
[WebServer] (Use `node --trace-warnings ...` to show where the warning was created)

[WebServer] (node:15784) Warning: The 'NO_COLOR' env is ignored due to the 'FORCE_COLOR' env being set.
[WebServer] (Use `node --trace-warnings ...` to show where the warning was created)

Running 1 test using 1 worker

(node:38412) Warning: The 'NO_COLOR' env is ignored due to the 'FORCE_COLOR' env being set.

(Use `node --trace-warnings ...` to show where the warning was created)

[1/1] tests\subject-analytics-loading.spec.ts:4:68 › subject analytics 375 light: real ranking frames and controls
  1) tests\subject-analytics-loading.spec.ts:4:68 › subject analytics 375 light: real ranking frames and controls 

    Error: expect(locator).toBeVisible() failed

    Locator: getByRole('heading', { name: 'Whole Elementary Department Ranking', exact: true })
    Expected: visible
    Timeout: 5000ms
    Error: element(s) not found

    Call log:
      - Expect "toBeVisible" getByRole('heading', { name: 'Whole Elementary Department Ranking', exact: true }) with timeout 5000ms
      - waiting for getByRole('heading', { name: 'Whole Elementary Department Ranking', exact: true })


       7 |   await page.route("**/api/reports/**", async route => { await new Promise(resolve => setTimeout(resolve, 15000)); await route.fulfill({ json: { success: true, data: [] } }); });
       8 |   await page.goto("/principal/reports");
    >  9 |   await expect(page.getByRole("heading", { name: "Whole Elementary Department Ranking", exact: true })).toBeVisible();
         |                                                                                                         ^
      10 |   await expect(page.getByRole("heading", { name: "Per Grade Level Ranking", exact: true })).toBeVisible();
      11 |   await expect(page.getByRole("heading", { name: "Priority Focus", exact: true })).toBeVisible();
      12 |   release();
        at C:\Users\Mavys\Downloads\QED_System\QED_front_end\tests\subject-analytics-loading.spec.ts:9:105

    Error Context: test-results\subject-analytics-loading--6db26-ranking-frames-and-controls\error-context.md


  1 failed
    tests\subject-analytics-loading.spec.ts:4:68 › subject analytics 375 light: real ranking frames and controls 
