
[WebServer] (node:12144) Warning: The 'NO_COLOR' env is ignored due to the 'FORCE_COLOR' env being set.
[WebServer] (Use `node --trace-warnings ...` to show where the warning was created)
[WebServer] (node:22700) Warning: The 'NO_COLOR' env is ignored due to the 'FORCE_COLOR' env being set.
[WebServer] (Use `node --trace-warnings ...` to show where the warning was created)


Running 16 tests using 1 worker

(node:23540) Warning: The 'NO_COLOR' env is ignored due to the 'FORCE_COLOR' env being set.

(Use `node --trace-warnings ...` to show where the warning was created)

[1/16] tests\add-subject-loading.spec.ts:14:62 › add subject 375 light keeps known form real without data spinners
[2/16] tests\add-subject-loading.spec.ts:14:62 › add subject 375 dark keeps known form real without data spinners
  1) tests\add-subject-loading.spec.ts:14:62 › add subject 375 dark keeps known form real without data spinners 

    Error: expect(received).toEqual(expected) // deep equality

    - Expected  - 3
    + Received  + 3

      Object {
    -   "clip": "inset(50%)",
    -   "height": "1px",
    -   "width": "1px",
    +   "clip": "",
    +   "height": "",
    +   "width": "",
      }

      14 | for(const width of [375,1280])for(const dark of [false,true])test(`add subject ${width} ${dark?'dark':'light'} keeps known form real without data spinners`,async({page})=>{
      15 |  await page.setViewportSize({width,height:1100});const release=await fixture(page,dark);await page.goto('/admin/subjects/new');await expect(page.locator('[data-route-skeleton]')).toHaveCount(0);await expect(page.getByRole('heading',{name:'Add New Subject',exact:true})).toBeVisible();await expect(page.getByText('Subject Name',{exact:true})).toBeVisible();await expect(page.locator('[data-sk-region="subject-form-prerequisites"]')).toHaveAttribute('data-sk-phase','revealed');await assertNoDataSpinner(page);await expect(page.locator('main [data-sk-primitive]')).toHaveCount(0);
    > 16 |  expect(await page.locator('main [role=status]').evaluate(element=>{const style=getComputedStyle(element);return {width:style.width,height:style.height,clip:style.clipPath};})).toEqual({width:'1px',height:'1px',clip:'inset(50%)'});
         |                                                                                                                                                                                  ^
      17 |  const boxes=()=>page.locator('main h1, main input, main select').evaluateAll(elements=>elements.map(element=>{const r=element.getBoundingClientRect();return{x:r.x,y:r.y,width:r.width,height:r.height};}));const before=await boxes();fs.mkdirSync('loading-screenshots',{recursive:true});const prefix=`loading-screenshots/admin-add-subject-${width}-${dark?'dark':'light'}`;await page.screenshot({path:prefix+'-skeleton.png',fullPage:true});release();await expect(page.locator('main select')).toBeEnabled();await expect(page.locator('.sk-region[aria-busy="true"]')).toHaveCount(0);expect(await boxes()).toEqual(before);await page.screenshot({path:prefix+'-loaded.png',fullPage:true});
      18 | });
      19 | for(const kind of ['year','grade','catalog'])test(`add subject ${kind} failure exposes retry and preserves local input`,async({page})=>{
        at C:\Users\Mavys\Downloads\QED_System\QED_front_end\tests\add-subject-loading.spec.ts:16:178

    Error Context: test-results\add-subject-loading-add-su-2acc6--real-without-data-spinners\error-context.md


(node:7348) Warning: The 'NO_COLOR' env is ignored due to the 'FORCE_COLOR' env being set.

(Use `node --trace-warnings ...` to show where the warning was created)

[3/16] tests\add-subject-loading.spec.ts:14:62 › add subject 1280 light keeps known form real without data spinners
[4/16] tests\add-subject-loading.spec.ts:14:62 › add subject 1280 dark keeps known form real without data spinners
  2) tests\add-subject-loading.spec.ts:14:62 › add subject 1280 dark keeps known form real without data spinners 

    Error: expect(received).toEqual(expected) // deep equality

    - Expected  - 3
    + Received  + 3

      Object {
    -   "clip": "inset(50%)",
    -   "height": "1px",
    -   "width": "1px",
    +   "clip": "",
    +   "height": "",
    +   "width": "",
      }

      14 | for(const width of [375,1280])for(const dark of [false,true])test(`add subject ${width} ${dark?'dark':'light'} keeps known form real without data spinners`,async({page})=>{
      15 |  await page.setViewportSize({width,height:1100});const release=await fixture(page,dark);await page.goto('/admin/subjects/new');await expect(page.locator('[data-route-skeleton]')).toHaveCount(0);await expect(page.getByRole('heading',{name:'Add New Subject',exact:true})).toBeVisible();await expect(page.getByText('Subject Name',{exact:true})).toBeVisible();await expect(page.locator('[data-sk-region="subject-form-prerequisites"]')).toHaveAttribute('data-sk-phase','revealed');await assertNoDataSpinner(page);await expect(page.locator('main [data-sk-primitive]')).toHaveCount(0);
    > 16 |  expect(await page.locator('main [role=status]').evaluate(element=>{const style=getComputedStyle(element);return {width:style.width,height:style.height,clip:style.clipPath};})).toEqual({width:'1px',height:'1px',clip:'inset(50%)'});
         |                                                                                                                                                                                  ^
      17 |  const boxes=()=>page.locator('main h1, main input, main select').evaluateAll(elements=>elements.map(element=>{const r=element.getBoundingClientRect();return{x:r.x,y:r.y,width:r.width,height:r.height};}));const before=await boxes();fs.mkdirSync('loading-screenshots',{recursive:true});const prefix=`loading-screenshots/admin-add-subject-${width}-${dark?'dark':'light'}`;await page.screenshot({path:prefix+'-skeleton.png',fullPage:true});release();await expect(page.locator('main select')).toBeEnabled();await expect(page.locator('.sk-region[aria-busy="true"]')).toHaveCount(0);expect(await boxes()).toEqual(before);await page.screenshot({path:prefix+'-loaded.png',fullPage:true});
      18 | });
      19 | for(const kind of ['year','grade','catalog'])test(`add subject ${kind} failure exposes retry and preserves local input`,async({page})=>{
        at C:\Users\Mavys\Downloads\QED_System\QED_front_end\tests\add-subject-loading.spec.ts:16:178

    Error Context: test-results\add-subject-loading-add-su-1f882--real-without-data-spinners\error-context.md



(node:32568) Warning: The 'NO_COLOR' env is ignored due to the 'FORCE_COLOR' env being set.
(Use `node --trace-warnings ...` to show where the warning was created)

[5/16] tests\add-subject-loading.spec.ts:19:46 › add subject year failure exposes retry and preserves local input
[6/16] tests\add-subject-loading.spec.ts:19:46 › add subject grade failure exposes retry and preserves local input
[7/16] tests\add-subject-loading.spec.ts:19:46 › add subject catalog failure exposes retry and preserves local input

[WebServer] 10:05:12 AM [vite] (client) [console.error] Failed to load assessment types: Error: Failed to fetch assessment types: 500
[WebServer]     at getAssessmentTypes (http://127.0.0.1:5187/src/features/profiles/admin/pages/subjects/services/subject.service.ts:76:9)
[WebServer]     at async http://127.0.0.1:5187/src/features/profiles/admin/pages/subjects/context/SubjectsCatalogContext.tsx:40:17

[WebServer] 10:05:12 AM [vite] (client) [console.error] Failed to load assessment types: Error: Failed to fetch assessment types: 500
[WebServer]     at getAssessmentTypes (http://127.0.0.1:5187/src/features/profiles/admin/pages/subjects/services/subject.service.ts:76:9)
[WebServer]     at async http://127.0.0.1:5187/src/features/profiles/admin/pages/subjects/context/SubjectsCatalogContext.tsx:40:17
[8/16] tests\add-subject-loading.spec.ts:22:1 › non-graded subject retains its original endpoint and creation payload
  3) tests\add-subject-loading.spec.ts:22:1 › non-graded subject retains its original endpoint and creation payload 

    Test timeout of 30000ms exceeded.

    Error Context: test-results\add-subject-loading-non-gr-c185a-dpoint-and-creation-payload\error-context.md


(node:37212) Warning: The 'NO_COLOR' env is ignored due to the 'FORCE_COLOR' env being set.

(Use `node --trace-warnings ...` to show where the warning was created)

[9/16] tests\add-subject-loading.spec.ts:14:62 › add subject 375 light keeps known form real without data spinners
[10/16] tests\add-subject-loading.spec.ts:14:62 › add subject 375 dark keeps known form real without data spinners
[11/16] tests\add-subject-loading.spec.ts:14:62 › add subject 1280 light keeps known form real without data spinners
[12/16] tests\add-subject-loading.spec.ts:14:62 › add subject 1280 dark keeps known form real without data spinners
[13/16] tests\add-subject-loading.spec.ts:19:46 › add subject year failure exposes retry and preserves local input
[14/16] tests\add-subject-loading.spec.ts:19:46 › add subject grade failure exposes retry and preserves local input
[15/16] tests\add-subject-loading.spec.ts:19:46 › add subject catalog failure exposes retry and preserves local input

[WebServer] 10:05:51 AM [vite] (client) [console.error] Failed to load assessment types: Error: Failed to fetch assessment types: 500
[WebServer]     at getAssessmentTypes (http://127.0.0.1:5187/src/features/profiles/admin/pages/subjects/services/subject.service.ts:76:9)
[WebServer]     at async http://127.0.0.1:5187/src/features/profiles/admin/pages/subjects/context/SubjectsCatalogContext.tsx:40:17
[WebServer] 10:05:51 AM [vite] (client) [console.error] Failed to load assessment types: Error: Failed to fetch assessment types: 500
[WebServer]     at getAssessmentTypes (http://127.0.0.1:5187/src/features/profiles/admin/pages/subjects/services/subject.service.ts:76:9)
[WebServer]     at async http://127.0.0.1:5187/src/features/profiles/admin/pages/subjects/context/SubjectsCatalogContext.tsx:40:17

[16/16] tests\add-subject-loading.spec.ts:22:1 › non-graded subject retains its original endpoint and creation payload
  4) tests\add-subject-loading.spec.ts:22:1 › non-graded subject retains its original endpoint and creation payload 

    Test timeout of 30000ms exceeded.

    Error Context: test-results\add-subject-loading-non-gr-c185a-dpoint-and-creation-payload-repeat1\error-context.md


  4 failed
    tests\add-subject-loading.spec.ts:14:62 › add subject 375 dark keeps known form real without data spinners 
    tests\add-subject-loading.spec.ts:14:62 › add subject 1280 dark keeps known form real without data spinners 
    tests\add-subject-loading.spec.ts:22:1 › non-graded subject retains its original endpoint and creation payload 
    tests\add-subject-loading.spec.ts:22:1 › non-graded subject retains its original endpoint and creation payload 
  12 passed (1.7m)
