[WebServer] (node:39860) Warning: The 'NO_COLOR' env is ignored due to the 'FORCE_COLOR' env being set.
[WebServer] (Use `node --trace-warnings ...` to show where the warning was created)
[WebServer] (node:35636) Warning: The 'NO_COLOR' env is ignored due to the 'FORCE_COLOR' env being set.
[WebServer] (Use `node --trace-warnings ...` to show where the warning was created)

Running 34 tests using 1 worker

(node:12220) Warning: The 'NO_COLOR' env is ignored due to the 'FORCE_COLOR' env being set.
(Use `node --trace-warnings ...` to show where the warning was created)
  ok  1 tests\teacher-subject-loading.spec.ts:23:66 › teacher subject 375 light keeps real score sheet and controls (5.6s)
  ok  2 tests\teacher-subject-loading.spec.ts:23:66 › teacher subject 375 dark keeps real score sheet and controls (1.8s)
  ok  3 tests\teacher-subject-loading.spec.ts:23:66 › teacher subject 1280 light keeps real score sheet and controls (1.9s)
  ok  4 tests\teacher-subject-loading.spec.ts:23:66 › teacher subject 1280 dark keeps real score sheet and controls (1.9s)
  ok  5 tests\teacher-subject-loading.spec.ts:40:30 › teacher subject 0 students keeps original empty and full rosters (1.5s)
  ok  6 tests\teacher-subject-loading.spec.ts:40:30 › teacher subject 1 students keeps original empty and full rosters (2.0s)
  ok  7 tests\teacher-subject-loading.spec.ts:40:30 › teacher subject 9 students keeps original empty and full rosters (2.1s)
[WebServer] 9:20:32 AM [vite] (client) [console.error] Failed to load subject info: Error: Class unavailable
[WebServer]     at handleJsonResponse (http://127.0.0.1:5187/src/features/profiles/teacher/pages/subjects/services/subjectGrading.service.ts:12:9)
[WebServer]     at async fetchSubjectSectionInfo (http://127.0.0.1:5187/src/features/profiles/teacher/pages/subjects/services/subjectGrading.service.ts:39:15)
[WebServer]     at async Promise.allSettled (index 0)
[WebServer]     at async loadAll (http://127.0.0.1:5187/src/features/profiles/teacher/pages/subjects/detail/SubjectDetailPage.tsx:221:82)
  ok  8 tests\teacher-subject-loading.spec.ts:49:1 › teacher subject record failure clears placeholders and retries its real requests (1.3s)
  ok  9 tests\teacher-subject-loading.spec.ts:57:66 › teacher holistic 375 light keeps actual rating controls and domain headers (1.9s)
  ok 10 tests\teacher-subject-loading.spec.ts:57:66 › teacher holistic 375 dark keeps actual rating controls and domain headers (2.3s)
  ok 11 tests\teacher-subject-loading.spec.ts:57:66 › teacher holistic 1280 light keeps actual rating controls and domain headers (2.5s)
  ok 12 tests\teacher-subject-loading.spec.ts:57:66 › teacher holistic 1280 dark keeps actual rating controls and domain headers (2.5s)
  ok 13 tests\teacher-subject-loading.spec.ts:71:1 › teacher grading tables are auto-column only because native widths vary with returned names (1.6s)
  ok 14 tests\teacher-subject-loading.spec.ts:85:1 › teacher score saving retains the existing request payload and working-item handoff (1.3s)
  ok 15 tests\teacher-subject-loading.spec.ts:93:34 › teacher score sheet light placeholders stay visible on header and row surfaces (3.0s)
  ok 16 tests\teacher-subject-loading.spec.ts:93:34 › teacher score sheet dark placeholders stay visible on header and row surfaces (2.9s)
  ok 17 tests\teacher-subject-loading.spec.ts:103:1 › teacher working table reuses measured pending column widths on repeat load (2.7s)
  x  18 tests\user-form-loading.spec.ts:10:62 › edit user 375 light keeps real form labels and controls (1.8s)
(node:10604) Warning: The 'NO_COLOR' env is ignored due to the 'FORCE_COLOR' env being set.
(Use `node --trace-warnings ...` to show where the warning was created)
  ok 19 tests\user-form-loading.spec.ts:10:62 › edit user 375 dark keeps real form labels and controls (1.8s)
  x  20 tests\user-form-loading.spec.ts:10:62 › edit user 1280 light keeps real form labels and controls (2.9s)
(node:25080) Warning: The 'NO_COLOR' env is ignored due to the 'FORCE_COLOR' env being set.
(Use `node --trace-warnings ...` to show where the warning was created)
  x  21 tests\user-form-loading.spec.ts:10:62 › edit user 1280 dark keeps real form labels and controls (2.5s)
(node:21644) Warning: The 'NO_COLOR' env is ignored due to the 'FORCE_COLOR' env being set.
(Use `node --trace-warnings ...` to show where the warning was created)
  ok 22 tests\user-form-loading.spec.ts:24:1 › edit user failure clears value placeholders and retries accounts (953ms)
  ok 23 tests\user-form-loading.spec.ts:29:1 › edit user not found waits for the accounts result (783ms)
  ok 24 tests\user-form-loading.spec.ts:33:62 › new user 375 light renders known fields and workflow immediately (782ms)
  ok 25 tests\user-form-loading.spec.ts:33:62 › new user 375 dark renders known fields and workflow immediately (1.3s)
  ok 26 tests\user-form-loading.spec.ts:33:62 › new user 1280 light renders known fields and workflow immediately (976ms)
  ok 27 tests\user-form-loading.spec.ts:33:62 › new user 1280 dark renders known fields and workflow immediately (926ms)
  ok 28 tests\user-form-loading.spec.ts:40:1 › editing a loaded user preserves the existing endpoint and payload (807ms)
  ok 29 tests\user-form-loading.spec.ts:47:1 › new principal optional conflict reserves wrapping text then shrinks once without resetting input (1.7s)
  ok 30 tests\user-form-loading.spec.ts:52:32 › principal conflict light reserves visible paragraph bars on warning surface (1.6s)
  ok 31 tests\user-form-loading.spec.ts:52:32 › principal conflict dark reserves visible paragraph bars on warning surface (1.6s)
  ok 32 tests\user-form-loading.spec.ts:58:32 › edit user light values contrast against actual input surface (1.8s)
  ok 33 tests\user-form-loading.spec.ts:58:32 › edit user dark values contrast against actual input surface (1.9s)
  ok 34 tests\user-form-loading.spec.ts:62:1 › pending user selects never show a fallback selected value behind the skeleton (1.2s)


  1) tests\user-form-loading.spec.ts:10:62 › edit user 375 light keeps real form labels and controls 

    Error: expect(received).toEqual(expected) // deep equality

    Expected: {"height": 40, "width": 275, "x": 50, "y": 329}
    Received: null

      20 |  release();await expect(page.locator('.sk-region[aria-busy="true"]')).toHaveCount(0);await expect(page.getByRole('region',{name:'User account form'}).locator('input').filter({hasNot:page.locator('[type="hidden"]')}).first()).toHaveValue('Cruz');
      21 |  await expect(page.getByRole('button',{name:'Save Changes',exact:true})).toBeEnabled();await page.screenshot({path:prefix+'-loaded.png',fullPage:true});
    > 22 |  await verify();const loadedBoxes=await Promise.all(fieldSelectors.map(selector=>page.locator(selector).boundingBox()));loadedBoxes.forEach((box,index)=>expect(box).toEqual(fieldBoxes[index]));
         |                                                                                                                                                                      ^
      23 | });
      24 | test('edit user failure clears value placeholders and retries accounts',async({page})=>{
      25 |  const release=await accounts(page,false);release.fail();await page.goto('/admin/users/parent/1/edit');await expect(page.getByRole('heading',{name:'Edit User Record',exact:true})).toBeVisible();
        at forEach (C:\Users\Mavys\Downloads\QED_System\QED_front_end\tests\user-form-loading.spec.ts:22:166)
        at C:\Users\Mavys\Downloads\QED_System\QED_front_end\tests\user-form-loading.spec.ts:22:133

    Error Context: test-results\user-form-loading-edit-use-821dc-al-form-labels-and-controls\error-context.md

  2) tests\user-form-loading.spec.ts:10:62 › edit user 1280 light keeps real form labels and controls 

    Error: expect(received).toEqual(expected) // deep equality

    Expected: {"height": 40, "width": 328, "x": 658, "y": 603.390625}
    Received: null

      20 |  release();await expect(page.locator('.sk-region[aria-busy="true"]')).toHaveCount(0);await expect(page.getByRole('region',{name:'User account form'}).locator('input').filter({hasNot:page.locator('[type="hidden"]')}).first()).toHaveValue('Cruz');
      21 |  await expect(page.getByRole('button',{name:'Save Changes',exact:true})).toBeEnabled();await page.screenshot({path:prefix+'-loaded.png',fullPage:true});
    > 22 |  await verify();const loadedBoxes=await Promise.all(fieldSelectors.map(selector=>page.locator(selector).boundingBox()));loadedBoxes.forEach((box,index)=>expect(box).toEqual(fieldBoxes[index]));
         |                                                                                                                                                                      ^
      23 | });
      24 | test('edit user failure clears value placeholders and retries accounts',async({page})=>{
      25 |  const release=await accounts(page,false);release.fail();await page.goto('/admin/users/parent/1/edit');await expect(page.getByRole('heading',{name:'Edit User Record',exact:true})).toBeVisible();
        at forEach (C:\Users\Mavys\Downloads\QED_System\QED_front_end\tests\user-form-loading.spec.ts:22:166)
        at C:\Users\Mavys\Downloads\QED_System\QED_front_end\tests\user-form-loading.spec.ts:22:133

    Error Context: test-results\user-form-loading-edit-use-bad0f-al-form-labels-and-controls\error-context.md

  3) tests\user-form-loading.spec.ts:10:62 › edit user 1280 dark keeps real form labels and controls 

    Error: expect(received).toEqual(expected) // deep equality

    Expected: {"height": 40, "width": 376, "x": 314, "y": 275.390625}
    Received: null

      20 |  release();await expect(page.locator('.sk-region[aria-busy="true"]')).toHaveCount(0);await expect(page.getByRole('region',{name:'User account form'}).locator('input').filter({hasNot:page.locator('[type="hidden"]')}).first()).toHaveValue('Cruz');
      21 |  await expect(page.getByRole('button',{name:'Save Changes',exact:true})).toBeEnabled();await page.screenshot({path:prefix+'-loaded.png',fullPage:true});
    > 22 |  await verify();const loadedBoxes=await Promise.all(fieldSelectors.map(selector=>page.locator(selector).boundingBox()));loadedBoxes.forEach((box,index)=>expect(box).toEqual(fieldBoxes[index]));
         |                                                                                                                                                                      ^
      23 | });
      24 | test('edit user failure clears value placeholders and retries accounts',async({page})=>{
      25 |  const release=await accounts(page,false);release.fail();await page.goto('/admin/users/parent/1/edit');await expect(page.getByRole('heading',{name:'Edit User Record',exact:true})).toBeVisible();
        at forEach (C:\Users\Mavys\Downloads\QED_System\QED_front_end\tests\user-form-loading.spec.ts:22:166)
        at C:\Users\Mavys\Downloads\QED_System\QED_front_end\tests\user-form-loading.spec.ts:22:133

    Error Context: test-results\user-form-loading-edit-use-7960e-al-form-labels-and-controls\error-context.md

  3 failed
    tests\user-form-loading.spec.ts:10:62 › edit user 375 light keeps real form labels and controls 
    tests\user-form-loading.spec.ts:10:62 › edit user 1280 light keeps real form labels and controls 
    tests\user-form-loading.spec.ts:10:62 › edit user 1280 dark keeps real form labels and controls 
  31 passed (1.2m)
