
[WebServer] (node:24844) Warning: The 'NO_COLOR' env is ignored due to the 'FORCE_COLOR' env being set.
[WebServer] (Use `node --trace-warnings ...` to show where the warning was created)
[WebServer] (node:38484) Warning: The 'NO_COLOR' env is ignored due to the 'FORCE_COLOR' env being set.
[WebServer] (Use `node --trace-warnings ...` to show where the warning was created)


Running 34 tests using 1 worker

(node:7344) Warning: The 'NO_COLOR' env is ignored due to the 'FORCE_COLOR' env being set.

(Use `node --trace-warnings ...` to show where the warning was created)

[1/34] tests\admin-loading.spec.ts:39:196 › /admin 375px light: real shell and loading composition
[2/34] tests\admin-loading.spec.ts:39:196 › /admin 375px dark: real shell and loading composition
[3/34] tests\admin-loading.spec.ts:39:196 › /admin 1280px light: real shell and loading composition
[4/34] tests\admin-loading.spec.ts:39:196 › /admin 1280px dark: real shell and loading composition
[5/34] tests\admin-loading.spec.ts:39:196 › /admin/classes 375px light: real shell and loading composition
[6/34] tests\admin-loading.spec.ts:39:196 › /admin/classes 375px dark: real shell and loading composition
[7/34] tests\admin-loading.spec.ts:39:196 › /admin/classes 1280px light: real shell and loading composition
[8/34] tests\admin-loading.spec.ts:39:196 › /admin/classes 1280px dark: real shell and loading composition
[9/34] tests\admin-loading.spec.ts:39:196 › /admin/users 375px light: real shell and loading composition
[10/34] tests\admin-loading.spec.ts:39:196 › /admin/users 375px dark: real shell and loading composition
[11/34] tests\admin-loading.spec.ts:39:196 › /admin/users 1280px light: real shell and loading composition
[12/34] tests\admin-loading.spec.ts:39:196 › /admin/users 1280px dark: real shell and loading composition
[13/34] tests\admin-loading.spec.ts:39:196 › /admin/students 375px light: real shell and loading composition
[14/34] tests\admin-loading.spec.ts:39:196 › /admin/students 375px dark: real shell and loading composition
[15/34] tests\admin-loading.spec.ts:39:196 › /admin/students 1280px light: real shell and loading composition
[16/34] tests\admin-loading.spec.ts:39:196 › /admin/students 1280px dark: real shell and loading composition
[17/34] tests\admin-loading.spec.ts:39:196 › /admin/academic-year 375px light: real shell and loading composition
[18/34] tests\admin-loading.spec.ts:39:196 › /admin/academic-year 375px dark: real shell and loading composition
[19/34] tests\admin-loading.spec.ts:39:196 › /admin/academic-year 1280px light: real shell and loading composition
[20/34] tests\admin-loading.spec.ts:39:196 › /admin/academic-year 1280px dark: real shell and loading composition
[21/34] tests\admin-loading.spec.ts:39:196 › /admin/subjects 375px light: real shell and loading composition
[22/34] tests\admin-loading.spec.ts:39:196 › /admin/subjects 375px dark: real shell and loading composition
[23/34] tests\admin-loading.spec.ts:39:196 › /admin/subjects 1280px light: real shell and loading composition
[24/34] tests\admin-loading.spec.ts:39:196 › /admin/subjects 1280px dark: real shell and loading composition
[25/34] tests\admin-loading.spec.ts:60:48 › users directory AUTO-COLUMN classification is supported by measured fixtures
[26/34] tests\admin-loading.spec.ts:60:48 › students directory AUTO-COLUMN classification is supported by measured fixtures
[27/34] tests\admin-loading.spec.ts:74:2 › academic term auto-column classification requires observed variation
[28/34] tests\bootstrap-loading.spec.ts:31:1 › bootstrap 60ms never shows the brand loader or status
[29/34] tests\bootstrap-loading.spec.ts:38:1 › revealed bootstrap animates only the real logo opacity, never rotation
[30/34] tests\bootstrap-loading.spec.ts:49:1 › bootstrap reduced motion has no running animation
[31/34] tests\bootstrap-loading.spec.ts:60:1 › bootstrap busy and status follow reveal, minimum duration, and DOM cleanup
[32/34] tests\bootstrap-loading.spec.ts:76:1 › protected components and page requests never render before auth resolves
[33/34] tests\bootstrap-loading.spec.ts:84:34 › lazy route 375: registered composition inside real shell with stable surroundings
[34/34] tests\bootstrap-loading.spec.ts:84:34 › lazy route 1280: registered composition inside real shell with stable surroundings
  34 passed (1.4m)
