[WebServer] (node:39836) Warning: The 'NO_COLOR' env is ignored due to the 'FORCE_COLOR' env being set.
[WebServer] (Use `node --trace-warnings ...` to show where the warning was created)
[WebServer] (node:31268) Warning: The 'NO_COLOR' env is ignored due to the 'FORCE_COLOR' env being set.
[WebServer] (Use `node --trace-warnings ...` to show where the warning was created)

Running 33 tests using 1 worker

(node:13824) Warning: The 'NO_COLOR' env is ignored due to the 'FORCE_COLOR' env being set.
(Use `node --trace-warnings ...` to show where the warning was created)
  ok  1 tests\teacher-subject-loading.spec.ts:23:66 › teacher subject 375 light keeps real score sheet and controls (5.5s)
  ok  2 tests\teacher-subject-loading.spec.ts:23:66 › teacher subject 375 dark keeps real score sheet and controls (1.8s)
  ok  3 tests\teacher-subject-loading.spec.ts:23:66 › teacher subject 1280 light keeps real score sheet and controls (2.0s)
  ok  4 tests\teacher-subject-loading.spec.ts:23:66 › teacher subject 1280 dark keeps real score sheet and controls (2.0s)
  ok  5 tests\teacher-subject-loading.spec.ts:40:30 › teacher subject 0 students keeps original empty and full rosters (1.6s)
  ok  6 tests\teacher-subject-loading.spec.ts:40:30 › teacher subject 1 students keeps original empty and full rosters (1.5s)
  ok  7 tests\teacher-subject-loading.spec.ts:40:30 › teacher subject 9 students keeps original empty and full rosters (2.1s)
[WebServer] 9:18:12 AM [vite] (client) [console.error] Failed to load subject info: Error: Class unavailable
[WebServer]     at handleJsonResponse (http://127.0.0.1:5187/src/features/profiles/teacher/pages/subjects/services/subjectGrading.service.ts:12:9)
[WebServer]     at async fetchSubjectSectionInfo (http://127.0.0.1:5187/src/features/profiles/teacher/pages/subjects/services/subjectGrading.service.ts:39:15)
[WebServer]     at async Promise.allSettled (index 0)
[WebServer]     at async loadAll (http://127.0.0.1:5187/src/features/profiles/teacher/pages/subjects/detail/SubjectDetailPage.tsx:221:82)
  ok  8 tests\teacher-subject-loading.spec.ts:49:1 › teacher subject record failure clears placeholders and retries its real requests (1.3s)
  ok  9 tests\teacher-subject-loading.spec.ts:57:66 › teacher holistic 375 light keeps actual rating controls and domain headers (2.3s)
  ok 10 tests\teacher-subject-loading.spec.ts:57:66 › teacher holistic 375 dark keeps actual rating controls and domain headers (1.9s)
  ok 11 tests\teacher-subject-loading.spec.ts:57:66 › teacher holistic 1280 light keeps actual rating controls and domain headers (2.5s)
  ok 12 tests\teacher-subject-loading.spec.ts:57:66 › teacher holistic 1280 dark keeps actual rating controls and domain headers (2.5s)
  ok 13 tests\teacher-subject-loading.spec.ts:71:1 › teacher grading tables are auto-column only because native widths vary with returned names (1.6s)
  ok 14 tests\teacher-subject-loading.spec.ts:85:1 › teacher score saving retains the existing request payload and working-item handoff (1.2s)
  ok 15 tests\teacher-subject-loading.spec.ts:93:34 › teacher score sheet light placeholders stay visible on header and row surfaces (3.1s)
  ok 16 tests\teacher-subject-loading.spec.ts:93:34 › teacher score sheet dark placeholders stay visible on header and row surfaces (2.9s)
  ok 17 tests\teacher-subject-loading.spec.ts:103:1 › teacher working table reuses measured pending column widths on repeat load (3.2s)
  ok 18 tests\user-form-loading.spec.ts:10:62 › edit user 375 light keeps real form labels and controls (1.7s)
  ok 19 tests\user-form-loading.spec.ts:10:62 › edit user 375 dark keeps real form labels and controls (1.7s)
  ok 20 tests\user-form-loading.spec.ts:10:62 › edit user 1280 light keeps real form labels and controls (2.1s)
  ok 21 tests\user-form-loading.spec.ts:10:62 › edit user 1280 dark keeps real form labels and controls (2.1s)
  ok 22 tests\user-form-loading.spec.ts:24:1 › edit user failure clears value placeholders and retries accounts (729ms)
  ok 23 tests\user-form-loading.spec.ts:29:1 › edit user not found waits for the accounts result (639ms)
  ok 24 tests\user-form-loading.spec.ts:33:62 › new user 375 light renders known fields and workflow immediately (797ms)
  ok 25 tests\user-form-loading.spec.ts:33:62 › new user 375 dark renders known fields and workflow immediately (768ms)
  ok 26 tests\user-form-loading.spec.ts:33:62 › new user 1280 light renders known fields and workflow immediately (875ms)
  ok 27 tests\user-form-loading.spec.ts:33:62 › new user 1280 dark renders known fields and workflow immediately (842ms)
  ok 28 tests\user-form-loading.spec.ts:40:1 › editing a loaded user preserves the existing endpoint and payload (767ms)
  ok 29 tests\user-form-loading.spec.ts:47:1 › new principal optional conflict reserves wrapping text then shrinks once without resetting input (1.7s)
  ok 30 tests\user-form-loading.spec.ts:52:32 › principal conflict light reserves visible paragraph bars on warning surface (1.4s)
  ok 31 tests\user-form-loading.spec.ts:52:32 › principal conflict dark reserves visible paragraph bars on warning surface (1.5s)
  ok 32 tests\user-form-loading.spec.ts:58:32 › edit user light values contrast against actual input surface (1.7s)
  ok 33 tests\user-form-loading.spec.ts:58:32 › edit user dark values contrast against actual input surface (1.8s)

  33 passed (1.1m)
