[WebServer] (node:32120) Warning: The 'NO_COLOR' env is ignored due to the 'FORCE_COLOR' env being set.
[WebServer] (Use `node --trace-warnings ...` to show where the warning was created)

[WebServer] (node:19764) Warning: The 'NO_COLOR' env is ignored due to the 'FORCE_COLOR' env being set.
[WebServer] (Use `node --trace-warnings ...` to show where the warning was created)


Running 1 test using 1 worker

(node:25032) Warning: The 'NO_COLOR' env is ignored due to the 'FORCE_COLOR' env being set.
(Use `node --trace-warnings ...` to show where the warning was created)


[1/1] tests\design-contract.spec.ts:47:1 › negative control: a hard shimmer edge is caught independently of visible area
  1) tests\design-contract.spec.ts:47:1 › negative control: a hard shimmer edge is caught independently of visible area 

    Error: expect(received).toContain(expected) // indexOf

    Expected substring: "hard interior sweep edge"
    Received string:    ""

      51 |   let failure = "";
      52 |   try { await checkShimmerPixels(shape, "negative-hard-edge"); } catch (error) { failure = String(error); }
    > 53 |   expect(failure).toContain("hard interior sweep edge");
         |                   ^
      54 | });
      55 |
        at C:\Users\Mavys\Downloads\QED_System\QED_front_end\tests\design-contract.spec.ts:53:19

    Error Context: test-results\design-contract-negative-c-3b0fd-dependently-of-visible-area\error-context.md


  1 failed
    tests\design-contract.spec.ts:47:1 › negative control: a hard shimmer edge is caught independently of visible area 
