
[WebServer] (node:33204) Warning: The 'NO_COLOR' env is ignored due to the 'FORCE_COLOR' env being set.
[WebServer] (Use `node --trace-warnings ...` to show where the warning was created)
[WebServer] (node:19380) Warning: The 'NO_COLOR' env is ignored due to the 'FORCE_COLOR' env being set.

[WebServer] (Use `node --trace-warnings ...` to show where the warning was created)

Running 34 tests using 1 worker

(node:37224) Warning: The 'NO_COLOR' env is ignored due to the 'FORCE_COLOR' env being set.
(Use `node --trace-warnings ...` to show where the warning was created)


[1/34] tests\admin-loading.spec.ts:39:196 › /admin 375px light: real shell and loading composition
[2/34] tests\admin-loading.spec.ts:39:196 › /admin 375px dark: real shell and loading composition
[3/34] tests\admin-loading.spec.ts:39:196 › /admin 1280px light: real shell and loading composition
[4/34] tests\admin-loading.spec.ts:39:196 › /admin 1280px dark: real shell and loading composition
[5/34] tests\admin-loading.spec.ts:39:196 › /admin/classes 375px light: real shell and loading composition
  1) tests\admin-loading.spec.ts:39:196 › /admin/classes 375px light: real shell and loading composition 

    Error: expect(locator).toBeVisible() failed

    Locator: locator('main')
    Expected: visible
    Error: strict mode violation: locator('main') resolved to 2 elements:
        1) <main class="flex-1 overflow-y-auto p-4 sm:p-6 relative">…</main> aka getByRole('main')
        2) <main>…</main> aka getByRole('main').locator('main')

    Call log:
      - Expect "toBeVisible" locator('main') with timeout 5000ms
      - waiting for locator('main')


       at fixtures\routeReady.ts:7

       5 | export async function waitForDataRoute(page: Page) {
       6 |   if (!/^\/(admin|principal|teacher|parent)(\/|$)/.test(new URL(page.url()).pathname)) return;
    >  7 |   await expect(page.locator("main")).toBeVisible();
         |                                      ^
       8 |   await expect(page.locator("[data-route-skeleton]")).toHaveCount(0);
       9 | }
      10 |
        at waitForDataRoute (C:\Users\Mavys\Downloads\QED_System\QED_front_end\tests\fixtures\routeReady.ts:7:38)
        at C:\Users\Mavys\Downloads\QED_System\QED_front_end\tests\admin-loading.spec.ts:43:32

    Error Context: test-results\admin-loading--admin-class-25cca-ell-and-loading-composition\error-context.md


(node:8040) Warning: The 'NO_COLOR' env is ignored due to the 'FORCE_COLOR' env being set.

(Use `node --trace-warnings ...` to show where the warning was created)

[6/34] tests\admin-loading.spec.ts:39:196 › /admin/classes 375px dark: real shell and loading composition
  2) tests\admin-loading.spec.ts:39:196 › /admin/classes 375px dark: real shell and loading composition 

    Error: expect(locator).toBeVisible() failed

    Locator: locator('main')
    Expected: visible
    Error: strict mode violation: locator('main') resolved to 2 elements:
        1) <main class="flex-1 overflow-y-auto p-4 sm:p-6 relative">…</main> aka getByRole('main')
        2) <main>…</main> aka getByRole('main').locator('main')

    Call log:
      - Expect "toBeVisible" locator('main') with timeout 5000ms
      - waiting for locator('main')


       at fixtures\routeReady.ts:7

       5 | export async function waitForDataRoute(page: Page) {
       6 |   if (!/^\/(admin|principal|teacher|parent)(\/|$)/.test(new URL(page.url()).pathname)) return;
    >  7 |   await expect(page.locator("main")).toBeVisible();
         |                                      ^
       8 |   await expect(page.locator("[data-route-skeleton]")).toHaveCount(0);
       9 | }
      10 |
        at waitForDataRoute (C:\Users\Mavys\Downloads\QED_System\QED_front_end\tests\fixtures\routeReady.ts:7:38)
        at C:\Users\Mavys\Downloads\QED_System\QED_front_end\tests\admin-loading.spec.ts:43:32

    Error Context: test-results\admin-loading--admin-class-1e261-ell-and-loading-composition\error-context.md



(node:35808) Warning: The 'NO_COLOR' env is ignored due to the 'FORCE_COLOR' env being set.
(Use `node --trace-warnings ...` to show where the warning was created)

[7/34] tests\admin-loading.spec.ts:39:196 › /admin/classes 1280px light: real shell and loading composition
  3) tests\admin-loading.spec.ts:39:196 › /admin/classes 1280px light: real shell and loading composition 

    Error: expect(locator).toBeVisible() failed

    Locator: locator('main')
    Expected: visible
    Error: strict mode violation: locator('main') resolved to 2 elements:
        1) <main class="flex-1 overflow-y-auto p-4 sm:p-6 relative">…</main> aka getByRole('main')
        2) <main>…</main> aka getByRole('main').locator('main')

    Call log:
      - Expect "toBeVisible" locator('main') with timeout 5000ms
      - waiting for locator('main')


       at fixtures\routeReady.ts:7

       5 | export async function waitForDataRoute(page: Page) {
       6 |   if (!/^\/(admin|principal|teacher|parent)(\/|$)/.test(new URL(page.url()).pathname)) return;
    >  7 |   await expect(page.locator("main")).toBeVisible();
         |                                      ^
       8 |   await expect(page.locator("[data-route-skeleton]")).toHaveCount(0);
       9 | }
      10 |
        at waitForDataRoute (C:\Users\Mavys\Downloads\QED_System\QED_front_end\tests\fixtures\routeReady.ts:7:38)
        at C:\Users\Mavys\Downloads\QED_System\QED_front_end\tests\admin-loading.spec.ts:43:32

    Error Context: test-results\admin-loading--admin-class-e5803-ell-and-loading-composition\error-context.md



(node:26780) Warning: The 'NO_COLOR' env is ignored due to the 'FORCE_COLOR' env being set.
(Use `node --trace-warnings ...` to show where the warning was created)

[8/34] tests\admin-loading.spec.ts:39:196 › /admin/classes 1280px dark: real shell and loading composition
  4) tests\admin-loading.spec.ts:39:196 › /admin/classes 1280px dark: real shell and loading composition 

    Error: expect(locator).toBeVisible() failed

    Locator: locator('main')
    Expected: visible
    Error: strict mode violation: locator('main') resolved to 2 elements:
        1) <main class="flex-1 overflow-y-auto p-4 sm:p-6 relative">…</main> aka getByRole('main')
        2) <main>…</main> aka getByRole('main').locator('main')

    Call log:
      - Expect "toBeVisible" locator('main') with timeout 5000ms
      - waiting for locator('main')


       at fixtures\routeReady.ts:7

       5 | export async function waitForDataRoute(page: Page) {
       6 |   if (!/^\/(admin|principal|teacher|parent)(\/|$)/.test(new URL(page.url()).pathname)) return;
    >  7 |   await expect(page.locator("main")).toBeVisible();
         |                                      ^
       8 |   await expect(page.locator("[data-route-skeleton]")).toHaveCount(0);
       9 | }
      10 |
        at waitForDataRoute (C:\Users\Mavys\Downloads\QED_System\QED_front_end\tests\fixtures\routeReady.ts:7:38)
        at C:\Users\Mavys\Downloads\QED_System\QED_front_end\tests\admin-loading.spec.ts:43:32

    Error Context: test-results\admin-loading--admin-class-89e89-ell-and-loading-composition\error-context.md



(node:6868) Warning: The 'NO_COLOR' env is ignored due to the 'FORCE_COLOR' env being set.
(Use `node --trace-warnings ...` to show where the warning was created)

[9/34] tests\admin-loading.spec.ts:39:196 › /admin/users 375px light: real shell and loading composition
[10/34] tests\admin-loading.spec.ts:39:196 › /admin/users 375px dark: real shell and loading composition
[11/34] tests\admin-loading.spec.ts:39:196 › /admin/users 1280px light: real shell and loading composition
[12/34] tests\admin-loading.spec.ts:39:196 › /admin/users 1280px dark: real shell and loading composition
[13/34] tests\admin-loading.spec.ts:39:196 › /admin/students 375px light: real shell and loading composition
[14/34] tests\admin-loading.spec.ts:39:196 › /admin/students 375px dark: real shell and loading composition
[15/34] tests\admin-loading.spec.ts:39:196 › /admin/students 1280px light: real shell and loading composition
