
> qed@0.0.0 build
> tsc -b && vite build

vite v8.0.16 building client environment for production...
[2K
transforming...✓ 2906 modules transformed.
rendering chunks...
computing gzip size...
dist/index.html                                             1.20 kB │ gzip:   0.55 kB
dist/assets/teacher_man-D2IHo3qb.jpg                       39.79 kB
dist/assets/teacher_women-BtNb_XgO.jpg                     47.66 kB
dist/assets/pet-idle-LUrSbWCu.png                          57.30 kB
dist/assets/pet-happy-jsx4FRO3.png                         61.32 kB
dist/assets/pet-hungry-DCzrhxZH.png                        62.34 kB
dist/assets/EUC-BZZDGRxc.webp                              62.85 kB
dist/assets/student_girl-Bxex1pWD.jpg                      69.67 kB
dist/assets/student_boy-D_Ov4XJ-.jpg                       70.67 kB
dist/assets/admin_hat-B0JzeJgD.png                        144.10 kB
dist/assets/QED_Logo-qUfJaevn.png                         201.89 kB
dist/assets/male-white-shirt-DQVcP321.png                 345.70 kB
dist/assets/female-pink-hair-CLXdWWEL.png                 347.74 kB
dist/assets/male-beard-BSZX62A5.png                       356.81 kB
dist/assets/male-tie-6mSAnyx6.png                         357.41 kB
dist/assets/female-braid-DDG4kGY3.png                     362.03 kB
dist/assets/female-brown-hair-Sgn4xrSN.png                363.74 kB
dist/assets/DepEd-unJspnWB.png                            516.11 kB
dist/assets/LoadingRegion-Bij4xGTN.css                      2.16 kB │ gzip:   0.79 kB
dist/assets/index-BFqJ4Fmj.css                            186.47 kB │ gzip:  29.88 kB
dist/assets/api.config-qjE84KfK.js                          0.05 kB │ gzip:   0.07 kB
dist/assets/Teacher-x3HOHZiH.js                             0.06 kB │ gzip:   0.07 kB
dist/assets/pet-happy-D-LiRsew.js                           0.09 kB │ gzip:   0.09 kB
dist/assets/minus-D_ymbmRH.js                               0.11 kB │ gzip:   0.13 kB
dist/assets/loader-circle-DonGGncZ.js                       0.14 kB │ gzip:   0.15 kB
dist/assets/plus-DTrOneuA.js                                0.15 kB │ gzip:   0.15 kB
dist/assets/arrow-left-BGhbzA9D.js                          0.16 kB │ gzip:   0.16 kB
dist/assets/arrow-right-BztdO1wL.js                         0.16 kB │ gzip:   0.16 kB
dist/assets/arrow-up-right-CwpWpqh0.js                      0.16 kB │ gzip:   0.16 kB
dist/assets/clock-3-BaYekeRc.js                             0.16 kB │ gzip:   0.16 kB
dist/assets/clock-B1Z-IoPh.js                               0.16 kB │ gzip:   0.16 kB
dist/assets/search-DfM1S7fb.js                              0.17 kB │ gzip:   0.17 kB
dist/assets/trending-up-DW6g4-1K.js                         0.17 kB │ gzip:   0.17 kB
dist/assets/trending-down-BW_1Tugd.js                       0.17 kB │ gzip:   0.17 kB
dist/assets/circle-check-big-Bz03atuC.js                    0.19 kB │ gzip:   0.18 kB
dist/assets/lock-CYtO-D6s.js                                0.20 kB │ gzip:   0.19 kB
dist/assets/Students-DjDH3iB3.js                            0.21 kB │ gzip:   0.15 kB
dist/assets/download-BFmDxawk.js                            0.23 kB │ gzip:   0.19 kB
dist/assets/activity-DigD1aRN.js                            0.23 kB │ gzip:   0.20 kB
dist/assets/ellipsis-vertical-BHLyzVGR.js                   0.23 kB │ gzip:   0.17 kB
dist/assets/maximize-2-CEK_LN5a.js                          0.23 kB │ gzip:   0.18 kB
dist/assets/compass-u7_rxhR_.js                             0.25 kB │ gzip:   0.20 kB
dist/assets/users-round-iB4plXDn.js                         0.25 kB │ gzip:   0.21 kB
dist/assets/zap-D8ZA1isf.js                                 0.26 kB │ gzip:   0.20 kB
dist/assets/triangle-alert-Cu4ZuNtE.js                      0.26 kB │ gzip:   0.21 kB
dist/assets/typeof-B5XbjTb1.js                              0.27 kB │ gzip:   0.16 kB
dist/assets/list-checks-D5xBTH3v.js                         0.27 kB │ gzip:   0.18 kB
dist/assets/types-C7Tfi_0a.js                               0.28 kB │ gzip:   0.16 kB
dist/assets/user-B-u-P_JN.js                                0.28 kB │ gzip:   0.22 kB
dist/assets/lightbulb-C6xZtyqf.js                           0.28 kB │ gzip:   0.22 kB
dist/assets/send-MsDJkx4V.js                                0.29 kB │ gzip:   0.23 kB
dist/assets/Class-ByaEhWw5.js                               0.31 kB │ gzip:   0.23 kB
dist/assets/save-W092BX0D.js                                0.32 kB │ gzip:   0.23 kB
dist/assets/trash-2-BK4zjRMi.js                             0.32 kB │ gzip:   0.21 kB
dist/assets/layout-grid-DWzhfF8Q.js                         0.34 kB │ gzip:   0.19 kB
dist/assets/crown-wsJy1aKH.js                               0.36 kB │ gzip:   0.25 kB
dist/assets/file-chart-column-increasing-ayhjSayt.js        0.40 kB │ gzip:   0.26 kB
dist/assets/trophy-DLUE2ndh.js                              0.47 kB │ gzip:   0.27 kB
dist/assets/SubjectSection-D3qfU-JK.js                      0.48 kB │ gzip:   0.28 kB
dist/assets/sparkles-wmGsu8KJ.js                            0.49 kB │ gzip:   0.28 kB
dist/assets/upload-BBkTSLsH.js                              0.60 kB │ gzip:   0.33 kB
dist/assets/grade-section.service-5nBrQcSV.js               0.61 kB │ gzip:   0.33 kB
dist/assets/party-popper-DhHSvsEW.js                        0.73 kB │ gzip:   0.41 kB
dist/assets/ConfirmDeleteUserModal-adX8fpk5.js              0.74 kB │ gzip:   0.49 kB
dist/assets/SkeletonParagraph-D_WKYdp4.js                   0.75 kB │ gzip:   0.50 kB
dist/assets/heart-BtCLfK82.js                               0.78 kB │ gzip:   0.40 kB
dist/assets/teachers.service-vXIDzqX-.js                    0.82 kB │ gzip:   0.45 kB
dist/assets/gradeLevelsContext-Bv48suKi.js                  0.87 kB │ gzip:   0.53 kB
dist/assets/holistic.service-zOo9fL3s.js                    1.01 kB │ gzip:   0.53 kB
dist/assets/chunk-aKtaBQYM.js                               1.08 kB │ gzip:   0.62 kB
dist/assets/StudentAvatar-DhplJmLB.js                       1.10 kB │ gzip:   0.69 kB
dist/assets/preload-helper-zJ_50EbN.js                      1.19 kB │ gzip:   0.68 kB
dist/assets/subjectGradeTemplate.service-73AD7h0c.js        1.19 kB │ gzip:   0.69 kB
dist/assets/academicyear.service-CshyqqlM.js                1.21 kB │ gzip:   0.46 kB
dist/assets/adminFeedbackModal-BLanQFRg.js                  1.25 kB │ gzip:   0.74 kB
dist/assets/Grading-BxF5tKfg.js                             1.27 kB │ gzip:   0.63 kB
dist/assets/students.service-Cbil_lyp.js                    1.28 kB │ gzip:   0.51 kB
dist/assets/createLucideIcon-CIAWPsg3.js                    1.41 kB │ gzip:   0.79 kB
dist/assets/LoadingFormValue-CEfhw6KG.js                    1.64 kB │ gzip:   0.96 kB
dist/assets/LoadingTable-DX4mV3io.js                        1.68 kB │ gzip:   0.95 kB
dist/assets/WorkflowStepper-eepuPv7w.js                     1.79 kB │ gzip:   0.86 kB
dist/assets/calendar.service-B9jfnidb.js                    1.99 kB │ gzip:   0.64 kB
dist/assets/subjectGrading.service-B8KnN8HV.js              2.09 kB │ gzip:   0.84 kB
dist/assets/GradeLevelFilterDropdown-Ll2bx-mg.js            2.39 kB │ gzip:   1.17 kB
dist/assets/CalendarPageView-D1XXASSv.js                    2.65 kB │ gzip:   1.05 kB
dist/assets/gradebooks.service-iPFFbSBM.js                  2.81 kB │ gzip:   1.11 kB
dist/assets/Studentsfilterbar-BLK2smVl.js                   2.88 kB │ gzip:   1.43 kB
dist/assets/StudentDirectory-CrxgIM3J.js                    3.19 kB │ gzip:   1.54 kB
dist/assets/ConfirmationModal-CJRC27g6.js                   3.28 kB │ gzip:   1.65 kB
dist/assets/SectionsContext-PbfhdxiU.js                     3.48 kB │ gzip:   1.24 kB
dist/assets/AdvisorySectionTabs-DxInDzrs.js                 3.58 kB │ gzip:   1.87 kB
dist/assets/AdminSubjectDetailPage-DHz24Vb3.js              3.59 kB │ gzip:   1.82 kB
dist/assets/StudentDirectoryTable-BH0pGc59.js               4.00 kB │ gzip:   1.54 kB
dist/assets/ReportMetricCards-CtyF4Dwb.js                   4.44 kB │ gzip:   1.79 kB
dist/assets/SubjectAssignmentCard-D2RIwezW.js               4.84 kB │ gzip:   2.21 kB
dist/assets/QuestWorldBackground-Dpmnkmwo.js                5.36 kB │ gzip:   2.36 kB
dist/assets/ProfileOverviewCard-UHLWp1f_.js                 5.48 kB │ gzip:   2.42 kB
dist/assets/SubjectGradeTemplateSection-CFrrGKuI.js         6.17 kB │ gzip:   2.15 kB
dist/assets/ClassListPage-BRJHSW9b.js                       6.49 kB │ gzip:   2.93 kB
dist/assets/SubjectSectionsContext-CEl4GjE2.js              6.53 kB │ gzip:   2.12 kB
dist/assets/EnrolledChildrenPage-BosC0dNx.js                7.11 kB │ gzip:   3.14 kB
dist/assets/UserViewPage-DDebg820.js                        7.53 kB │ gzip:   2.82 kB
dist/assets/TopicSupportChoice-KN5EKO0i.js                  7.86 kB │ gzip:   3.51 kB
dist/assets/PrincipalGradebooksPage-CrqDZabf.js             8.79 kB │ gzip:   3.47 kB
dist/assets/SubjectPage-M_wnLtpq.js                         9.03 kB │ gzip:   3.41 kB
dist/assets/HelpSupportPage-CdlGPLgf.js                     9.56 kB │ gzip:   3.81 kB
dist/assets/AdvisoryRosterPage-BXOQlC9p.js                  9.72 kB │ gzip:   3.93 kB
dist/assets/LoadingRegion-eIfSwtLy.js                       9.73 kB │ gzip:   4.15 kB
dist/assets/SubjectClassListPage-Dd3_gT_5.js                9.75 kB │ gzip:   3.64 kB
dist/assets/ClassViewPage-B_yxL41x.js                      12.00 kB │ gzip:   4.50 kB
dist/assets/DashboardUI-BZRXQuBs.js                        12.05 kB │ gzip:   4.50 kB
dist/assets/PrincipalTeachersPage-Bq_kP6LT.js              12.35 kB │ gzip:   4.93 kB
dist/assets/StudentFormPage-0PwN5bmt.js                    13.53 kB │ gzip:   4.08 kB
dist/assets/CalendarPage-ZG-ugeMZ.js                       13.86 kB │ gzip:   4.33 kB
dist/assets/PrincipalStudentsPage-sT59rL1u.js              14.32 kB │ gzip:   5.81 kB
dist/assets/AddSubjectPage-D80I_FMb.js                     14.56 kB │ gzip:   4.91 kB
dist/assets/UserFormPage-X-AG-w2a.js                       14.61 kB │ gzip:   5.09 kB
dist/assets/CoursewareView-DWgEIYbe.js                     14.72 kB │ gzip:   5.09 kB
dist/assets/HolisticPerformanceAnalyticsPage-DLJRzc3p.js   15.85 kB │ gzip:   6.69 kB
dist/assets/TeacherAttendancePage-DNAOo72h.js              16.30 kB │ gzip:   6.34 kB
dist/assets/TeacherSchedulePage-CLV65j2o.js                16.39 kB │ gzip:   5.67 kB
dist/assets/ClassPage-maaZ6bd8.js                          16.78 kB │ gzip:   6.86 kB
dist/assets/LineChart-Cp1tCYFT.js                          16.84 kB │ gzip:   5.38 kB
dist/assets/HolisticOverviewPage-Keg9acvK.js               17.08 kB │ gzip:   6.56 kB
dist/assets/UserManagementPage-CQObd3eR.js                 18.08 kB │ gzip:   6.33 kB
dist/assets/StudentHolisticProfilePage-Dkqd-00c.js         18.63 kB │ gzip:   6.34 kB
dist/assets/ClassFormPage-2X899z6w.js                      19.00 kB │ gzip:   6.06 kB
dist/assets/ExpandedListModal-UwxnJ3Cb.js                  19.15 kB │ gzip:   5.65 kB
dist/assets/BarChart-D2nYyoaw.js                           20.56 kB │ gzip:   6.88 kB
dist/assets/PrincipalGradeSheetPage-C0hA0z9Y.js            21.68 kB │ gzip:   7.74 kB
dist/assets/AcademicYearPage-Bh8G4sYv.js                   21.84 kB │ gzip:   7.24 kB
dist/assets/LoginPanel-B8vapJOT.js                         22.07 kB │ gzip:   4.41 kB
dist/assets/AdminDashboardHome-DAtReU2d.js                 24.97 kB │ gzip:   9.04 kB
dist/assets/AnalyticsPage-7I1DRl1J.js                      26.10 kB │ gzip:   8.51 kB
dist/assets/StudentRecordsPage-C2C-35cN.js                 26.93 kB │ gzip:   9.67 kB
dist/assets/purify.es-Bs0Imjnk.js                          27.11 kB │ gzip:  10.53 kB
dist/assets/SkeletonLoading-CBhBukS6.js                    28.93 kB │ gzip:   9.41 kB
dist/assets/HolisticDomainTrendsPage-Qvxc0ZHu.js           29.42 kB │ gzip:  10.55 kB
dist/assets/GradePage-NIyTEPRr.js                          32.72 kB │ gzip:   9.11 kB
dist/assets/PrincipalChartLoading-CBShywNu.js              33.03 kB │ gzip:   8.95 kB
dist/assets/StudentDetailPage-DdfgOxQn.js                  38.06 kB │ gzip:  12.52 kB
dist/assets/TeacherDashboardHome-DQwop2kx.js               38.38 kB │ gzip:  12.79 kB
dist/assets/TeacherAttendanceRecordsPage-YKM1ZhCP.js       42.40 kB │ gzip:  14.12 kB
dist/assets/SubjectDetailPage-DihoYMM_.js                  43.61 kB │ gzip:  13.96 kB
dist/assets/LandingPage-JeAOVJPl.js                        46.09 kB │ gzip:  12.06 kB
dist/assets/ManageSubjectsPage-BGcoPzMS.js                 47.74 kB │ gzip:  16.30 kB
dist/assets/PrincipalDashboardHome-Bt9HUfWZ.js             48.52 kB │ gzip:  15.18 kB
dist/assets/jsx-runtime-uE2Sdmjl.js                        49.08 kB │ gzip:  17.33 kB
dist/assets/SubjectRecordsPage-C7ZXGEoK.js                 54.50 kB │ gzip:  16.62 kB
dist/assets/ParentDashboardHome-B-XqqfH6.js                55.19 kB │ gzip:  16.62 kB
dist/assets/PetQuizPage-Y-6-FPA2.js                        94.72 kB │ gzip:  27.74 kB
dist/assets/ChildDetailPage-DcWuIX-e.js                   128.02 kB │ gzip:  39.67 kB
dist/assets/index.es-CVWlLToJ.js                          151.53 kB │ gzip:  48.92 kB
dist/assets/html2canvas-B1hV9e2W.js                       199.56 kB │ gzip:  46.78 kB
dist/assets/gradeTemplateParser.service-vLbzbdwT.js       337.60 kB │ gzip: 115.18 kB
dist/assets/CartesianChart-BZ7xjQ-a.js                    339.55 kB │ gzip:  99.48 kB
dist/assets/jspdf.es.min-z7X-bT7R.js                      399.67 kB │ gzip: 129.76 kB
dist/assets/index-BpiJZg7I.js                             407.95 kB │ gzip: 121.78 kB
dist/assets/exceljs.min-BEz_Ja81.js                       929.91 kB │ gzip: 256.47 kB

[PLUGIN_TIMINGS] Your build spent significant time in plugins. Here is a breakdown:
  - @rolldown/plugin-babel (89%)
  - vite:asset (8%)
See https://rolldown.rs/options/checks#plugintimings for more details.

✓ built in 15.82s
