[WebServer] (node:7308) Warning: The 'NO_COLOR' env is ignored due to the 'FORCE_COLOR' env being set.
[WebServer] (Use `node --trace-warnings ...` to show where the warning was created)
[WebServer] (node:20612) Warning: The 'NO_COLOR' env is ignored due to the 'FORCE_COLOR' env being set.
[WebServer] (Use `node --trace-warnings ...` to show where the warning was created)

Running 15 tests using 1 worker

(node:31748) Warning: The 'NO_COLOR' env is ignored due to the 'FORCE_COLOR' env being set.
(Use `node --trace-warnings ...` to show where the warning was created)
  ok  1 tests\principal-grade-sheet-loading.spec.ts:13:62 › grade sheet 375 light keeps known controls and headers real (6.8s)
  ok  2 tests\principal-grade-sheet-loading.spec.ts:13:62 › grade sheet 375 dark keeps known controls and headers real (2.2s)
  ok  3 tests\principal-grade-sheet-loading.spec.ts:13:62 › grade sheet 1280 light keeps known controls and headers real (2.7s)
  ok  4 tests\principal-grade-sheet-loading.spec.ts:13:62 › grade sheet 1280 dark keeps known controls and headers real (2.7s)
  ok  5 tests\principal-grade-sheet-loading.spec.ts:17:28 › grade sheet preserves 0 actual student rows (733ms)
  ok  6 tests\principal-grade-sheet-loading.spec.ts:17:28 › grade sheet preserves 1 actual student rows (694ms)
  ok  7 tests\principal-grade-sheet-loading.spec.ts:17:28 › grade sheet preserves 9 actual student rows (705ms)
  ok  8 tests\principal-grade-sheet-loading.spec.ts:18:44 › grade sheet retries period errors (1.3s)
  ok  9 tests\principal-grade-sheet-loading.spec.ts:18:44 › grade sheet retries book errors (1.3s)
  ok 10 tests\principal-grade-sheet-loading.spec.ts:18:44 › grade sheet retries year errors (1.3s)
  ok 11 tests\principal-grade-sheet-loading.spec.ts:19:1 › default term lookup keeps the grade sheet shell visible and then selects the server default (767ms)
  ok 12 tests\principal-grade-sheet-loading.spec.ts:20:1 › unsubmitted term keeps the original unavailable modal and selected term (1.2s)
  x  13 tests\principal-grade-sheet-loading.spec.ts:21:1 › grade sheet native columns vary with actual returned content (588ms)
(node:19944) Warning: The 'NO_COLOR' env is ignored due to the 'FORCE_COLOR' env being set.
(Use `node --trace-warnings ...` to show where the warning was created)
  ok 14 tests\principal-grade-sheet-loading.spec.ts:22:32 › grade sheet light actual table surface pixels (1.8s)
  ok 15 tests\principal-grade-sheet-loading.spec.ts:22:32 › grade sheet dark actual table surface pixels (1.7s)


  1) tests\principal-grade-sheet-loading.spec.ts:21:1 › grade sheet native columns vary with actual returned content 

    Error: expect(received).toBe(expected) // Object.is equality

    Expected: true
    Received: false

      19 | test('default term lookup keeps the grade sheet shell visible and then selects the server default',async({page})=>{const release=await fixture(page,false);await page.goto(url.replace('&gradingPeriodId=1',''));await expect(page.getByRole('heading',{name:'Grade Sheet',exact:true})).toBeVisible();await expect(page.getByPlaceholder('Search student name or ID...')).toBeVisible();release();await expect(page.getByRole('combobox',{name:'Select grading term',exact:true})).toHaveValue('1');await expect(page.locator('[data-sk-region="grade-sheet-student-row"]')).toHaveCount(3);});
      20 | test('unsubmitted term keeps the original unavailable modal and selected term',async({page})=>{const release=await fixture(page,false);await page.goto(url);release();await expect(page.locator('.sk-region[aria-busy="true"]')).toHaveCount(0);await page.getByRole('combobox',{name:'Select grading term',exact:true}).selectOption('2');await expect(page.getByRole('heading',{name:'Grades Unavailable',exact:true})).toBeVisible();await expect(page.getByRole('combobox',{name:'Select grading term',exact:true})).toHaveValue('1');});
    > 21 | test('grade sheet native columns vary with actual returned content',async({page})=>{const widths:number[][]=[];for(const long of [false,true]){const release=await fixture(page,false,3,long);await page.goto(url);release();await expect(page.locator('.sk-region[aria-busy="true"]')).toHaveCount(0);widths.push(await page.locator('thead th').evaluateAll(elements=>elements.map(element=>element.getBoundingClientRect().width)));await page.unroute('**/api/**');await page.unroute('**/api/gradesheets/**');await page.unroute('**/api/academic-year/getAcademicYear');}expect(widths[0].some((width,index)=>Math.abs(width-widths[1][index])>1)).toBe(true);});
         |                                                                                                                                                                                                                                                                                                                                                                                                                                                                                                                                                                                                                                                          ^
      22 | for(const dark of [false,true])test(`grade sheet ${dark?'dark':'light'} actual table surface pixels`,async({page})=>{await fixture(page,dark);await page.goto(url);await expect(page.locator('[data-sk-region="principal-grade-sheet-table"]')).toHaveAttribute('data-sk-phase','revealed');const shape=page.locator('[data-sk-region="grade-sheet-student-name"] [data-sk-primitive]').first();await checkRenderedContrast(shape,`grade-sheet-${dark?'dark':'light'}`);await checkShimmerPixels(shape,`grade-sheet-${dark?'dark':'light'}`);});
      23 |
        at C:\Users\Mavys\Downloads\QED_System\QED_front_end\tests\principal-grade-sheet-loading.spec.ts:21:634

    Error Context: test-results\principal-grade-sheet-load-6327d-ith-actual-returned-content\error-context.md

  1 failed
    tests\principal-grade-sheet-loading.spec.ts:21:1 › grade sheet native columns vary with actual returned content 
  14 passed (30.7s)
