[WebServer] (node:21540) Warning: The 'NO_COLOR' env is ignored due to the 'FORCE_COLOR' env being set.
[WebServer] (Use `node --trace-warnings ...` to show where the warning was created)

[WebServer] (node:14548) Warning: The 'NO_COLOR' env is ignored due to the 'FORCE_COLOR' env being set.
[WebServer] (Use `node --trace-warnings ...` to show where the warning was created)


Running 1 test using 1 worker

(node:27996) Warning: The 'NO_COLOR' env is ignored due to the 'FORCE_COLOR' env being set.
(Use `node --trace-warnings ...` to show where the warning was created)


[1/1] tests\loading.spec.ts:101:1 › negative control catches unsynchronized shimmer
  1) tests\loading.spec.ts:101:1 › negative control catches unsynchronized shimmer ─────────────────

    Error: expect(received).toBeGreaterThan(expected)

    Expected: > 0.05
    Received:   0

      102 |   await go(page, "latency=2000&clock&unsynchronized"); await expect(page.locator('[data-clock="second"]')).toBeAttached();
      103 |   const phases = await page.locator("[data-clock] .sk-sweep").evaluateAll(es => es.map(e => e.getAnimations()[0].effect!.getComputedTiming().progress!));
    > 104 |   expect(Math.abs(phases[0] - phases[1])).toBeGreaterThan(.05);
          |                                           ^
      105 | });
      106 | test("skeleton CSS uses tokens for every color", () => {
      107 |   const css = fs.readFileSync("src/shared/loading/skeleton.css", "utf8");
        at C:\Users\Mavys\Downloads\QED_System\QED_front_end\tests\loading.spec.ts:104:43

    Error Context: test-results\loading-negative-control-catches-unsynchronized-shimmer\error-context.md


  1 failed
    tests\loading.spec.ts:101:1 › negative control catches unsynchronized shimmer ──────────────────
