[WebServer] (node:38360) Warning: The 'NO_COLOR' env is ignored due to the 'FORCE_COLOR' env being set.
[WebServer] (Use `node --trace-warnings ...` to show where the warning was created)
[WebServer] (node:10460) Warning: The 'NO_COLOR' env is ignored due to the 'FORCE_COLOR' env being set.
[WebServer] (Use `node --trace-warnings ...` to show where the warning was created)

Running 1 test using 1 worker

(node:39256) Warning: The 'NO_COLOR' env is ignored due to the 'FORCE_COLOR' env being set.
(Use `node --trace-warnings ...` to show where the warning was created)
  x  1 tests\holistic-overview-loading.spec.ts:11:62 › holistic overview 375 light keeps roster headers and filters real (10.3s)


  1) tests\holistic-overview-loading.spec.ts:11:62 › holistic overview 375 light keeps roster headers and filters real 

    Error: expect(locator).toBeVisible() failed

    Locator: getByRole('columnheader', { name: 'Student', exact: true })
    Expected: visible
    Timeout: 5000ms
    Error: element(s) not found

    Call log:
      - Expect "toBeVisible" getByRole('columnheader', { name: 'Student', exact: true }) with timeout 5000ms
      - waiting for getByRole('columnheader', { name: 'Student', exact: true })


       9 |  await page.route('**/api/teacherHolistic/overview?*',async route=>{await gate;await dataGate;await route.fulfill({status:failed==='overview'?500:200,json:failed==='overview'?{success:false,message:'Overview unavailable'}:{success:true,data:students}});});
      10 |  return Object.assign(()=>{context();finish();},{fail:(kind:string)=>{failed=kind;},recover:()=>{failed='';},hold:()=>{dataGate=new Promise<void>(r=>{finishData=r;});},releaseData:()=>finishData()});}
    > 11 | for(const width of [375,1280])for(const dark of [false,true])test(`holistic overview ${width} ${dark?'dark':'light'} keeps roster headers and filters real`,async({page})=>{await page.setViewportSize({width,height:1100});const release=await fixture(page,dark);await page.goto(url);await expect(page.getByRole('heading',{name:'Holistic Overview',exact:true})).toBeVisible();await expect(page.getByRole('columnheader',{name:'Student',exact:true})).toBeVisible();await expect(page.getByRole('columnheader',{name:'Evaluation',exact:true})).toBeVisible();await expect(page.getByRole('button',{name:'Domain Trends',exact:true})).toBeVisible();await expect(page.getByRole('searchbox').or(page.getByRole('textbox',{name:'Search student by name',exact:true}))).toBeVisible();await expect(page.locator('[data-sk-region="holistic-overview-roster"]')).toHaveAttribute('data-sk-phase','revealed');await assertNoDataSpinner(page);const verify=await captureFixedOverlay(page,`holistic-overview-${width}-${dark?'dark':'light'}`,[':nth-match([data-sk-region="holistic-overview-avatar"], 1)']);fs.mkdirSync('loading-screenshots',{recursive:true});const prefix=`loading-screenshots/holistic-overview-${width}-${dark?'dark':'light'}`;await page.screenshot({path:prefix+'-skeleton.png',fullPage:true});release();await expect(page.locator('.sk-region[aria-busy="true"]')).toHaveCount(0);await expect(page.locator('[data-sk-region="holistic-overview-row"]')).toHaveCount(3);await verify();await page.screenshot({path:prefix+'-loaded.png',fullPage:true});});
         |                                                                                                                                                                                                                                                                                                                                                                                                                                                              ^
      12 | for(const count of [0,1,9])test(`holistic overview preserves ${count} returned students`,async({page})=>{const release=await fixture(page,false,count,count===9);await page.goto(url);release();await expect(page.locator('.sk-region[aria-busy="true"]')).toHaveCount(0);await expect(page.locator('[data-sk-region="holistic-overview-row"]')).toHaveCount(count);if(!count)await expect(page.getByText('No advisory class assigned to you.',{exact:true})).toBeVisible();});
      13 | for(const kind of ['terms','advisories','overview'])test(`holistic overview retries ${kind} errors without losing search`,async({page})=>{const release=await fixture(page,false);release.fail(kind);await page.goto(url);await page.getByRole('textbox',{name:'Search student by name',exact:true}).fill('Ana Cruz 1');release();await expect(page.getByRole('alert')).toBeVisible();await expect(page.locator('[data-sk-primitive]')).toHaveCount(0);release.recover();await page.getByRole('button',{name:'Retry',exact:true}).click();await expect(page.getByRole('alert')).toHaveCount(0);await expect(page.locator('[data-sk-region="holistic-overview-row"]')).toHaveCount(1);await expect(page.getByRole('textbox',{name:'Search student by name',exact:true})).toHaveValue('Ana Cruz 1');});
      14 | test('holistic overview native columns vary with actual student and trend labels',async({page})=>{const widths:number[][]=[];for(const long of [false,true]){const release=await fixture(page,false,3,long);await page.goto(url);release();await expect(page.locator('[data-sk-region="holistic-overview-row"]')).toHaveCount(3);await expect(page.locator('.sk-region[aria-busy="true"]')).toHaveCount(0);widths.push(await page.locator('thead th').evaluateAll(elements=>elements.map(element=>element.getBoundingClientRect().width)));await page.unroute('**/api/**');await page.unroute('**/api/teacherAttendance/advisory-sections');await page.unroute('**/api/gradingPeriods');await page.unroute('**/api/teacherHolistic/overview?*');}expect(widths[0].some((width,i)=>Math.abs(width-widths[1][i])>1)).toBe(true);});
        at C:\Users\Mavys\Downloads\QED_System\QED_front_end\tests\holistic-overview-loading.spec.ts:11:446

    Error Context: test-results\holistic-overview-loading--8989c-er-headers-and-filters-real\error-context.md

  1 failed
    tests\holistic-overview-loading.spec.ts:11:62 › holistic overview 375 light keeps roster headers and filters real 
