
[WebServer] (node:40296) Warning: The 'NO_COLOR' env is ignored due to the 'FORCE_COLOR' env being set.
[WebServer] (Use `node --trace-warnings ...` to show where the warning was created)
[WebServer] (node:38308) Warning: The 'NO_COLOR' env is ignored due to the 'FORCE_COLOR' env being set.
[WebServer] (Use `node --trace-warnings ...` to show where the warning was created)


Running 1 test using 1 worker


(node:19952) Warning: The 'NO_COLOR' env is ignored due to the 'FORCE_COLOR' env being set.
(Use `node --trace-warnings ...` to show where the warning was created)

[1/1] tests\admin-class-view.spec.ts:17:68 › class details 1280 light: real actions, tabs and weekday headings
  1) tests\admin-class-view.spec.ts:17:68 › class details 1280 light: real actions, tabs and weekday headings 

    Error: expect(locator).toBeVisible() failed

    Locator: getByRole('heading', { name: 'Class Details', exact: true })
    Expected: visible
    Timeout: 5000ms
    Error: element(s) not found

    Call log:
      - Expect "toBeVisible" getByRole('heading', { name: 'Class Details', exact: true }) with timeout 5000ms
      - waiting for getByRole('heading', { name: 'Class Details', exact: true })


      19 |   const release = await classFixture(page, dark);
      20 |   await page.goto("/admin/classes/1");
    > 21 |   await expect(page.getByRole("heading", { name: "Class Details", exact: true })).toBeVisible();
         |                                                                                   ^
      22 |   await expect(page.getByRole("button", { name: "Edit Class", exact: true })).toBeVisible();
      23 |   await expect(page.getByRole("tab", { name: "Class schedule", exact: true })).toBeVisible();
      24 |   await expect(page.getByRole("columnheader", { name: "Time", exact: true })).toBeVisible();
        at C:\Users\Mavys\Downloads\QED_System\QED_front_end\tests\admin-class-view.spec.ts:21:83

    Error Context: test-results\admin-class-view-class-det-2366c-s-tabs-and-weekday-headings\error-context.md


  1 failed
    tests\admin-class-view.spec.ts:17:68 › class details 1280 light: real actions, tabs and weekday headings 
