
[WebServer] (node:38356) Warning: The 'NO_COLOR' env is ignored due to the 'FORCE_COLOR' env being set.
[WebServer] (Use `node --trace-warnings ...` to show where the warning was created)
[WebServer] (node:2688) Warning: The 'NO_COLOR' env is ignored due to the 'FORCE_COLOR' env being set.

[WebServer] (Use `node --trace-warnings ...` to show where the warning was created)

Running 10 tests using 1 worker

(node:11644) Warning: The 'NO_COLOR' env is ignored due to the 'FORCE_COLOR' env being set.

(Use `node --trace-warnings ...` to show where the warning was created)

[1/10] tests\principal-dashboard-loading.spec.ts:6:62 › principal dashboard 375 light keeps known shell

[WebServer] 2:01:40 PM [vite] (client) [console.error] Encountered two children with the same key, `Grade 1`. Keys should be unique so that components maintain their identity across updates. Non-unique keys may cause children to be duplicated and/or omitted — the behavior is unsupported and could change in a future version.
[WebServer] 2:01:40 PM [vite] (client) [console.error] Encountered two children with the same key, `Grade 1`. Keys should be unique so that components maintain their identity across updates. Non-unique keys may cause children to be duplicated and/or omitted — the behavior is unsupported and could change in a future version.

[2/10] tests\principal-dashboard-loading.spec.ts:6:62 › principal dashboard 375 dark keeps known shell

[WebServer] 2:01:43 PM [vite] (client) [console.error] Encountered two children with the same key, `Grade 1`. Keys should be unique so that components maintain their identity across updates. Non-unique keys may cause children to be duplicated and/or omitted — the behavior is unsupported and could change in a future version.
[WebServer] 2:01:43 PM [vite] (client) [console.error] Encountered two children with the same key, `Grade 1`. Keys should be unique so that components maintain their identity across updates. Non-unique keys may cause children to be duplicated and/or omitted — the behavior is unsupported and could change in a future version.

[3/10] tests\principal-dashboard-loading.spec.ts:6:62 › principal dashboard 1280 light keeps known shell

[WebServer] 2:01:45 PM [vite] (client) [console.error] Encountered two children with the same key, `Grade 1`. Keys should be unique so that components maintain their identity across updates. Non-unique keys may cause children to be duplicated and/or omitted — the behavior is unsupported and could change in a future version.
[WebServer] 2:01:45 PM [vite] (client) [console.error] Encountered two children with the same key, `Grade 1`. Keys should be unique so that components maintain their identity across updates. Non-unique keys may cause children to be duplicated and/or omitted — the behavior is unsupported and could change in a future version.

[4/10] tests\principal-dashboard-loading.spec.ts:6:62 › principal dashboard 1280 dark keeps known shell
[WebServer] 2:01:48 PM [vite] (client) [console.error] Encountered two children with the same key, `Grade 1`. Keys should be unique so that components maintain their identity across updates. Non-unique keys may cause children to be duplicated and/or omitted — the behavior is unsupported and could change in a future version.


[WebServer] 2:01:48 PM [vite] (client) [console.error] Encountered two children with the same key, `Grade 1`. Keys should be unique so that components maintain their identity across updates. Non-unique keys may cause children to be duplicated and/or omitted — the behavior is unsupported and could change in a future version.
[5/10] tests\principal-dashboard-loading.spec.ts:7:28 › principal dashboard preserves 0 actual grades
[6/10] tests\principal-dashboard-loading.spec.ts:7:28 › principal dashboard preserves 1 actual grades
[7/10] tests\principal-dashboard-loading.spec.ts:7:28 › principal dashboard preserves 9 actual grades
[WebServer] 2:01:55 PM [vite] (client) [console.error] Encountered two children with the same key, `Grade 1 Primary School Grade 1 Primary School Grade 1 Primary School Grade 1 Primary School `. Keys should be unique so that components maintain their identity across updates. Non-unique keys may cause children to be duplicated and/or omitted — the behavior is unsupported and could change in a future version.


[WebServer] 2:01:55 PM [vite] (client) [console.error] Encountered two children with the same key, `Grade 1 Primary School Grade 1 Primary School Grade 1 Primary School Grade 1 Primary School `. Keys should be unique so that components maintain their identity across updates. Non-unique keys may cause children to be duplicated and/or omitted — the behavior is unsupported and could change in a future version.
[WebServer] 2:01:55 PM [vite] (client) [console.error] Encountered two children with the same key, `Grade 1 Primary School Grade 1 Primary School Grade 1 Primary School Grade 1 Primary School `. Keys should be unique so that components maintain their identity across updates. Non-unique keys may cause children to be duplicated and/or omitted — the behavior is unsupported and could change in a future version.


[WebServer] 2:01:55 PM [vite] (client) [console.error] Encountered two children with the same key, `Grade 1 Primary School Grade 1 Primary School Grade 1 Primary School Grade 1 Primary School `. Keys should be unique so that components maintain their identity across updates. Non-unique keys may cause children to be duplicated and/or omitted — the behavior is unsupported and could change in a future version.

[WebServer] 2:01:55 PM [vite] (client) [console.error] Encountered two children with the same key, `Grade 1 Primary School Grade 1 Primary School Grade 1 Primary School Grade 1 Primary School `. Keys should be unique so that components maintain their identity across updates. Non-unique keys may cause children to be duplicated and/or omitted — the behavior is unsupported and could change in a future version.
[WebServer] 2:01:55 PM [vite] (client) [console.error] Encountered two children with the same key, `Grade 1 Primary School Grade 1 Primary School Grade 1 Primary School Grade 1 Primary School `. Keys should be unique so that components maintain their identity across updates. Non-unique keys may cause children to be duplicated and/or omitted — the behavior is unsupported and could change in a future version.

[WebServer] 2:01:55 PM [vite] (client) [console.error] Encountered two children with the same key, `Grade 1 Primary School Grade 1 Primary School Grade 1 Primary School Grade 1 Primary School `. Keys should be unique so that components maintain their identity across updates. Non-unique keys may cause children to be duplicated and/or omitted — the behavior is unsupported and could change in a future version.

[WebServer] 2:01:55 PM [vite] (client) [console.error] Encountered two children with the same key, `Grade 1 Primary School Grade 1 Primary School Grade 1 Primary School Grade 1 Primary School `. Keys should be unique so that components maintain their identity across updates. Non-unique keys may cause children to be duplicated and/or omitted — the behavior is unsupported and could change in a future version.

[8/10] tests\principal-dashboard-loading.spec.ts:8:40 › principal dashboard retries dashboard
  1) tests\principal-dashboard-loading.spec.ts:8:40 › principal dashboard retries dashboard ────────

    Error: expect(locator).toBeVisible() failed

    Locator: getByRole('alert')
    Expected: visible
    Error: strict mode violation: getByRole('alert') resolved to 2 elements:
        1) <span role="alert" class="sk-layer">…</span> aka getByRole('paragraph').filter({ hasText: 'Here\'s how the school is' }).getByRole('alert')
        2) <div role="alert" class="sk-layer">…</div> aka getByText('Failed to fetch today\'s attendance (500)Retry').nth(1)

    Call log:
      - Expect "toBeVisible" getByRole('alert') with timeout 5000ms
      - waiting for getByRole('alert')


       6 | for(const width of [375,1280])for(const dark of [false,true])test(`principal dashboard ${width} ${dark?'dark':'light'} keeps known shell`,async({page})=>{await page.setViewportSize({width,height:1100});const release=await fixture(page,dark);await page.goto('/principal');await expect(page.getByRole('heading',{name:'Welcome, School User!',exact:true})).toBeVisible();await expect(page.getByText('Total Students',{exact:true})).toBeVisible();await expect(page.getByText('Attendance Rate by Grade Level',{exact:true})).toBeVisible();await expect(page.getByText('Target: 95%',{exact:true})).toBeVisible();await expect(page.getByRole('button',{name:'Expand ranking',exact:true})).toBeAttached();await expect(page.locator('[data-sk-region="principal-dashboard-data"]')).toHaveAttribute('data-sk-phase','revealed');await assertNoDataSpinner(page);fs.mkdirSync('loading-screenshots',{recursive:true});const prefix=`loading-screenshots/principal-dashboard-${width}-${dark?'dark':'light'}`;await page.screenshot({path:prefix+'-skeleton.png',fullPage:true});release();await expect(page.locator('.sk-region[aria-busy="true"]')).toHaveCount(0);await expect(page.getByText('31',{exact:true})).toBeVisible();await page.screenshot({path:prefix+'-loaded.png',fullPage:true});});
       7 | for(const count of [0,1,9])test(`principal dashboard preserves ${count} actual grades`,async({page})=>{const release=await fixture(page,false,count,count===9);await page.goto('/principal');release();await expect(page.locator('.sk-region[aria-busy="true"]')).toHaveCount(0);await expect(page.locator('[data-sk-region="principal-top-subject"]')).toHaveCount(count);if(!count)await expect(page.getByText('Subject performance will appear when grades are available.',{exact:true})).toBeVisible();});
    >  8 | for(const kind of ['dashboard','year'])test(`principal dashboard retries ${kind}`,async({page})=>{const release=await fixture(page,false);release.fail(kind);await page.goto('/principal');release();await expect(page.getByRole('alert')).toBeVisible();release.recover();await page.getByRole('button',{name:'Retry',exact:true}).click();await expect(page.getByRole('alert')).toHaveCount(0);await expect(page.getByText('2026–2027',{exact:false})).toBeVisible();});
         |                                                                                                                                                                                                                                            ^
       9 | test('principal dashboard ranking controls preserve loaded behavior',async({page})=>{const release=await fixture(page);await page.goto('/principal');release();await expect(page.locator('.sk-region[aria-busy="true"]')).toHaveCount(0);await page.getByRole('combobox').first().selectOption('Term 2');await expect(page.locator('[data-sk-region="principal-ranking-row"]')).toHaveCount(1);await page.getByRole('combobox').first().selectOption('Term 3');await expect(page.getByText('There are no subject rankings for this term yet.',{exact:true})).toBeVisible();});
      10 |
        at C:\Users\Mavys\Downloads\QED_System\QED_front_end\tests\principal-dashboard-loading.spec.ts:8:236

    Error Context: test-results\principal-dashboard-loadin-ee290-dashboard-retries-dashboard\error-context.md


(node:15124) Warning: The 'NO_COLOR' env is ignored due to the 'FORCE_COLOR' env being set.

(Use `node --trace-warnings ...` to show where the warning was created)

[9/10] tests\principal-dashboard-loading.spec.ts:8:40 › principal dashboard retries year

[WebServer] 2:02:02 PM [vite] (client) [console.error] Encountered two children with the same key, `Grade 1`. Keys should be unique so that components maintain their identity across updates. Non-unique keys may cause children to be duplicated and/or omitted — the behavior is unsupported and could change in a future version.

[WebServer] 2:02:02 PM [vite] (client) [console.error] Encountered two children with the same key, `Grade 1`. Keys should be unique so that components maintain their identity across updates. Non-unique keys may cause children to be duplicated and/or omitted — the behavior is unsupported and could change in a future version.
[10/10] tests\principal-dashboard-loading.spec.ts:9:1 › principal dashboard ranking controls preserve loaded behavior

[WebServer] 2:02:05 PM [vite] (client) [console.error] Encountered two children with the same key, `Grade 1`. Keys should be unique so that components maintain their identity across updates. Non-unique keys may cause children to be duplicated and/or omitted — the behavior is unsupported and could change in a future version.
[WebServer] 2:02:05 PM [vite] (client) [console.error] Encountered two children with the same key, `Grade 1`. Keys should be unique so that components maintain their identity across updates. Non-unique keys may cause children to be duplicated and/or omitted — the behavior is unsupported and could change in a future version.

  1 failed
    tests\principal-dashboard-loading.spec.ts:8:40 › principal dashboard retries dashboard ─────────
  9 passed (40.6s)
