
[WebServer] (node:24392) Warning: The 'NO_COLOR' env is ignored due to the 'FORCE_COLOR' env being set.
[WebServer] (Use `node --trace-warnings ...` to show where the warning was created)
[WebServer] (node:20960) Warning: The 'NO_COLOR' env is ignored due to the 'FORCE_COLOR' env being set.

[WebServer] (Use `node --trace-warnings ...` to show where the warning was created)

Running 18 tests using 1 worker

(node:18540) Warning: The 'NO_COLOR' env is ignored due to the 'FORCE_COLOR' env being set.

(Use `node --trace-warnings ...` to show where the warning was created)

[1/18] tests\principal-dashboard-loading.spec.ts:6:62 › principal dashboard 375 light keeps known shell
[2/18] tests\principal-dashboard-loading.spec.ts:6:62 › principal dashboard 375 dark keeps known shell
[3/18] tests\principal-dashboard-loading.spec.ts:6:62 › principal dashboard 1280 light keeps known shell
[4/18] tests\principal-dashboard-loading.spec.ts:6:62 › principal dashboard 1280 dark keeps known shell
[5/18] tests\principal-dashboard-loading.spec.ts:7:28 › principal dashboard preserves 0 actual grades
[6/18] tests\principal-dashboard-loading.spec.ts:7:28 › principal dashboard preserves 1 actual grades
[7/18] tests\principal-dashboard-loading.spec.ts:7:28 › principal dashboard preserves 9 actual grades
[8/18] tests\principal-dashboard-loading.spec.ts:8:40 › principal dashboard retries dashboard
[9/18] tests\principal-dashboard-loading.spec.ts:8:40 › principal dashboard retries year
[10/18] tests\principal-dashboard-loading.spec.ts:9:1 › principal dashboard ranking controls preserve loaded behavior
[11/18] tests\principal-dashboard-loading.spec.ts:11:32 › principal dashboard light spotlight contrast and pixel shape
[12/18] tests\principal-dashboard-loading.spec.ts:11:32 › principal dashboard dark spotlight contrast and pixel shape
[13/18] tests\principal-dashboard-loading.spec.ts:12:1 › principal dashboard charts retain bar line and radar shapes
[14/18] tests\principal-dashboard-loading.spec.ts:14:62 › principal dashboard 375 light lower sections retain known labels and geometry
[15/18] tests\principal-dashboard-loading.spec.ts:14:62 › principal dashboard 375 dark lower sections retain known labels and geometry
[16/18] tests\principal-dashboard-loading.spec.ts:14:62 › principal dashboard 1280 light lower sections retain known labels and geometry
[17/18] tests\principal-dashboard-loading.spec.ts:14:62 › principal dashboard 1280 dark lower sections retain known labels and geometry
[18/18] tests\principal-dashboard-loading.spec.ts:16:1 › principal dashboard pending rankings mask fetched names grades and scores
  18 passed (58.2s)
