
[WebServer] (node:38484) Warning: The 'NO_COLOR' env is ignored due to the 'FORCE_COLOR' env being set.
[WebServer] (Use `node --trace-warnings ...` to show where the warning was created)
[WebServer] (node:39600) Warning: The 'NO_COLOR' env is ignored due to the 'FORCE_COLOR' env being set.

[WebServer] (Use `node --trace-warnings ...` to show where the warning was created)

Running 1 test using 1 worker

(node:8064) Warning: The 'NO_COLOR' env is ignored due to the 'FORCE_COLOR' env being set.

(Use `node --trace-warnings ...` to show where the warning was created)

[1/1] tests\principal-dashboard-loading.spec.ts:6:62 › principal dashboard 375 light keeps known shell
  1) tests\principal-dashboard-loading.spec.ts:6:62 › principal dashboard 375 light keeps known shell 

    Error: expect(locator).toBeVisible() failed

    Locator: getByRole('heading', { name: 'Welcome, School User!', exact: true })
    Expected: visible
    Timeout: 5000ms
    Error: element(s) not found

    Call log:
      - Expect "toBeVisible" getByRole('heading', { name: 'Welcome, School User!', exact: true }) with timeout 5000ms
      - waiting for getByRole('heading', { name: 'Welcome, School User!', exact: true })


      4 | import fs from 'node:fs';
      5 | async function fixture(page:Page,dark=false,count=3,long=false){const context=await mockDirectory(page,'PRINCIPAL',dark);let finish!:()=>void;const gate=new Promise<void>(r=>{finish=r;});let failed='';const grade=long?'Grade 1 Primary School '.repeat(4):'Grade 1';const subject=long?'Mathematics and quantitative reasoning '.repeat(4):'Mathematics';const ranking=Array.from({length:count},(_,i)=>({rank:i+1,grade,subject:subject+(i+1),score:87+i,trend:'up'}));await page.route('**/api/principal-dashboard/**',async route=>{await gate;const path=new URL(route.request().url()).pathname.split('/').pop();let data:unknown=[];if(path==='active-term')data={data:{name:'Term 1',termNumber:1}};else if(path==='overview-summary')data={totalTeachers:12,attendance:94,academicPerf:88};else if(path==='getTodaysAttendance')data={present:29,absent:2,concerning:1};else if(path==='getAttendanceByGrade')data=Array.from({length:count},(_,i)=>({gradeLevelId:i+1,grade:grade+(i+1),type:'grade',attendance:90,present:9,absent:1,total:10,hasRecorded:true}));else if(path==='topSubjectPerGrade')data=ranking;else if(path==='subjectRankingByTerm')data={'Term 1':ranking,'Term 2':ranking.slice(0,1),'Term 3':[]};else if(path==='holisticDomain')data={success:true,data:count?['Cognitive','Emotional','Behavioral','Social'].map(domain=>({domain,score:3.7})):[]};else if(path==='performanceByGrade')data={success:true,data:Array.from({length:count},(_,i)=>({grade:grade+(i+1),score:88,sections:[]}))};else if(path==='performanceTrend')data={success:true,data:[{term:'Term 1',performance:88,attendance:94,holisticAverage:74,overall:85},{term:'Term 2',performance:90,attendance:95,holisticAverage:78,overall:89}]};await route.fulfill({status:failed==='dashboard'?500:200,json:failed==='dashboard'?{message:'Dashboard unavailable'}:data});});await page.route('**/api/student/total-student',async route=>{await gate;await route.fulfill({json:{total:31}});});await page.route('**/api/academic-year/getAcademicYear',async route=>{await gate;await route.fulfill({status:failed==='year'?500:200,json:failed==='year'?{message:'Year unavailable'}:{data:{id:1,label:'2026–2027',status:'Active'}}});});return Object.assign(()=>{context();finish();},{fail:(kind:string)=>{failed=kind;},recover:()=>{failed='';}});}
    > 6 | for(const width of [375,1280])for(const dark of [false,true])test(`principal dashboard ${width} ${dark?'dark':'light'} keeps known shell`,async({page})=>{await page.setViewportSize({width,height:1100});const release=await fixture(page,dark);await page.goto('/principal');await expect(page.getByRole('heading',{name:'Welcome, School User!',exact:true})).toBeVisible();await expect(page.getByText('Total Students',{exact:true})).toBeVisible();await expect(page.getByText('Attendance Rate by Grade Level',{exact:true})).toBeVisible();await expect(page.getByText('Target: 95%',{exact:true})).toBeVisible();await expect(page.getByRole('button',{name:'Expand ranking',exact:true})).toBeAttached();await expect(page.locator('[data-sk-region="principal-dashboard-data"]')).toHaveAttribute('data-sk-phase','revealed');await assertNoDataSpinner(page);fs.mkdirSync('loading-screenshots',{recursive:true});const prefix=`loading-screenshots/principal-dashboard-${width}-${dark?'dark':'light'}`;await page.screenshot({path:prefix+'-skeleton.png',fullPage:true});release();await expect(page.locator('.sk-region[aria-busy="true"]')).toHaveCount(0);await expect(page.getByText('31',{exact:true})).toBeVisible();await page.screenshot({path:prefix+'-loaded.png',fullPage:true});});
        |                                                                                                                                                                                                                                                                                                                                                                  ^
      7 | for(const count of [0,1,9])test(`principal dashboard preserves ${count} actual grades`,async({page})=>{const release=await fixture(page,false,count,count===9);await page.goto('/principal');release();await expect(page.locator('.sk-region[aria-busy="true"]')).toHaveCount(0);await expect(page.locator('[data-sk-region="principal-top-subject"]')).toHaveCount(count);if(!count)await expect(page.getByText('Subject performance will appear when grades are available.',{exact:true})).toBeVisible();});
      8 | for(const kind of ['dashboard','year'])test(`principal dashboard retries ${kind}`,async({page})=>{const release=await fixture(page,false);release.fail(kind);await page.goto('/principal');release();await expect(page.getByRole('alert')).toBeVisible();release.recover();await page.getByRole('button',{name:'Retry',exact:true}).click();await expect(page.getByRole('alert')).toHaveCount(0);await expect(page.getByText('2026–2027',{exact:false})).toBeVisible();});
      9 | test('principal dashboard ranking controls preserve loaded behavior',async({page})=>{const release=await fixture(page);await page.goto('/principal');release();await expect(page.locator('.sk-region[aria-busy="true"]')).toHaveCount(0);await page.getByRole('combobox').first().selectOption('Term 2');await expect(page.locator('[data-sk-region="principal-ranking-row"]')).toHaveCount(1);await page.getByRole('combobox').first().selectOption('Term 3');await expect(page.getByText('There are no subject rankings for this term yet.',{exact:true})).toBeVisible();});
        at C:\Users\Mavys\Downloads\QED_System\QED_front_end\tests\principal-dashboard-loading.spec.ts:6:354

    Error Context: test-results\principal-dashboard-loadin-98c8e-375-light-keeps-known-shell\error-context.md


  1 failed
    tests\principal-dashboard-loading.spec.ts:6:62 › principal dashboard 375 light keeps known shell 
