
[WebServer] (node:22544) Warning: The 'NO_COLOR' env is ignored due to the 'FORCE_COLOR' env being set.
[WebServer] (Use `node --trace-warnings ...` to show where the warning was created)
[WebServer] (node:31788) Warning: The 'NO_COLOR' env is ignored due to the 'FORCE_COLOR' env being set.
[WebServer] (Use `node --trace-warnings ...` to show where the warning was created)


Running 1 test using 1 worker


(node:13732) Warning: The 'NO_COLOR' env is ignored due to the 'FORCE_COLOR' env being set.
(Use `node --trace-warnings ...` to show where the warning was created)

[1/1] tests\student-form-loading.spec.ts:35:1 › student edit retains the existing update endpoint and payload
  1) tests\student-form-loading.spec.ts:35:1 › student edit retains the existing update endpoint and payload 

    Error: Continue must enter Review without submitting the form

    expect(received).toBe(expected) // Object.is equality

    Expected: 0
    Received: 1

      40 |  await expect(page.getByRole('heading',{name:'Review student record',exact:true})).toBeVisible();
      41 |  await page.evaluate(()=>new Promise<void>(resolve=>requestAnimationFrame(()=>requestAnimationFrame(()=>resolve()))));
    > 42 |  expect(requests,'Continue must enter Review without submitting the form').toBe(0);
         |                                                                            ^
      43 |  await page.getByRole('button',{name:/Save/}).click();
      44 |  await expect.poll(()=>payload).toEqual({studentId:'A23-0001',lrn:'123456789012',lastName:'Cruz',firstName:'Alicia',middleName:'A',gender:'Female',gradeLevel:'1',section:'1'});
      45 |  expect(requests,'one explicit Save produces one update').toBe(1);finishSave();await expect(page).toHaveURL(/\/admin\/students$/);
        at C:\Users\Mavys\Downloads\QED_System\QED_front_end\tests\student-form-loading.spec.ts:42:76

    Error Context: test-results\student-form-loading-stude-7653e-update-endpoint-and-payload\error-context.md


  1 failed
    tests\student-form-loading.spec.ts:35:1 › student edit retains the existing update endpoint and payload 
