
[WebServer] (node:3688) Warning: The 'NO_COLOR' env is ignored due to the 'FORCE_COLOR' env being set.
[WebServer] (Use `node --trace-warnings ...` to show where the warning was created)
[WebServer] (node:38620) Warning: The 'NO_COLOR' env is ignored due to the 'FORCE_COLOR' env being set.
[WebServer] (Use `node --trace-warnings ...` to show where the warning was created)


Running 1 test using 1 worker

(node:32180) Warning: The 'NO_COLOR' env is ignored due to the 'FORCE_COLOR' env being set.

(Use `node --trace-warnings ...` to show where the warning was created)

[1/1] tests\subject-template-loading.spec.ts:21:68 › subject template 1280 light: upload frame is real before fetched metadata
  1) tests\subject-template-loading.spec.ts:21:68 › subject template 1280 light: upload frame is real before fetched metadata 

    Error: expect(locator).toBeVisible() failed

    Locator: getByText('Official DepEd Grade Template', { exact: true })
    Expected: visible
    Timeout: 5000ms
    Error: element(s) not found

    Call log:
      - Expect "toBeVisible" getByText('Official DepEd Grade Template', { exact: true }) with timeout 5000ms
      - waiting for getByText('Official DepEd Grade Template', { exact: true })


      23 |   const fixture = await templateFixture(page, dark);
      24 |   await page.goto("/admin/subjects/1");
    > 25 |   await expect(page.getByText("Official DepEd Grade Template", { exact: true })).toBeVisible();
         |                                                                                  ^
      26 |   await expect(page.getByText("Drop an .xlsx here or choose a file", { exact: true })).toBeVisible();
      27 |   await expect(page.locator('[data-sk-region="subject-template"]')).toHaveAttribute("data-sk-phase", "revealed");
      28 |   await assertNoDataSpinner(page);
        at C:\Users\Mavys\Downloads\QED_System\QED_front_end\tests\subject-template-loading.spec.ts:25:82

    Error Context: test-results\subject-template-loading-s-829fc-eal-before-fetched-metadata\error-context.md


  1 failed
    tests\subject-template-loading.spec.ts:21:68 › subject template 1280 light: upload frame is real before fetched metadata 
