[WebServer] (node:11420) Warning: The 'NO_COLOR' env is ignored due to the 'FORCE_COLOR' env being set.
[WebServer] (Use `node --trace-warnings ...` to show where the warning was created)
[WebServer] (node:26044) Warning: The 'NO_COLOR' env is ignored due to the 'FORCE_COLOR' env being set.
[WebServer] (Use `node --trace-warnings ...` to show where the warning was created)

Running 15 tests using 1 worker

(node:23424) Warning: The 'NO_COLOR' env is ignored due to the 'FORCE_COLOR' env being set.
(Use `node --trace-warnings ...` to show where the warning was created)
  x   1 tests\domain-trends-loading.spec.ts:14:62 › domain trends 375 light keeps domains and chart shell real (6.4s)
(node:10116) Warning: The 'NO_COLOR' env is ignored due to the 'FORCE_COLOR' env being set.
(Use `node --trace-warnings ...` to show where the warning was created)
  x   2 tests\domain-trends-loading.spec.ts:14:62 › domain trends 375 dark keeps domains and chart shell real (1.7s)
(node:22308) Warning: The 'NO_COLOR' env is ignored due to the 'FORCE_COLOR' env being set.
(Use `node --trace-warnings ...` to show where the warning was created)
  x   3 tests\domain-trends-loading.spec.ts:14:62 › domain trends 1280 light keeps domains and chart shell real (2.7s)
(node:19296) Warning: The 'NO_COLOR' env is ignored due to the 'FORCE_COLOR' env being set.
(Use `node --trace-warnings ...` to show where the warning was created)
  x   4 tests\domain-trends-loading.spec.ts:14:62 › domain trends 1280 dark keeps domains and chart shell real (2.3s)
(node:10576) Warning: The 'NO_COLOR' env is ignored due to the 'FORCE_COLOR' env being set.
(Use `node --trace-warnings ...` to show where the warning was created)
  ok  5 tests\domain-trends-loading.spec.ts:18:28 › domain trends preserves 0 actual weeks and empty state (1.2s)
  ok  6 tests\domain-trends-loading.spec.ts:18:28 › domain trends preserves 1 actual weeks and empty state (1.2s)
  ok  7 tests\domain-trends-loading.spec.ts:18:28 › domain trends preserves 9 actual weeks and empty state (1.2s)
  ok  8 tests\domain-trends-loading.spec.ts:19:51 › domain trends retries terms failure and clears placeholders (1.5s)
[WebServer] 10:12:57 AM [vite] (client) [console.error] Failed to load advisory sections: Error: Failed to fetch advisory sections (500)
[WebServer]     at fetchAdvisorySections (http://127.0.0.1:5187/src/features/profiles/teacher/pages/attendance/services/attendance.service.ts:15:21)
  ok  9 tests\domain-trends-loading.spec.ts:19:51 › domain trends retries advisories failure and clears placeholders (1.5s)
  ok 10 tests\domain-trends-loading.spec.ts:19:51 › domain trends retries trends failure and clears placeholders (1.5s)
  ok 11 tests\domain-trends-loading.spec.ts:20:32 › domain trends light neutral score and colored composite contrast (2.7s)
  ok 12 tests\domain-trends-loading.spec.ts:20:32 › domain trends dark neutral score and colored composite contrast (2.7s)
  ok 13 tests\domain-trends-loading.spec.ts:21:1 › domain chart placeholder preserves the line-chart silhouette (2.1s)
  ok 14 tests\domain-trends-loading.spec.ts:22:1 › domain subject selection and legend toggles keep their existing behavior (1.7s)
  ok 15 tests\domain-trends-loading.spec.ts:23:1 › domain trends no-advisory result settles to its existing empty state (1.2s)


  1) tests\domain-trends-loading.spec.ts:14:62 › domain trends 375 light keeps domains and chart shell real 

    Error: domain-trends-375-light: fixed height [data-sk-region="domain-trend-score-cognitive"]

    expect(received).toBeLessThanOrEqual(expected)

    Expected: <= 1
    Received:    2

       at design-pixels.ts:150

      148 |     fs.writeFileSync(`loading-screenshots/diff/${name}.json`, JSON.stringify({ regions, loadedBoxes, shapePixels: pixels.length, outsidePixels: outside, outsideRatio: outside / pixels.length }, null, 2));
      149 |     expect(outside / pixels.length, `${name}: fixed shape pixels outside the matching loaded box`).toBeLessThanOrEqual(.02);
    > 150 |     for (const [index, region] of regions.entries()) for (const dimension of ["width", "height"] as const) expect(Math.abs(region.box[dimension] - loadedBoxes[index][dimension]), `${name}: fixed ${dimension} ${region.selector}`).toBeLessThanOrEqual(1);
          |                                                                                                                                                                                                                                      ^
      151 |   };
      152 | }
      153 |
        at C:\Users\Mavys\Downloads\QED_System\QED_front_end\tests\design-pixels.ts:150:230
        at C:\Users\Mavys\Downloads\QED_System\QED_front_end\tests\domain-trends-loading.spec.ts:16:570

    Error Context: test-results\domain-trends-loading-doma-f747d-omains-and-chart-shell-real\error-context.md

  2) tests\domain-trends-loading.spec.ts:14:62 › domain trends 375 dark keeps domains and chart shell real 

    Error: domain-trends-375-dark: fixed height [data-sk-region="domain-trend-score-cognitive"]

    expect(received).toBeLessThanOrEqual(expected)

    Expected: <= 1
    Received:    2

       at design-pixels.ts:150

      148 |     fs.writeFileSync(`loading-screenshots/diff/${name}.json`, JSON.stringify({ regions, loadedBoxes, shapePixels: pixels.length, outsidePixels: outside, outsideRatio: outside / pixels.length }, null, 2));
      149 |     expect(outside / pixels.length, `${name}: fixed shape pixels outside the matching loaded box`).toBeLessThanOrEqual(.02);
    > 150 |     for (const [index, region] of regions.entries()) for (const dimension of ["width", "height"] as const) expect(Math.abs(region.box[dimension] - loadedBoxes[index][dimension]), `${name}: fixed ${dimension} ${region.selector}`).toBeLessThanOrEqual(1);
          |                                                                                                                                                                                                                                      ^
      151 |   };
      152 | }
      153 |
        at C:\Users\Mavys\Downloads\QED_System\QED_front_end\tests\design-pixels.ts:150:230
        at C:\Users\Mavys\Downloads\QED_System\QED_front_end\tests\domain-trends-loading.spec.ts:16:570

    Error Context: test-results\domain-trends-loading-doma-504ba-omains-and-chart-shell-real\error-context.md

  3) tests\domain-trends-loading.spec.ts:14:62 › domain trends 1280 light keeps domains and chart shell real 

    Error: domain-trends-1280-light: fixed height [data-sk-region="domain-trend-score-cognitive"]

    expect(received).toBeLessThanOrEqual(expected)

    Expected: <= 1
    Received:    2

       at design-pixels.ts:150

      148 |     fs.writeFileSync(`loading-screenshots/diff/${name}.json`, JSON.stringify({ regions, loadedBoxes, shapePixels: pixels.length, outsidePixels: outside, outsideRatio: outside / pixels.length }, null, 2));
      149 |     expect(outside / pixels.length, `${name}: fixed shape pixels outside the matching loaded box`).toBeLessThanOrEqual(.02);
    > 150 |     for (const [index, region] of regions.entries()) for (const dimension of ["width", "height"] as const) expect(Math.abs(region.box[dimension] - loadedBoxes[index][dimension]), `${name}: fixed ${dimension} ${region.selector}`).toBeLessThanOrEqual(1);
          |                                                                                                                                                                                                                                      ^
      151 |   };
      152 | }
      153 |
        at C:\Users\Mavys\Downloads\QED_System\QED_front_end\tests\design-pixels.ts:150:230
        at C:\Users\Mavys\Downloads\QED_System\QED_front_end\tests\domain-trends-loading.spec.ts:16:570

    Error Context: test-results\domain-trends-loading-doma-1a15d-omains-and-chart-shell-real\error-context.md

  4) tests\domain-trends-loading.spec.ts:14:62 › domain trends 1280 dark keeps domains and chart shell real 

    Error: domain-trends-1280-dark: fixed height [data-sk-region="domain-trend-score-cognitive"]

    expect(received).toBeLessThanOrEqual(expected)

    Expected: <= 1
    Received:    2

       at design-pixels.ts:150

      148 |     fs.writeFileSync(`loading-screenshots/diff/${name}.json`, JSON.stringify({ regions, loadedBoxes, shapePixels: pixels.length, outsidePixels: outside, outsideRatio: outside / pixels.length }, null, 2));
      149 |     expect(outside / pixels.length, `${name}: fixed shape pixels outside the matching loaded box`).toBeLessThanOrEqual(.02);
    > 150 |     for (const [index, region] of regions.entries()) for (const dimension of ["width", "height"] as const) expect(Math.abs(region.box[dimension] - loadedBoxes[index][dimension]), `${name}: fixed ${dimension} ${region.selector}`).toBeLessThanOrEqual(1);
          |                                                                                                                                                                                                                                      ^
      151 |   };
      152 | }
      153 |
        at C:\Users\Mavys\Downloads\QED_System\QED_front_end\tests\design-pixels.ts:150:230
        at C:\Users\Mavys\Downloads\QED_System\QED_front_end\tests\domain-trends-loading.spec.ts:16:570

    Error Context: test-results\domain-trends-loading-doma-1afac-omains-and-chart-shell-real\error-context.md

  4 failed
    tests\domain-trends-loading.spec.ts:14:62 › domain trends 375 light keeps domains and chart shell real 
    tests\domain-trends-loading.spec.ts:14:62 › domain trends 375 dark keeps domains and chart shell real 
    tests\domain-trends-loading.spec.ts:14:62 › domain trends 1280 light keeps domains and chart shell real 
    tests\domain-trends-loading.spec.ts:14:62 › domain trends 1280 dark keeps domains and chart shell real 
  11 passed (38.7s)
