[WebServer] (node:38548) Warning: The 'NO_COLOR' env is ignored due to the 'FORCE_COLOR' env being set.
[WebServer] (Use `node --trace-warnings ...` to show where the warning was created)
[WebServer] (node:8040) Warning: The 'NO_COLOR' env is ignored due to the 'FORCE_COLOR' env being set.
[WebServer] (Use `node --trace-warnings ...` to show where the warning was created)

Running 1 test using 1 worker

(node:25296) Warning: The 'NO_COLOR' env is ignored due to the 'FORCE_COLOR' env being set.
(Use `node --trace-warnings ...` to show where the warning was created)
  x  1 tests\domain-trends-loading.spec.ts:14:62 › domain trends 375 light keeps domains and chart shell real (8.5s)


  1) tests\domain-trends-loading.spec.ts:14:62 › domain trends 375 light keeps domains and chart shell real 

    Error: expect(locator).toBeVisible() failed

    Locator: getByText('Weekly Progression', { exact: true })
    Expected: visible
    Timeout: 5000ms
    Error: element(s) not found

    Call log:
      - Expect "toBeVisible" getByText('Weekly Progression', { exact: true }) with timeout 5000ms
      - waiting for getByText('Weekly Progression', { exact: true })


      13 | }
      14 | for(const width of [375,1280])for(const dark of [false,true])test(`domain trends ${width} ${dark?'dark':'light'} keeps domains and chart shell real`,async({page})=>{
    > 15 |  await page.setViewportSize({width,height:1100});const release=await fixture(page,dark);await page.goto(url);await expect(page.getByRole('heading',{name:'Domain Trends',exact:true})).toBeVisible();await expect(page.getByText('Weekly Progression',{exact:true})).toBeVisible();await expect(page.getByText('What the data means',{exact:true})).toBeVisible();await expect(page.getByText('Cognitive',{exact:true}).first()).toBeVisible();await expect(page.locator('[data-sk-region="domain-trends-body"]')).toHaveAttribute('data-sk-phase','revealed');await assertNoDataSpinner(page);
         |                                                                                                                                                                                                                                                                      ^
      16 |  const verify=await captureFixedOverlay(page,`domain-trends-${width}-${dark?'dark':'light'}`,['cognitive','emotional','behavioral','social'].map(key=>`[data-sk-region="domain-trend-score-${key}"]`));fs.mkdirSync('loading-screenshots',{recursive:true});const prefix=`loading-screenshots/domain-trends-${width}-${dark?'dark':'light'}`;await page.screenshot({path:prefix+'-skeleton.png',fullPage:true});release();await expect(page.locator('.sk-region[aria-busy="true"]')).toHaveCount(0);await expect(page.getByRole('button',{name:'Mathematics',exact:true})).toBeVisible();await verify();await page.screenshot({path:prefix+'-loaded.png',fullPage:true});await expect(page.locator('[data-sk-primitive], [role=status]')).toHaveCount(0);
      17 | });
      18 | for(const count of [0,1,9])test(`domain trends preserves ${count} actual weeks and empty state`,async({page})=>{const release=await fixture(page,false,count,count===9?9:2,count===9);await page.goto(url);release();await expect(page.locator('.sk-region[aria-busy="true"]')).toHaveCount(0);if(count)await expect(page.getByText(`Based on ${count} week${count===1?'':'s'} of ratings recorded so far in this term.`,{exact:true})).toBeVisible();else await expect(page.getByText('No weekly records yet for this term.',{exact:true})).toBeVisible();});
        at C:\Users\Mavys\Downloads\QED_System\QED_front_end\tests\domain-trends-loading.spec.ts:15:262

    Error Context: test-results\domain-trends-loading-doma-f747d-omains-and-chart-shell-real\error-context.md

  1 failed
    tests\domain-trends-loading.spec.ts:14:62 › domain trends 375 light keeps domains and chart shell real 
