
[WebServer] (node:16008) Warning: The 'NO_COLOR' env is ignored due to the 'FORCE_COLOR' env being set.
[WebServer] (Use `node --trace-warnings ...` to show where the warning was created)
[WebServer] (node:37532) Warning: The 'NO_COLOR' env is ignored due to the 'FORCE_COLOR' env being set.
[WebServer] (Use `node --trace-warnings ...` to show where the warning was created)


Running 23 tests using 1 worker


(node:7212) Warning: The 'NO_COLOR' env is ignored due to the 'FORCE_COLOR' env being set.
(Use `node --trace-warnings ...` to show where the warning was created)

[1/23] tests\loading.spec.ts:7:1 › 60ms never reveals a skeleton
[2/23] tests\loading.spec.ts:11:1 › 320ms reveals after 200ms and reserves at least 400ms
[3/23] tests\loading.spec.ts:20:1 › 1500ms begins showing content within 150ms of data
[4/23] tests\loading.spec.ts:24:1 › fixed region retains height and has zero CLS
[5/23] tests\loading.spec.ts:30:3 › variable list, data size 0: one swap, stable surroundings
[6/23] tests\loading.spec.ts:30:3 › variable list, data size 2: one swap, stable surroundings
[7/23] tests\loading.spec.ts:30:3 › variable list, data size 9: one swap, stable surroundings
[8/23] tests\loading.spec.ts:30:3 › variable text, data size 1: one swap, stable surroundings
[9/23] tests\loading.spec.ts:30:3 › variable text, data size 4: one swap, stable surroundings
[10/23] tests\loading.spec.ts:30:3 › variable text, data size 24: one swap, stable surroundings
[11/23] tests\loading.spec.ts:49:1 › animation properties, shimmer duration and shared easing
[12/23] tests\loading.spec.ts:59:1 › different mount times share shimmer phase
[13/23] tests\loading.spec.ts:64:30 › 5 items use exact stagger policy
[14/23] tests\loading.spec.ts:64:30 › 12 items use exact stagger policy
[15/23] tests\loading.spec.ts:68:1 › reduced motion has no shimmer or fade wait
[16/23] tests\loading.spec.ts:76:1 › aria busy, hidden reservation, delayed status and complete cleanup
[17/23] tests\loading.spec.ts:89:1 › error removes skeleton and retry reloads
[18/23] tests\loading.spec.ts:96:1 › negative control catches wrong fixed height and CLS
[19/23] tests\loading.spec.ts:101:1 › negative control catches unsynchronized shimmer
[20/23] tests\loading.spec.ts:106:1 › skeleton CSS uses tokens for every color
[21/23] tests\loading.spec.ts:111:40 › light: neutral contrast on every surface
[22/23] tests\loading.spec.ts:111:40 › dark: neutral contrast on every surface
[23/23] tests\loading.spec.ts:120:1 › text line metrics and adjacent widths
  23 passed (35.6s)
