
[WebServer] (node:35996) Warning: The 'NO_COLOR' env is ignored due to the 'FORCE_COLOR' env being set.
[WebServer] (Use `node --trace-warnings ...` to show where the warning was created)

[WebServer] (node:5756) Warning: The 'NO_COLOR' env is ignored due to the 'FORCE_COLOR' env being set.
[WebServer] (Use `node --trace-warnings ...` to show where the warning was created)

Running 13 tests using 1 worker

(node:24516) Warning: The 'NO_COLOR' env is ignored due to the 'FORCE_COLOR' env being set.

(Use `node --trace-warnings ...` to show where the warning was created)

[1/13] tests\principal-dashboard-loading.spec.ts:6:62 › principal dashboard 375 light keeps known shell
[2/13] tests\principal-dashboard-loading.spec.ts:6:62 › principal dashboard 375 dark keeps known shell
[3/13] tests\principal-dashboard-loading.spec.ts:6:62 › principal dashboard 1280 light keeps known shell
[4/13] tests\principal-dashboard-loading.spec.ts:6:62 › principal dashboard 1280 dark keeps known shell
[5/13] tests\principal-dashboard-loading.spec.ts:7:28 › principal dashboard preserves 0 actual grades
[6/13] tests\principal-dashboard-loading.spec.ts:7:28 › principal dashboard preserves 1 actual grades
[7/13] tests\principal-dashboard-loading.spec.ts:7:28 › principal dashboard preserves 9 actual grades
[8/13] tests\principal-dashboard-loading.spec.ts:8:40 › principal dashboard retries dashboard
[9/13] tests\principal-dashboard-loading.spec.ts:8:40 › principal dashboard retries year
[10/13] tests\principal-dashboard-loading.spec.ts:9:1 › principal dashboard ranking controls preserve loaded behavior
  1) tests\principal-dashboard-loading.spec.ts:9:1 › principal dashboard ranking controls preserve loaded behavior 

    Error: expect(locator).toHaveCount(expected) failed

    Locator:  locator('[data-sk-region="principal-ranking-row"]')
    Expected: 1
    Received: 3
    Timeout:  5000ms

    Call log:
      - Expect "toHaveCount" locator('[data-sk-region="principal-ranking-row"]') with timeout 5000ms
      - waiting for locator('[data-sk-region="principal-ranking-row"]')
        14 × locator resolved to 3 elements
           - unexpected value "3"


       7 | for(const count of [0,1,9])test(`principal dashboard preserves ${count} actual grades`,async({page})=>{const release=await fixture(page,false,count,count===9);await page.goto('/principal');release();await expect(page.locator('.sk-region[aria-busy="true"]')).toHaveCount(0);await expect(page.locator('[data-sk-region="principal-top-subject"]')).toHaveCount(count);if(!count)await expect(page.getByText('Subject performance will appear when grades are available.',{exact:true})).toBeVisible();});
       8 | for(const kind of ['dashboard','year'])test(`principal dashboard retries ${kind}`,async({page})=>{const release=await fixture(page,false);release.fail(kind);await page.goto('/principal');release();await expect(page.getByRole('alert')).toBeVisible();release.recover();await page.getByRole('button',{name:'Retry',exact:true}).click();await expect(page.getByRole('alert')).toHaveCount(0);await expect(page.getByText('2026–2027',{exact:false})).toBeVisible();});
    >  9 | test('principal dashboard ranking controls preserve loaded behavior',async({page})=>{const release=await fixture(page);await page.goto('/principal');release();await expect(page.locator('.sk-region[aria-busy="true"]')).toHaveCount(0);await page.getByRole('combobox').first().selectOption('Term 2');await expect(page.locator('[data-sk-region="principal-ranking-row"]')).toHaveCount(1);await page.getByRole('combobox').first().selectOption('Term 3');await expect(page.getByText('There are no subject rankings for this term yet.',{exact:true})).toBeVisible();});
         |                                                                                                                                                                                                                                                                                                                                                                                 ^
      10 |
      11 | for(const dark of [false,true])test(`principal dashboard ${dark?'dark':'light'} spotlight contrast and pixel shape`,async({page})=>{await fixture(page,dark);await page.goto('/principal');await expect(page.locator('[data-sk-region="principal-dashboard-data"]')).toHaveAttribute('data-sk-phase','revealed');const shape=page.locator('[data-sk-region="principal-kpi-total-students"] [data-sk-primitive]');await checkRenderedContrast(shape,`principal-spotlight-${dark?'dark':'light'}`);await checkShimmerPixels(shape,`principal-spotlight-${dark?'dark':'light'}`);});
      12 | test('principal dashboard charts retain bar line and radar shapes',async({page})=>{const release=await fixture(page);await page.goto('/principal');await expect(page.locator('[data-sk-region="principal-dashboard-data"]')).toHaveAttribute('data-sk-phase','revealed');await expect(page.locator('[data-sk-chart="bar"]')).toHaveCount(6);await expect(page.locator('[data-sk-chart="line"]')).toHaveCount(1);await expect(page.locator('[data-sk-chart="radar"]')).toHaveCount(1);for(const type of ['bar','line','radar'])await expect(page.locator(`[data-sk-chart="${type}"] [data-sk-primitive]`).first()).toBeVisible();release();await expect(page.locator('.sk-region[aria-busy="true"]')).toHaveCount(0);await expect(page.locator('[data-sk-chart] [data-sk-primitive]')).toHaveCount(0);});
        at C:\Users\Mavys\Downloads\QED_System\QED_front_end\tests\principal-dashboard-loading.spec.ts:9:369

    Error Context: test-results\principal-dashboard-loadin-abd5a-ls-preserve-loaded-behavior\error-context.md


(node:39156) Warning: The 'NO_COLOR' env is ignored due to the 'FORCE_COLOR' env being set.

(Use `node --trace-warnings ...` to show where the warning was created)

[11/13] tests\principal-dashboard-loading.spec.ts:11:32 › principal dashboard light spotlight contrast and pixel shape
  2) tests\principal-dashboard-loading.spec.ts:11:32 › principal dashboard light spotlight contrast and pixel shape 

    Error: principal-spotlight-light: base/surface contrast

    expect(received).toBeLessThanOrEqual(expected)

    Expected: <= 2
    Received:    9.083320752126218

       at design-pixels.ts:31

      29 |   };
      30 |   expect(ratio(base), `${name}: base/surface contrast`).toBeGreaterThanOrEqual(1.1);
    > 31 |   expect(ratio(base), `${name}: base/surface contrast`).toBeLessThanOrEqual(2);
         |                                                         ^
      32 |   expect(ratio(shine), `${name}: shine/surface contrast`).toBeGreaterThanOrEqual(1.03);
      33 | }
      34 |
        at checkRenderedContrast (C:\Users\Mavys\Downloads\QED_System\QED_front_end\tests\design-pixels.ts:31:57)
        at C:\Users\Mavys\Downloads\QED_System\QED_front_end\tests\principal-dashboard-loading.spec.ts:11:402

    Error Context: test-results\principal-dashboard-loadin-f1d2a-ht-contrast-and-pixel-shape\error-context.md



(node:40148) Warning: The 'NO_COLOR' env is ignored due to the 'FORCE_COLOR' env being set.
(Use `node --trace-warnings ...` to show where the warning was created)

[12/13] tests\principal-dashboard-loading.spec.ts:11:32 › principal dashboard dark spotlight contrast and pixel shape
[13/13] tests\principal-dashboard-loading.spec.ts:12:1 › principal dashboard charts retain bar line and radar shapes
  3) tests\principal-dashboard-loading.spec.ts:12:1 › principal dashboard charts retain bar line and radar shapes 

    Error: expect(locator).toBeVisible() failed

    Locator:  locator('[data-sk-chart="line"] [data-sk-primitive]').first()
    Expected: visible
    Received: hidden
    Timeout:  5000ms

    Call log:
      - Expect "toBeVisible" locator('[data-sk-chart="line"] [data-sk-primitive]').first() with timeout 5000ms
      - waiting for locator('[data-sk-chart="line"] [data-sk-primitive]').first()
        13 × locator resolved to <span aria-hidden="true" data-sk-primitive="block" class="sk-primitive sk-block h-full w-full rounded-none">…</span>
           - unexpected value "hidden"


      10 |
      11 | for(const dark of [false,true])test(`principal dashboard ${dark?'dark':'light'} spotlight contrast and pixel shape`,async({page})=>{await fixture(page,dark);await page.goto('/principal');await expect(page.locator('[data-sk-region="principal-dashboard-data"]')).toHaveAttribute('data-sk-phase','revealed');const shape=page.locator('[data-sk-region="principal-kpi-total-students"] [data-sk-primitive]');await checkRenderedContrast(shape,`principal-spotlight-${dark?'dark':'light'}`);await checkShimmerPixels(shape,`principal-spotlight-${dark?'dark':'light'}`);});
    > 12 | test('principal dashboard charts retain bar line and radar shapes',async({page})=>{const release=await fixture(page);await page.goto('/principal');await expect(page.locator('[data-sk-region="principal-dashboard-data"]')).toHaveAttribute('data-sk-phase','revealed');await expect(page.locator('[data-sk-chart="bar"]')).toHaveCount(6);await expect(page.locator('[data-sk-chart="line"]')).toHaveCount(1);await expect(page.locator('[data-sk-chart="radar"]')).toHaveCount(1);for(const type of ['bar','line','radar'])await expect(page.locator(`[data-sk-chart="${type}"] [data-sk-primitive]`).first()).toBeVisible();release();await expect(page.locator('.sk-region[aria-busy="true"]')).toHaveCount(0);await expect(page.locator('[data-sk-chart] [data-sk-primitive]')).toHaveCount(0);});
         |                                                                                                                                                                                                                                                                                                                                                                                                                                                                                                                                                                                                                   ^
      13 |
        at C:\Users\Mavys\Downloads\QED_System\QED_front_end\tests\principal-dashboard-loading.spec.ts:12:595

    Error Context: test-results\principal-dashboard-loadin-48aa6-n-bar-line-and-radar-shapes\error-context.md


  3 failed
    tests\principal-dashboard-loading.spec.ts:9:1 › principal dashboard ranking controls preserve loaded behavior 
    tests\principal-dashboard-loading.spec.ts:11:32 › principal dashboard light spotlight contrast and pixel shape 
    tests\principal-dashboard-loading.spec.ts:12:1 › principal dashboard charts retain bar line and radar shapes 
  10 passed (56.8s)
