[WebServer] (node:13508) Warning: The 'NO_COLOR' env is ignored due to the 'FORCE_COLOR' env being set.
[WebServer] (Use `node --trace-warnings ...` to show where the warning was created)
[WebServer] (node:16428) Warning: The 'NO_COLOR' env is ignored due to the 'FORCE_COLOR' env being set.
[WebServer] (Use `node --trace-warnings ...` to show where the warning was created)

Running 19 tests using 1 worker

(node:39044) Warning: The 'NO_COLOR' env is ignored due to the 'FORCE_COLOR' env being set.
(Use `node --trace-warnings ...` to show where the warning was created)
  ok  1 tests\attendance-records-loading.spec.ts:13:62 › attendance records 375 light keeps date headers and view controls real (7.4s)
  ok  2 tests\attendance-records-loading.spec.ts:13:62 › attendance records 375 dark keeps date headers and view controls real (2.2s)
  ok  3 tests\attendance-records-loading.spec.ts:13:62 › attendance records 1280 light keeps date headers and view controls real (2.3s)
  ok  4 tests\attendance-records-loading.spec.ts:13:62 › attendance records 1280 dark keeps date headers and view controls real (2.3s)
  ok  5 tests\attendance-records-loading.spec.ts:17:62 › attendance summary 375 light keeps labels and calendar dates real (2.1s)
  ok  6 tests\attendance-records-loading.spec.ts:17:62 › attendance summary 375 dark keeps labels and calendar dates real (2.2s)
  ok  7 tests\attendance-records-loading.spec.ts:17:62 › attendance summary 1280 light keeps labels and calendar dates real (2.6s)
  ok  8 tests\attendance-records-loading.spec.ts:17:62 › attendance summary 1280 dark keeps labels and calendar dates real (2.7s)
  ok  9 tests\attendance-records-loading.spec.ts:20:28 › attendance records preserves 0 actual roster rows (1.4s)
  ok 10 tests\attendance-records-loading.spec.ts:20:28 › attendance records preserves 1 actual roster rows (1.3s)
  ok 11 tests\attendance-records-loading.spec.ts:20:28 › attendance records preserves 9 actual roster rows (1.4s)
[WebServer] 10:26:50 AM [vite] (client) [console.error] Failed to load attendance: Error: Failed to fetch attendance (500)
[WebServer]     at fetchAdvisoryAttendance (http://127.0.0.1:5187/src/features/profiles/teacher/pages/attendance/services/attendance.service.ts:24:21)
[WebServer] 10:26:50 AM [vite] (client) [console.error] Failed to load attendance: Error: Failed to fetch attendance (500)
[WebServer]     at fetchAdvisoryAttendance (http://127.0.0.1:5187/src/features/profiles/teacher/pages/attendance/services/attendance.service.ts:24:21)
  ok 12 tests\attendance-records-loading.spec.ts:21:39 › attendance Month request error clears all shapes and retries (1.5s)
[WebServer] 10:26:52 AM [vite] (client) [console.error] Failed to load attendance: Error: Failed to fetch attendance (500)
[WebServer]     at fetchAdvisoryAttendance (http://127.0.0.1:5187/src/features/profiles/teacher/pages/attendance/services/attendance.service.ts:24:21)
[WebServer] 10:26:52 AM [vite] (client) [console.error] Failed to load attendance: Error: Failed to fetch attendance (500)
[WebServer]     at fetchAdvisoryAttendance (http://127.0.0.1:5187/src/features/profiles/teacher/pages/attendance/services/attendance.service.ts:24:21)
[WebServer] 10:26:52 AM [vite] (client) [console.error] Failed to load attendance: Error: Failed to fetch attendance (500)
[WebServer]     at fetchAdvisoryAttendance (http://127.0.0.1:5187/src/features/profiles/teacher/pages/attendance/services/attendance.service.ts:24:21)
[WebServer] 10:26:52 AM [vite] (client) [console.error] Failed to load attendance: Error: Failed to fetch attendance (500)
[WebServer]     at fetchAdvisoryAttendance (http://127.0.0.1:5187/src/features/profiles/teacher/pages/attendance/services/attendance.service.ts:24:21)
  ok 13 tests\attendance-records-loading.spec.ts:21:39 › attendance Summary request error clears all shapes and retries (1.2s)
[WebServer] 10:26:53 AM [vite] (client) [console.error] Failed to load advisory sections: Error: Failed to fetch advisory sections (500)
[WebServer]     at fetchAdvisorySections (http://127.0.0.1:5187/src/features/profiles/teacher/pages/attendance/services/attendance.service.ts:15:21)
  ok 14 tests\attendance-records-loading.spec.ts:22:1 › attendance advisory error has a real retry (1.7s)
  ok 15 tests\attendance-records-loading.spec.ts:23:32 › attendance term fast refetch preserves rows (1.9s)
  ok 16 tests\attendance-records-loading.spec.ts:23:32 › attendance term slow refetch preserves rows (4.5s)
  ok 17 tests\attendance-records-loading.spec.ts:24:1 › attendance marking keeps the original cycle and save payload (1.5s)
  ok 18 tests\attendance-records-loading.spec.ts:25:32 › attendance light summary numeric surfaces retain contrast (2.4s)
  ok 19 tests\attendance-records-loading.spec.ts:25:32 › attendance dark summary numeric surfaces retain contrast (2.0s)

  19 passed (48.1s)
