
> qed@0.0.0 build
> tsc -b && vite build

vite v8.0.16 building client environment for production...
[2K
transforming...✓ 2906 modules transformed.
rendering chunks...
computing gzip size...
dist/index.html                                             1.11 kB │ gzip:   0.53 kB
dist/assets/teacher_man-D2IHo3qb.jpg                       39.79 kB
dist/assets/teacher_women-BtNb_XgO.jpg                     47.66 kB
dist/assets/pet-idle-LUrSbWCu.png                          57.30 kB
dist/assets/pet-happy-jsx4FRO3.png                         61.32 kB
dist/assets/pet-hungry-DCzrhxZH.png                        62.34 kB
dist/assets/EUC-BZZDGRxc.webp                              62.85 kB
dist/assets/student_girl-Bxex1pWD.jpg                      69.67 kB
dist/assets/student_boy-D_Ov4XJ-.jpg                       70.67 kB
dist/assets/admin_hat-B0JzeJgD.png                        144.10 kB
dist/assets/QED_Logo-qUfJaevn.png                         201.89 kB
dist/assets/male-white-shirt-DQVcP321.png                 345.70 kB
dist/assets/female-pink-hair-CLXdWWEL.png                 347.74 kB
dist/assets/male-beard-BSZX62A5.png                       356.81 kB
dist/assets/male-tie-6mSAnyx6.png                         357.41 kB
dist/assets/female-braid-DDG4kGY3.png                     362.03 kB
dist/assets/female-brown-hair-Sgn4xrSN.png                363.74 kB
dist/assets/DepEd-unJspnWB.png                            516.11 kB
dist/assets/SkeletonLoading-ou3uEDzj.css                    1.50 kB │ gzip:   0.63 kB
dist/assets/index-MqRbpQZq.css                            184.81 kB │ gzip:  29.79 kB
dist/assets/api.config-qjE84KfK.js                          0.05 kB │ gzip:   0.07 kB
dist/assets/Teacher-x3HOHZiH.js                             0.06 kB │ gzip:   0.07 kB
dist/assets/pet-happy-D-LiRsew.js                           0.09 kB │ gzip:   0.09 kB
dist/assets/minus-NzEoIxTG.js                               0.11 kB │ gzip:   0.13 kB
dist/assets/loader-circle-DO0nFnFm.js                       0.14 kB │ gzip:   0.15 kB
dist/assets/plus-EFM2WnoJ.js                                0.15 kB │ gzip:   0.15 kB
dist/assets/arrow-left-BPCHWkUN.js                          0.16 kB │ gzip:   0.16 kB
dist/assets/arrow-right-DVzd_u9F.js                         0.16 kB │ gzip:   0.16 kB
dist/assets/arrow-up-right-B2j_8bGn.js                      0.16 kB │ gzip:   0.15 kB
dist/assets/clock-3-v2FIw9bb.js                             0.16 kB │ gzip:   0.16 kB
dist/assets/clock-BDSq_IET.js                               0.16 kB │ gzip:   0.16 kB
dist/assets/search-DYHdpUD6.js                              0.17 kB │ gzip:   0.16 kB
dist/assets/trending-up-wfXm0Re2.js                         0.17 kB │ gzip:   0.17 kB
dist/assets/trending-down-DunY7_ma.js                       0.17 kB │ gzip:   0.17 kB
dist/assets/circle-check-big-CpGIN-UB.js                    0.19 kB │ gzip:   0.18 kB
dist/assets/constants-D6yFPsjh.js                           0.20 kB │ gzip:   0.17 kB
dist/assets/lock-BSWua7W0.js                                0.20 kB │ gzip:   0.19 kB
dist/assets/Students-DjDH3iB3.js                            0.21 kB │ gzip:   0.15 kB
dist/assets/download-CIj_VQoK.js                            0.23 kB │ gzip:   0.19 kB
dist/assets/activity-oUsLrmtp.js                            0.23 kB │ gzip:   0.19 kB
dist/assets/ellipsis-vertical-Dkj0eY4j.js                   0.23 kB │ gzip:   0.17 kB
dist/assets/maximize-2-CWppDKCe.js                          0.23 kB │ gzip:   0.18 kB
dist/assets/circle-alert-Q1xJAuDK.js                        0.25 kB │ gzip:   0.18 kB
dist/assets/compass-DK0lyY2d.js                             0.25 kB │ gzip:   0.20 kB
dist/assets/users-round-qssX_rj3.js                         0.25 kB │ gzip:   0.21 kB
dist/assets/zap-D-4ahWcp.js                                 0.26 kB │ gzip:   0.20 kB
dist/assets/triangle-alert-BQaydh_v.js                      0.26 kB │ gzip:   0.21 kB
dist/assets/typeof-B5XbjTb1.js                              0.27 kB │ gzip:   0.16 kB
dist/assets/list-checks-C3SRhIxi.js                         0.27 kB │ gzip:   0.18 kB
dist/assets/types-C7Tfi_0a.js                               0.28 kB │ gzip:   0.16 kB
dist/assets/user-B-u-P_JN.js                                0.28 kB │ gzip:   0.22 kB
dist/assets/lightbulb-_dZgPl2X.js                           0.28 kB │ gzip:   0.22 kB
dist/assets/send-BOEXKYrm.js                                0.29 kB │ gzip:   0.23 kB
dist/assets/Class-ByaEhWw5.js                               0.31 kB │ gzip:   0.23 kB
dist/assets/save-Co_XOqKo.js                                0.32 kB │ gzip:   0.22 kB
dist/assets/trash-2-BEHz7WOj.js                             0.32 kB │ gzip:   0.21 kB
dist/assets/layout-grid-CZQlYUaf.js                         0.34 kB │ gzip:   0.19 kB
dist/assets/crown-B3mGmQFr.js                               0.36 kB │ gzip:   0.25 kB
dist/assets/file-chart-column-increasing-BMhCgdxs.js        0.40 kB │ gzip:   0.26 kB
dist/assets/trophy-CMS6D3bt.js                              0.47 kB │ gzip:   0.27 kB
dist/assets/sparkles-riUa--jf.js                            0.49 kB │ gzip:   0.28 kB
dist/assets/SubjectSection-B60zDkg7.js                      0.51 kB │ gzip:   0.29 kB
dist/assets/upload-DoZATYQk.js                              0.60 kB │ gzip:   0.33 kB
dist/assets/grade-section.service-5nBrQcSV.js               0.61 kB │ gzip:   0.33 kB
dist/assets/party-popper-CiwfhdEh.js                        0.73 kB │ gzip:   0.41 kB
dist/assets/ConfirmDeleteUserModal-BwSxxqvu.js              0.74 kB │ gzip:   0.49 kB
dist/assets/heart-DAmGE3Gj.js                               0.78 kB │ gzip:   0.40 kB
dist/assets/teachers.service-vXIDzqX-.js                    0.82 kB │ gzip:   0.45 kB
dist/assets/holistic.service-zOo9fL3s.js                    1.01 kB │ gzip:   0.53 kB
dist/assets/gradeLevelsContext-ThIxj38w.js                  1.03 kB │ gzip:   0.61 kB
dist/assets/chunk-aKtaBQYM.js                               1.08 kB │ gzip:   0.62 kB
dist/assets/StudentAvatar-DK-_O0RO.js                       1.10 kB │ gzip:   0.69 kB
dist/assets/subjectGradeTemplate.service-73AD7h0c.js        1.19 kB │ gzip:   0.69 kB
dist/assets/academicyear.service-CshyqqlM.js                1.21 kB │ gzip:   0.46 kB
dist/assets/adminFeedbackModal-BiRdP3eQ.js                  1.25 kB │ gzip:   0.74 kB
dist/assets/Grading-BxF5tKfg.js                             1.27 kB │ gzip:   0.63 kB
dist/assets/students.service-Cbil_lyp.js                    1.28 kB │ gzip:   0.51 kB
dist/assets/createLucideIcon-DfGzT71e.js                    1.41 kB │ gzip:   0.79 kB
dist/assets/WorkflowStepper-GA5Xuwdj.js                     1.79 kB │ gzip:   0.86 kB
dist/assets/calendar.service-B9jfnidb.js                    1.99 kB │ gzip:   0.64 kB
dist/assets/subjectGrading.service-B8KnN8HV.js              2.09 kB │ gzip:   0.84 kB
dist/assets/SectionHeader-DNeqXaPI.js                       2.11 kB │ gzip:   1.16 kB
dist/assets/GradeLevelFilterDropdown-DMXtX4xW.js            2.39 kB │ gzip:   1.18 kB
dist/assets/StudentDirectoryTable-DzSXd4Lz.js               2.60 kB │ gzip:   1.06 kB
dist/assets/CalendarPageView-BVN4d_Zs.js                    2.67 kB │ gzip:   1.09 kB
dist/assets/AdminSubjectDetailPage-BOI-CuOm.js              2.84 kB │ gzip:   1.51 kB
dist/assets/AdvisorySectionTabs-Dj1ypCUV.js                 2.84 kB │ gzip:   1.54 kB
dist/assets/Studentsfilterbar-OD1wMvHi.js                   2.88 kB │ gzip:   1.43 kB
dist/assets/StudentDirectory-BNhDeFzi.js                    2.99 kB │ gzip:   1.44 kB
dist/assets/DashboardStatus-EVzPHVI-.js                     3.22 kB │ gzip:   1.36 kB
dist/assets/ConfirmationModal-TIJT7M-m.js                   3.28 kB │ gzip:   1.64 kB
dist/assets/ProfileOverviewCard-DgZcNaUr.js                 3.35 kB │ gzip:   1.63 kB
dist/assets/SectionsContext-DqMmnMi3.js                     3.48 kB │ gzip:   1.24 kB
dist/assets/ReportMetricCards-D3MuWIX8.js                   3.74 kB │ gzip:   1.51 kB
dist/assets/SubjectAssignmentCard-BNVf7Lsv.js               4.14 kB │ gzip:   2.02 kB
dist/assets/reservations-lCBTTG2E.js                        4.55 kB │ gzip:   2.19 kB
dist/assets/SubjectGradeTemplateSection-D-ktmbhn.js         4.68 kB │ gzip:   1.83 kB
dist/assets/PerformanceAnalytics-CjWNH2Cz.js                4.91 kB │ gzip:   2.18 kB
dist/assets/ActivePoints-DMI_MyMn.js                        4.97 kB │ gzip:   1.70 kB
dist/assets/ClassListPage-DVgihSPq.js                       5.26 kB │ gzip:   2.35 kB
dist/assets/QuestWorldBackground-BWxUPaa1.js                5.36 kB │ gzip:   2.36 kB
dist/assets/EnrolledChildrenPage-DzTtKblY.js                5.58 kB │ gzip:   2.52 kB
dist/assets/SubjectSectionsContext-DzqR53dp.js              6.26 kB │ gzip:   2.02 kB
dist/assets/UserViewPage-B0IbFN6_.js                        7.23 kB │ gzip:   3.00 kB
dist/assets/PrincipalGradebooksPage-33N9Fsim.js             7.52 kB │ gzip:   2.95 kB
dist/assets/ClassViewPage-DykHfv6Y.js                       7.68 kB │ gzip:   3.09 kB
dist/assets/TopicSupportChoice-DQrveW6B.js                  7.81 kB │ gzip:   3.48 kB
dist/assets/SubjectClassListPage-DaqxO0AR.js                8.02 kB │ gzip:   2.96 kB
dist/assets/jsx-runtime-CqVHnS4c.js                         8.06 kB │ gzip:   3.01 kB
dist/assets/SubjectPage-dnJabUaW.js                         8.30 kB │ gzip:   3.22 kB
dist/assets/StudentProfileTab-BO49nFGM.js                   8.40 kB │ gzip:   3.18 kB
dist/assets/ProgressReportContext-WB5dE9Vt.js               8.42 kB │ gzip:   3.24 kB
dist/assets/TeacherAttendancePage-DNBQBvQi.js               9.22 kB │ gzip:   3.26 kB
dist/assets/HelpSupportPage-BO5Dren0.js                     9.52 kB │ gzip:   3.79 kB
dist/assets/HolisticAverage-FtC3cEK8.js                     9.66 kB │ gzip:   3.97 kB
dist/assets/PrincipalTeachersPage-U2gF7JaG.js              10.76 kB │ gzip:   4.28 kB
dist/assets/PrincipalStudentsPage-BB0guH0J.js              11.25 kB │ gzip:   4.73 kB
dist/assets/DashboardUI-ZBWjWNLc.js                        11.25 kB │ gzip:   4.15 kB
dist/assets/StudentFormPage-YxzisGiJ.js                    11.46 kB │ gzip:   3.54 kB
dist/assets/TeacherSchedulePage-C06i_iFP.js                11.53 kB │ gzip:   4.07 kB
dist/assets/AttendanceOverview-Cj7q7Sv8.js                 11.54 kB │ gzip:   5.11 kB
dist/assets/HoisticWeeklyReportTab-CpzyjqL8.js             11.75 kB │ gzip:   4.67 kB
dist/assets/AdvisoryRosterPage-BYZ9RwAm.js                 11.89 kB │ gzip:   4.43 kB
dist/assets/LineChart-CgEDlx0W.js                          12.13 kB │ gzip:   4.58 kB
dist/assets/CoursewareView-J03TG0uF.js                     12.15 kB │ gzip:   4.25 kB
dist/assets/UserFormPage-DMxR76S5.js                       12.60 kB │ gzip:   4.38 kB
dist/assets/HolisticOverviewPage-CUS_OxXI.js               13.75 kB │ gzip:   5.33 kB
dist/assets/AcademicTab-6hAVhkGj.js                        13.80 kB │ gzip:   4.65 kB
dist/assets/CalendarPage-hxLHZBlu.js                       13.84 kB │ gzip:   4.33 kB
dist/assets/HolisticPerformanceAnalyticsPage-yy-N1Ufe.js   14.04 kB │ gzip:   5.96 kB
dist/assets/AddSubjectPage-mZa72tLU.js                     14.24 kB │ gzip:   4.73 kB
dist/assets/ClassPage-BxVhSnwk.js                          14.63 kB │ gzip:   6.01 kB
dist/assets/StudentHolisticProfilePage-BLlQ-9Hi.js         15.21 kB │ gzip:   5.16 kB
dist/assets/UserManagementPage-BiNcEVJr.js                 15.94 kB │ gzip:   5.64 kB
dist/assets/ClassFormPage-DkksRuXj.js                      16.24 kB │ gzip:   5.22 kB
dist/assets/ExpandedListModal-BUmuU7Fy.js                  16.33 kB │ gzip:   4.96 kB
dist/assets/PrincipalGradeSheetPage-D_ftS1pO.js            16.92 kB │ gzip:   5.97 kB
dist/assets/ChildDetailPage-Dhmmjnec.js                    17.08 kB │ gzip:   6.50 kB
dist/assets/AcademicYearPage-3BsMSUrD.js                   18.44 kB │ gzip:   6.14 kB
dist/assets/AnalyticsPage-DnL_2e7I.js                      20.48 kB │ gzip:   7.34 kB
dist/assets/BarChart-CqBeq92r.js                           20.60 kB │ gzip:   6.89 kB
dist/assets/LoginPanel-Ck4aEIN1.js                         22.04 kB │ gzip:   4.40 kB
dist/assets/AdminDashboardHome-BAVMmGUh.js                 22.08 kB │ gzip:   7.97 kB
dist/assets/StudentRecordsPage-ZfDJ_H9i.js                 24.23 kB │ gzip:   8.80 kB
dist/assets/HolisticDomainTrendsPage-ChF3rZMA.js           25.15 kB │ gzip:   9.10 kB
dist/assets/GradePage-CG8iHIrx.js                          26.59 kB │ gzip:   7.40 kB
dist/assets/purify.es-Bs0Imjnk.js                          27.11 kB │ gzip:  10.53 kB
dist/assets/SkeletonLoading-BSE2Bvm3.js                    28.55 kB │ gzip:   9.35 kB
dist/assets/RadarChart-CfAZgG7R.js                         29.76 kB │ gzip:   7.77 kB
dist/assets/StudentDetailPage-UmdP-W5X.js                  31.92 kB │ gzip:  10.99 kB
dist/assets/TeacherDashboardHome-Cja2XyXO.js               35.46 kB │ gzip:  12.26 kB
dist/assets/ProgessReportTab-CNJS_M25.js                   37.36 kB │ gzip:  11.99 kB
dist/assets/TeacherAttendanceRecordsPage-BWB6aRCh.js       38.01 kB │ gzip:  12.43 kB
dist/assets/SubjectDetailPage-YSGwRKM6.js                  44.96 kB │ gzip:  14.00 kB
dist/assets/PrincipalDashboardHome-DESV2hNB.js             45.00 kB │ gzip:  14.00 kB
dist/assets/LandingPage-D72BW9-w.js                        46.05 kB │ gzip:  12.05 kB
dist/assets/ManageSubjectsPage-DKt69Fk2.js                 46.06 kB │ gzip:  15.73 kB
dist/assets/ParentDashboardHome-DDg-LesJ.js                48.20 kB │ gzip:  14.46 kB
dist/assets/SubjectRecordsPage-DT9i0786.js                 51.33 kB │ gzip:  15.37 kB
dist/assets/CartesianChart-Bfjl47zg.js                     83.70 kB │ gzip:  20.77 kB
dist/assets/PetQuizPage-tKsHlPli.js                        93.43 kB │ gzip:  27.00 kB
dist/assets/index.es-CVWlLToJ.js                          151.53 kB │ gzip:  48.92 kB
dist/assets/html2canvas-B1hV9e2W.js                       199.56 kB │ gzip:  46.78 kB
dist/assets/CategoricalChart-DMTHBPH4.js                  257.73 kB │ gzip:  80.23 kB
dist/assets/gradeTemplateParser.service-vLbzbdwT.js       337.60 kB │ gzip: 115.18 kB
dist/assets/jspdf.es.min-CYd4YR4B.js                      399.67 kB │ gzip: 129.76 kB
dist/assets/index-DRaeaUMB.js                             413.73 kB │ gzip: 128.24 kB
dist/assets/exceljs.min-BEz_Ja81.js                       929.91 kB │ gzip: 256.47 kB

[PLUGIN_TIMINGS] Your build spent significant time in plugins. Here is a breakdown:
  - @rolldown/plugin-babel (92%)
  - vite:asset (6%)
See https://rolldown.rs/options/checks#plugintimings for more details.

✓ built in 15.96s
