[WebServer] (node:19472) Warning: The 'NO_COLOR' env is ignored due to the 'FORCE_COLOR' env being set.
[WebServer] (Use `node --trace-warnings ...` to show where the warning was created)

[WebServer] (node:16364) Warning: The 'NO_COLOR' env is ignored due to the 'FORCE_COLOR' env being set.
[WebServer] (Use `node --trace-warnings ...` to show where the warning was created)


Running 1 test using 1 worker

(node:34140) Warning: The 'NO_COLOR' env is ignored due to the 'FORCE_COLOR' env being set.
(Use `node --trace-warnings ...` to show where the warning was created)


[1/1] tests\loading.spec.ts:30:3 › variable text, data size 4: one swap, stable surroundings
  1) tests\loading.spec.ts:30:3 › variable text, data size 4: one swap, stable surroundings ────────

    Error: expect(received).toBe(expected) // Object.is equality

    Expected: 92
    Received: 60

      38 |     expect(await page.locator("h1").boundingBox()).toEqual(above);
      39 |     const evidence = await page.evaluate(() => ({ events: window.skEvents, shifts: window.skShifts }));
    > 40 |     expect(evidence.events.find(e => e.phase === "waiting")!.height).toBe(evidence.events.find(e => e.phase === "revealed")!.height);
         |                                                                      ^
      41 |     expect(evidence.shifts.length).toBeLessThanOrEqual(1);
      42 |     if (evidence.shifts.length) expect(Math.abs(evidence.shifts[0].time - evidence.events.find(e => e.phase === "swapping")!.time)).toBeLessThan(80);
      43 |     if (mode === "list" && count) {
        at C:\Users\Mavys\Downloads\QED_System\QED_front_end\tests\loading.spec.ts:40:70

    Error Context: test-results\loading-variable-text-data-00cbf-ne-swap-stable-surroundings\error-context.md


  1 failed
    tests\loading.spec.ts:30:3 › variable text, data size 4: one swap, stable surroundings ─────────
