
[WebServer] (node:36396) Warning: The 'NO_COLOR' env is ignored due to the 'FORCE_COLOR' env being set.
[WebServer] (Use `node --trace-warnings ...` to show where the warning was created)
[WebServer] (node:36560) Warning: The 'NO_COLOR' env is ignored due to the 'FORCE_COLOR' env being set.
[WebServer] (Use `node --trace-warnings ...` to show where the warning was created)


Running 587 tests using 2 workers


(node:28692) Warning: The 'NO_COLOR' env is ignored due to the 'FORCE_COLOR' env being set.
(Use `node --trace-warnings ...` to show where the warning was created)


(node:20232) Warning: The 'NO_COLOR' env is ignored due to the 'FORCE_COLOR' env being set.
(Use `node --trace-warnings ...` to show where the warning was created)

[1/587] tests\add-subject-loading.spec.ts:14:62 › add subject 375 light keeps known form real without data spinners
[2/587] tests\admin-class-view.spec.ts:28:68 › class details 375 light: real actions, tabs and weekday headings
[3/587] tests\add-subject-loading.spec.ts:14:62 › add subject 375 dark keeps known form real without data spinners
[4/587] tests\admin-class-view.spec.ts:28:68 › class details 375 dark: real actions, tabs and weekday headings
[5/587] tests\add-subject-loading.spec.ts:14:62 › add subject 1280 light keeps known form real without data spinners
[6/587] tests\admin-class-view.spec.ts:28:68 › class details 1280 light: real actions, tabs and weekday headings
[7/587] tests\add-subject-loading.spec.ts:14:62 › add subject 1280 dark keeps known form real without data spinners
[8/587] tests\admin-class-view.spec.ts:28:68 › class details 1280 dark: real actions, tabs and weekday headings
[9/587] tests\add-subject-loading.spec.ts:19:46 › add subject year failure exposes retry and preserves local input
[10/587] tests\add-subject-loading.spec.ts:19:46 › add subject grade failure exposes retry and preserves local input
[11/587] tests\admin-class-view.spec.ts:56:32 › class schedule 0 returned time slots retains original content
[12/587] tests\add-subject-loading.spec.ts:19:46 › add subject catalog failure exposes retry and preserves local input
[13/587] tests\admin-class-view.spec.ts:56:32 › class schedule 1 returned time slots retains original content

[WebServer] 8:20:48 PM [vite] (client) [console.error] Failed to load assessment types: Error: Failed to fetch assessment types: 500
[WebServer]     at getAssessmentTypes (http://127.0.0.1:5187/src/features/profiles/admin/pages/subjects/services/subject.service.ts:76:9)
[WebServer]     at async http://127.0.0.1:5187/src/features/profiles/admin/pages/subjects/context/SubjectsCatalogContext.tsx:40:17
[WebServer] 8:20:48 PM [vite] (client) [console.error] Failed to load assessment types: Error: Failed to fetch assessment types: 500
[WebServer]     at getAssessmentTypes (http://127.0.0.1:5187/src/features/profiles/admin/pages/subjects/services/subject.service.ts:76:9)
[WebServer]     at async http://127.0.0.1:5187/src/features/profiles/admin/pages/subjects/context/SubjectsCatalogContext.tsx:40:17

[14/587] tests\add-subject-loading.spec.ts:22:1 › non-graded subject retains its original endpoint and creation payload
[15/587] tests\admin-class-view.spec.ts:56:32 › class schedule 9 returned time slots retains original content
[16/587] tests\admin-class-view.spec.ts:65:1 › class details error removes every reservation immediately and retries context loads
[17/587] tests\admin-loading.spec.ts:38:196 › /admin 375px light: real shell and loading composition

[WebServer] 8:20:51 PM [vite] (client) [console.error] Error: Class temporarily unavailable
[WebServer]     at handleJsonResponse (http://127.0.0.1:5187/src/features/profiles/admin/pages/classes/services/classes.service.ts:14:9)
[WebServer]     at async fetchClasses (http://127.0.0.1:5187/src/features/profiles/admin/pages/classes/services/classes.service.ts:97:15)
[WebServer] 8:20:51 PM [vite] (client) [console.error] Error: Class temporarily unavailable
[WebServer]     at handleJsonResponse (http://127.0.0.1:5187/src/features/profiles/admin/pages/classes/services/classes.service.ts:14:9)

[WebServer]     at async fetchClasses (http://127.0.0.1:5187/src/features/profiles/admin/pages/classes/services/classes.service.ts:97:15)
[18/587] tests\admin-class-view.spec.ts:80:1 › class schedule auto-column classification observes native content width changes
[19/587] tests\admin-loading.spec.ts:38:196 › /admin 375px dark: real shell and loading composition
[20/587] tests\admin-class-view.spec.ts:93:1 › class roster auto-column classification observes native content width changes
[21/587] tests\admin-loading.spec.ts:38:196 › /admin 1280px light: real shell and loading composition
[22/587] tests\admin-class-view.spec.ts:107:35 › class schedule light: time cell shimmer fits its real tinted surface
[23/587] tests\admin-loading.spec.ts:38:196 › /admin 1280px dark: real shell and loading composition
[24/587] tests\admin-class-view.spec.ts:107:35 › class schedule dark: time cell shimmer fits its real tinted surface
[25/587] tests\admin-loading.spec.ts:38:196 › /admin/classes 375px light: real shell and loading composition
[26/587] tests\advisory-roster.spec.ts:17:68 › advisory roster 375 light: real labels, actions and table
[27/587] tests\admin-loading.spec.ts:38:196 › /admin/classes 375px dark: real shell and loading composition
[28/587] tests\advisory-roster.spec.ts:17:68 › advisory roster 375 dark: real labels, actions and table
[29/587] tests\admin-loading.spec.ts:38:196 › /admin/classes 1280px light: real shell and loading composition
[30/587] tests\advisory-roster.spec.ts:17:68 › advisory roster 1280 light: real labels, actions and table
[31/587] tests\admin-loading.spec.ts:38:196 › /admin/classes 1280px dark: real shell and loading composition
[32/587] tests\advisory-roster.spec.ts:17:68 › advisory roster 1280 dark: real labels, actions and table
[33/587] tests\admin-loading.spec.ts:38:196 › /admin/users 375px light: real shell and loading composition
[34/587] tests\advisory-roster.spec.ts:36:1 › student directory classification observes native columns across short/long names
[35/587] tests\attendance-records-loading.spec.ts:13:62 › attendance records 375 light keeps date headers and view controls real
[36/587] tests\admin-loading.spec.ts:38:196 › /admin/users 375px dark: real shell and loading composition
[37/587] tests\admin-loading.spec.ts:38:196 › /admin/users 1280px light: real shell and loading composition
[38/587] tests\attendance-records-loading.spec.ts:13:62 › attendance records 375 dark keeps date headers and view controls real
[39/587] tests\admin-loading.spec.ts:38:196 › /admin/users 1280px dark: real shell and loading composition
[40/587] tests\attendance-records-loading.spec.ts:13:62 › attendance records 1280 light keeps date headers and view controls real
[41/587] tests\admin-loading.spec.ts:38:196 › /admin/students 375px light: real shell and loading composition
[42/587] tests\attendance-records-loading.spec.ts:13:62 › attendance records 1280 dark keeps date headers and view controls real
[43/587] tests\admin-loading.spec.ts:38:196 › /admin/students 375px dark: real shell and loading composition
[44/587] tests\admin-loading.spec.ts:38:196 › /admin/students 1280px light: real shell and loading composition
[45/587] tests\attendance-records-loading.spec.ts:17:62 › attendance summary 375 light keeps labels and calendar dates real
[46/587] tests\admin-loading.spec.ts:38:196 › /admin/students 1280px dark: real shell and loading composition
[47/587] tests\attendance-records-loading.spec.ts:17:62 › attendance summary 375 dark keeps labels and calendar dates real
[48/587] tests\admin-loading.spec.ts:38:196 › /admin/academic-year 375px light: real shell and loading composition
[49/587] tests\attendance-records-loading.spec.ts:17:62 › attendance summary 1280 light keeps labels and calendar dates real
[50/587] tests\admin-loading.spec.ts:38:196 › /admin/academic-year 375px dark: real shell and loading composition
[51/587] tests\admin-loading.spec.ts:38:196 › /admin/academic-year 1280px light: real shell and loading composition
[52/587] tests\attendance-records-loading.spec.ts:17:62 › attendance summary 1280 dark keeps labels and calendar dates real
[53/587] tests\admin-loading.spec.ts:38:196 › /admin/academic-year 1280px dark: real shell and loading composition
[54/587] tests\admin-loading.spec.ts:38:196 › /admin/subjects 375px light: real shell and loading composition
[55/587] tests\attendance-records-loading.spec.ts:20:28 › attendance records preserves 0 actual roster rows
[56/587] tests\attendance-records-loading.spec.ts:20:28 › attendance records preserves 1 actual roster rows
[57/587] tests\admin-loading.spec.ts:38:196 › /admin/subjects 375px dark: real shell and loading composition
[58/587] tests\attendance-records-loading.spec.ts:20:28 › attendance records preserves 9 actual roster rows
[59/587] tests\admin-loading.spec.ts:38:196 › /admin/subjects 1280px light: real shell and loading composition
[60/587] tests\attendance-records-loading.spec.ts:21:39 › attendance Month request error clears all shapes and retries
[61/587] tests\admin-loading.spec.ts:38:196 › /admin/subjects 1280px dark: real shell and loading composition

[WebServer] 8:21:37 PM [vite] (client) [console.error] Failed to load attendance: Error: Failed to fetch attendance (500)
[WebServer]     at fetchAdvisoryAttendance (http://127.0.0.1:5187/src/features/profiles/teacher/pages/attendance/services/attendance.service.ts:24:21)
[WebServer] 8:21:37 PM [vite] (client) [console.error] Failed to load attendance: Error: Failed to fetch attendance (500)
[WebServer]     at fetchAdvisoryAttendance (http://127.0.0.1:5187/src/features/profiles/teacher/pages/attendance/services/attendance.service.ts:24:21)

[62/587] tests\attendance-records-loading.spec.ts:21:39 › attendance Summary request error clears all shapes and retries

[WebServer] 8:21:39 PM [vite] (client) [console.error] Failed to load attendance: Error: Failed to fetch attendance (500)
[WebServer]     at fetchAdvisoryAttendance (http://127.0.0.1:5187/src/features/profiles/teacher/pages/attendance/services/attendance.service.ts:24:21)
[WebServer] 8:21:39 PM [vite] (client) [console.error] Failed to load attendance: Error: Failed to fetch attendance (500)
[WebServer]     at fetchAdvisoryAttendance (http://127.0.0.1:5187/src/features/profiles/teacher/pages/attendance/services/attendance.service.ts:24:21)
[WebServer] 8:21:39 PM [vite] (client) [console.error] Failed to load attendance: Error: Failed to fetch attendance (500)
[WebServer]     at fetchAdvisoryAttendance (http://127.0.0.1:5187/src/features/profiles/teacher/pages/attendance/services/attendance.service.ts:24:21)

[WebServer] 8:21:39 PM [vite] (client) [console.error] Failed to load attendance: Error: Failed to fetch attendance (500)
[WebServer]     at fetchAdvisoryAttendance (http://127.0.0.1:5187/src/features/profiles/teacher/pages/attendance/services/attendance.service.ts:24:21)

[63/587] tests\attendance-records-loading.spec.ts:22:1 › attendance advisory error has a real retry
[64/587] tests\admin-loading.spec.ts:59:48 › users directory AUTO-COLUMN classification is supported by measured fixtures

[WebServer] 8:21:40 PM [vite] (client) [console.error] Failed to load advisory sections: Error: Failed to fetch advisory sections (500)
[WebServer]     at fetchAdvisorySections (http://127.0.0.1:5187/src/features/profiles/teacher/pages/attendance/services/attendance.service.ts:15:21)
[65/587] tests\admin-loading.spec.ts:59:48 › students directory AUTO-COLUMN classification is supported by measured fixtures
[66/587] tests\attendance-records-loading.spec.ts:23:32 › attendance term fast refetch preserves rows
[67/587] tests\admin-loading.spec.ts:73:2 › academic term auto-column classification requires observed variation
[68/587] tests\attendance-records-loading.spec.ts:23:32 › attendance term slow refetch preserves rows
[69/587] tests\auto-columns.spec.ts:9:32 › auto columns: 0 rows, one swap, stable shell and cached repeat
[70/587] tests\auto-columns.spec.ts:9:32 › auto columns: 1 rows, one swap, stable shell and cached repeat
[71/587] tests\attendance-records-loading.spec.ts:24:1 › attendance marking keeps the original cycle and save payload
[72/587] tests\attendance-records-loading.spec.ts:25:32 › attendance light summary numeric surfaces retain contrast
[73/587] tests\auto-columns.spec.ts:9:32 › auto columns: 9 rows, one swap, stable shell and cached repeat
[74/587] tests\attendance-records-loading.spec.ts:25:32 › attendance dark summary numeric surfaces retain contrast
[75/587] tests\attendance-records-loading.spec.ts:28:1 › attendance native fixed columns do not vary across roster names or counts
[76/587] tests\calendar-loading.spec.ts:6:70 › ADMIN calendar 375px light: real month and shared event rows
[77/587] tests\auto-columns.spec.ts:44:1 › auto-column classification requires observed data-dependent widths
[78/587] tests\class-form-loading.spec.ts:11:62 › class edit 375 light keeps original fields and schedule controls
[79/587] tests\calendar-loading.spec.ts:6:70 › ADMIN calendar 375px dark: real month and shared event rows
[80/587] tests\class-form-loading.spec.ts:11:62 › class edit 375 dark keeps original fields and schedule controls
[81/587] tests\calendar-loading.spec.ts:6:70 › ADMIN calendar 1280px light: real month and shared event rows
[82/587] tests\class-form-loading.spec.ts:11:62 › class edit 1280 light keeps original fields and schedule controls
[83/587] tests\calendar-loading.spec.ts:6:70 › ADMIN calendar 1280px dark: real month and shared event rows
[84/587] tests\class-form-loading.spec.ts:11:62 › class edit 1280 dark keeps original fields and schedule controls
[85/587] tests\calendar-loading.spec.ts:6:70 › PRINCIPAL calendar 375px light: real month and shared event rows
[86/587] tests\class-form-loading.spec.ts:15:28 › class edit retains 0 actual schedule periods
[87/587] tests\class-form-loading.spec.ts:15:28 › class edit retains 1 actual schedule periods
[88/587] tests\calendar-loading.spec.ts:6:70 › PRINCIPAL calendar 375px dark: real month and shared event rows
[89/587] tests\class-form-loading.spec.ts:15:28 › class edit retains 8 actual schedule periods
[90/587] tests\calendar-loading.spec.ts:6:70 › PRINCIPAL calendar 1280px light: real month and shared event rows
[91/587] tests\class-form-loading.spec.ts:16:85 › class form retries record failure
[WebServer] 8:22:07 PM [vite] (client) [console.error] Error: Class data unavailable

[WebServer]     at handleJsonResponse (http://127.0.0.1:5187/src/features/profiles/admin/pages/classes/services/classes.service.ts:14:9)
[WebServer]     at async fetchClasses (http://127.0.0.1:5187/src/features/profiles/admin/pages/classes/services/classes.service.ts:97:15)
[WebServer] 8:22:07 PM [vite] (client) [console.error] Error: Class data unavailable
[WebServer]     at handleJsonResponse (http://127.0.0.1:5187/src/features/profiles/admin/pages/classes/services/classes.service.ts:14:9)
[WebServer]     at async fetchClasses (http://127.0.0.1:5187/src/features/profiles/admin/pages/classes/services/classes.service.ts:97:15)

[92/587] tests\class-form-loading.spec.ts:16:85 › class form retries gradeLevels failure
[93/587] tests\calendar-loading.spec.ts:6:70 › PRINCIPAL calendar 1280px dark: real month and shared event rows

[WebServer] 8:22:09 PM [vite] (client) [console.error] Error: Class data unavailable
[WebServer]     at handleJsonResponse (http://127.0.0.1:5187/src/features/profiles/admin/pages/classes/services/classes.service.ts:14:9)
[WebServer]     at async fetchGradeLevels (http://127.0.0.1:5187/src/features/profiles/admin/pages/classes/services/classes.service.ts:20:15)

[WebServer] 8:22:09 PM [vite] (client) [console.error] Error: Class data unavailable
[WebServer]     at handleJsonResponse (http://127.0.0.1:5187/src/features/profiles/admin/pages/classes/services/classes.service.ts:14:9)
[WebServer]     at async fetchGradeLevels (http://127.0.0.1:5187/src/features/profiles/admin/pages/classes/services/classes.service.ts:20:15)
[94/587] tests\class-form-loading.spec.ts:16:85 › class form retries teacher/all failure

[WebServer] 8:22:10 PM [vite] (client) [console.error] Error: Class data unavailable
[WebServer]     at handleJsonResponse (http://127.0.0.1:5187/src/features/profiles/admin/pages/classes/services/classes.service.ts:14:9)
[WebServer]     at async fetchAllTeachers (http://127.0.0.1:5187/src/features/profiles/admin/pages/classes/services/classes.service.ts:43:15)

[WebServer] 8:22:10 PM [vite] (client) [console.error] Error: Class data unavailable
[WebServer]     at handleJsonResponse (http://127.0.0.1:5187/src/features/profiles/admin/pages/classes/services/classes.service.ts:14:9)
[WebServer]     at async fetchAllTeachers (http://127.0.0.1:5187/src/features/profiles/admin/pages/classes/services/classes.service.ts:43:15)
[95/587] tests\calendar-loading.spec.ts:6:70 › TEACHER calendar 375px light: real month and shared event rows
[96/587] tests\class-form-loading.spec.ts:16:85 › class form retries sections failure

[WebServer] 8:22:11 PM [vite] (client) [console.error] Error: Class data unavailable
[WebServer]     at handleJsonResponse (http://127.0.0.1:5187/src/features/profiles/admin/pages/classes/services/classes.service.ts:14:9)
[WebServer]     at async fetchSectionsByGrade (http://127.0.0.1:5187/src/features/profiles/admin/pages/classes/services/classes.service.ts:30:15)
[97/587] tests\class-form-loading.spec.ts:16:85 › class form retries getSubByGrade failure
[98/587] tests\calendar-loading.spec.ts:6:70 › TEACHER calendar 375px dark: real month and shared event rows
[WebServer] 8:22:13 PM [vite] (client) [console.error] Error: Class data unavailable

[WebServer]     at handleJsonResponse (http://127.0.0.1:5187/src/features/profiles/admin/pages/classes/services/classes.service.ts:14:9)
[WebServer]     at async fetchSubjectsByGrade (http://127.0.0.1:5187/src/features/profiles/admin/pages/classes/services/classes.service.ts:48:15)
[99/587] tests\class-form-loading.spec.ts:17:62 › class new 375 light preserves known empty values
[100/587] tests\calendar-loading.spec.ts:6:70 › TEACHER calendar 1280px light: real month and shared event rows
[101/587] tests\class-form-loading.spec.ts:17:62 › class new 375 dark preserves known empty values
[102/587] tests\class-form-loading.spec.ts:17:62 › class new 1280 light preserves known empty values
[103/587] tests\calendar-loading.spec.ts:6:70 › TEACHER calendar 1280px dark: real month and shared event rows
[104/587] tests\class-form-loading.spec.ts:17:62 › class new 1280 dark preserves known empty values
[105/587] tests\class-form-loading.spec.ts:18:1 › class edit saves the original mapped schedule payload
[106/587] tests\calendar-loading.spec.ts:6:70 › PARENT calendar 375px light: real month and shared event rows
[107/587] tests\class-form-loading.spec.ts:19:32 › class form light input surface pixels
[108/587] tests\calendar-loading.spec.ts:6:70 › PARENT calendar 375px dark: real month and shared event rows
[109/587] tests\class-form-loading.spec.ts:19:32 › class form dark input surface pixels
[110/587] tests\calendar-loading.spec.ts:6:70 › PARENT calendar 1280px light: real month and shared event rows
[111/587] tests\class-form-loading.spec.ts:20:32 › class adviser light disabled control surface pixels
[112/587] tests\calendar-loading.spec.ts:6:70 › PARENT calendar 1280px dark: real month and shared event rows
[113/587] tests\class-form-loading.spec.ts:20:32 › class adviser dark disabled control surface pixels
[114/587] tests\courseware-loading.spec.ts:21:68 › courseware 375 light: real learning frame before fetched leaves
[115/587] tests\class-form-loading.spec.ts:21:1 › class form keeps the known Updating prefix real before record data arrives
[116/587] tests\design-contract.spec.ts:6:1 › skeleton CSS has token-only colors
[117/587] tests\design-contract.spec.ts:15:40 › light: pixel area survives all four shimmer phases on every surface
[118/587] tests\courseware-loading.spec.ts:21:68 › courseware 375 dark: real learning frame before fetched leaves
[119/587] tests\courseware-loading.spec.ts:21:68 › courseware 1280 light: real learning frame before fetched leaves
[120/587] tests\design-contract.spec.ts:15:40 › dark: pixel area survives all four shimmer phases on every surface
[121/587] tests\courseware-loading.spec.ts:21:68 › courseware 1280 dark: real learning frame before fetched leaves
[122/587] tests\design-contract.spec.ts:20:68 › teacher 375 light: static content and spinner guard
[123/587] tests\courseware-loading.spec.ts:44:32 › courseware 0 resources preserves empty/short/long content
[124/587] tests\courseware-loading.spec.ts:44:32 › courseware 1 resources preserves empty/short/long content
[125/587] tests\design-contract.spec.ts:20:68 › teacher 375 dark: static content and spinner guard
[126/587] tests\courseware-loading.spec.ts:44:32 › courseware 9 resources preserves empty/short/long content
[127/587] tests\courseware-loading.spec.ts:55:1 › courseware error ends reservation and retries the same request
[128/587] tests\design-contract.spec.ts:20:68 › teacher 1280 light: static content and spinner guard

[WebServer] 8:22:37 PM [vite] (client) [console.error] Failed to load courseware: Error: Unavailable
[WebServer]     at getCourseware (http://127.0.0.1:5187/src/features/profiles/parent/pages/Student/Academic/service/courseware.service.ts:11:9)
[WebServer]     at async load (http://127.0.0.1:5187/src/features/profiles/parent/pages/Student/Academic/CoursewareView.tsx:204:20)
[WebServer] 8:22:37 PM [vite] (client) [console.error] Failed to load courseware: Error: Unavailable
[WebServer]     at getCourseware (http://127.0.0.1:5187/src/features/profiles/parent/pages/Student/Academic/service/courseware.service.ts:11:9)
[WebServer]     at async load (http://127.0.0.1:5187/src/features/profiles/parent/pages/Student/Academic/CoursewareView.tsx:204:20)

[129/587] tests\courseware-loading.spec.ts:69:35 › courseware light: actual hero and thumbnail surfaces keep visible shimmer
[130/587] tests\design-contract.spec.ts:20:68 › teacher 1280 dark: static content and spinner guard
[131/587] tests\courseware-loading.spec.ts:69:35 › courseware dark: actual hero and thumbnail surfaces keep visible shimmer
[132/587] tests\design-contract.spec.ts:35:1 › negative control: shine blending into the surface is caught by the pixel guard
[133/587] tests\design-contract.spec.ts:47:1 › negative control: a hard shimmer edge is caught independently of visible area
[134/587] tests\directory-loading.spec.ts:7:70 › /principal/teachers 375px light: real controls and screenshots
[135/587] tests\domain-trends-loading.spec.ts:14:62 › domain trends 375 light keeps domains and chart shell real
[136/587] tests\domain-trends-loading.spec.ts:14:62 › domain trends 375 dark keeps domains and chart shell real
[137/587] tests\directory-loading.spec.ts:7:70 › /principal/teachers 375px dark: real controls and screenshots
[138/587] tests\domain-trends-loading.spec.ts:14:62 › domain trends 1280 light keeps domains and chart shell real
[139/587] tests\directory-loading.spec.ts:7:70 › /principal/teachers 1280px light: real controls and screenshots
[140/587] tests\directory-loading.spec.ts:7:70 › /principal/teachers 1280px dark: real controls and screenshots
[141/587] tests\domain-trends-loading.spec.ts:14:62 › domain trends 1280 dark keeps domains and chart shell real
[142/587] tests\directory-loading.spec.ts:7:70 › /principal/teachers/1 375px light: real controls and screenshots
[143/587] tests\domain-trends-loading.spec.ts:18:28 › domain trends preserves 0 actual weeks and empty state
[144/587] tests\directory-loading.spec.ts:7:70 › /principal/teachers/1 375px dark: real controls and screenshots
[145/587] tests\domain-trends-loading.spec.ts:18:28 › domain trends preserves 1 actual weeks and empty state
[146/587] tests\domain-trends-loading.spec.ts:18:28 › domain trends preserves 9 actual weeks and empty state
[147/587] tests\directory-loading.spec.ts:7:70 › /principal/teachers/1 1280px light: real controls and screenshots
[148/587] tests\domain-trends-loading.spec.ts:19:51 › domain trends retries terms failure and clears placeholders
[149/587] tests\directory-loading.spec.ts:7:70 › /principal/teachers/1 1280px dark: real controls and screenshots
[150/587] tests\domain-trends-loading.spec.ts:19:51 › domain trends retries advisories failure and clears placeholders
[WebServer] 8:22:58 PM [vite] (client) [console.error] Failed to load advisory sections: Error: Failed to fetch advisory sections (500)
[WebServer]     at fetchAdvisorySections (http://127.0.0.1:5187/src/features/profiles/teacher/pages/attendance/services/attendance.service.ts:15:21)

[151/587] tests\domain-trends-loading.spec.ts:19:51 › domain trends retries trends failure and clears placeholders
[152/587] tests\directory-loading.spec.ts:7:70 › /principal/students 375px light: real controls and screenshots
[153/587] tests\domain-trends-loading.spec.ts:20:32 › domain trends light neutral score and colored composite contrast
[154/587] tests\directory-loading.spec.ts:7:70 › /principal/students 375px dark: real controls and screenshots
[155/587] tests\directory-loading.spec.ts:7:70 › /principal/students 1280px light: real controls and screenshots
[156/587] tests\domain-trends-loading.spec.ts:20:32 › domain trends dark neutral score and colored composite contrast
[157/587] tests\directory-loading.spec.ts:7:70 › /principal/students 1280px dark: real controls and screenshots
[158/587] tests\domain-trends-loading.spec.ts:21:1 › domain chart placeholder preserves the line-chart silhouette
[159/587] tests\directory-loading.spec.ts:7:70 › /principal/students/class/1 375px light: real controls and screenshots
[160/587] tests\domain-trends-loading.spec.ts:22:1 › domain subject selection and legend toggles keep their existing behavior
[161/587] tests\directory-loading.spec.ts:7:70 › /principal/students/class/1 375px dark: real controls and screenshots
[162/587] tests\domain-trends-loading.spec.ts:23:1 › domain trends no-advisory result settles to its existing empty state
[163/587] tests\domain-trends-loading.spec.ts:25:32 › domain trends fast term refetch preserves previous data
[164/587] tests\directory-loading.spec.ts:7:70 › /principal/students/class/1 1280px light: real controls and screenshots
[165/587] tests\domain-trends-loading.spec.ts:25:32 › domain trends slow term refetch preserves previous data
[166/587] tests\directory-loading.spec.ts:7:70 › /principal/students/class/1 1280px dark: real controls and screenshots
[167/587] tests\directory-loading.spec.ts:7:70 › /principal/students/grade/1 375px light: real controls and screenshots
[168/587] tests\domain-trends-loading.spec.ts:31:32 › domain trends light line shimmer retains its entire silhouette
[169/587] tests\directory-loading.spec.ts:7:70 › /principal/students/grade/1 375px dark: real controls and screenshots
[170/587] tests\domain-trends-loading.spec.ts:31:32 › domain trends dark line shimmer retains its entire silhouette
[171/587] tests\directory-loading.spec.ts:7:70 › /principal/students/grade/1 1280px light: real controls and screenshots
[172/587] tests\domain-trends-loading.spec.ts:32:28 › domain trends 1 subject tabs preserve native wrapping
[173/587] tests\directory-loading.spec.ts:7:70 › /principal/students/grade/1 1280px dark: real controls and screenshots
[174/587] tests\domain-trends-loading.spec.ts:32:28 › domain trends 2 subject tabs preserve native wrapping
[175/587] tests\directory-loading.spec.ts:7:70 › /parent/enrolled-children 375px light: real controls and screenshots
[176/587] tests\domain-trends-loading.spec.ts:32:28 › domain trends 9 subject tabs preserve native wrapping
[177/587] tests\directory-loading.spec.ts:7:70 › /parent/enrolled-children 375px dark: real controls and screenshots
[178/587] tests\finishing-contract.spec.ts:6:1 › session identity and fixed attendance labels are real before dashboard fetch
[179/587] tests\finishing-contract.spec.ts:15:1 › attendance skeleton retains the real ring chart shape
[180/587] tests\directory-loading.spec.ts:7:70 › /parent/enrolled-children 1280px light: real controls and screenshots
[181/587] tests\finishing-contract.spec.ts:25:1 › table refetch keeps old rows until delay then dims without a spinner
[182/587] tests\finishing-contract.spec.ts:44:40 › light: shine is distinct from every surface
[183/587] tests\finishing-contract.spec.ts:44:40 › dark: shine is distinct from every surface
[184/587] tests\holistic-analytics-loading.spec.ts:21:68 › holistic analytics 375 light: headers, legend and controls stay real
[185/587] tests\directory-loading.spec.ts:7:70 › /parent/enrolled-children 1280px dark: real controls and screenshots
[186/587] tests\directory-loading.spec.ts:7:70 › /parent 375px light: real controls and screenshots
[187/587] tests\holistic-analytics-loading.spec.ts:21:68 › holistic analytics 375 dark: headers, legend and controls stay real
[188/587] tests\holistic-analytics-loading.spec.ts:21:68 › holistic analytics 1280 light: headers, legend and controls stay real
[189/587] tests\directory-loading.spec.ts:7:70 › /parent 375px dark: real controls and screenshots
[190/587] tests\holistic-analytics-loading.spec.ts:21:68 › holistic analytics 1280 dark: headers, legend and controls stay real
[191/587] tests\directory-loading.spec.ts:7:70 › /parent 1280px light: real controls and screenshots
[192/587] tests\holistic-analytics-loading.spec.ts:41:1 › holistic metric name and detail bars have measurable widths
[193/587] tests\directory-loading.spec.ts:7:70 › /parent 1280px dark: real controls and screenshots
[194/587] tests\holistic-analytics-loading.spec.ts:53:32 › holistic analytics 0 returned rows preserve empty, short and wrapping results
[195/587] tests\holistic-analytics-loading.spec.ts:53:32 › holistic analytics 1 returned rows preserve empty, short and wrapping results
[196/587] tests\directory-loading.spec.ts:39:1 › principal directory auto-column classification requires observed variation
[197/587] tests\holistic-analytics-loading.spec.ts:53:32 › holistic analytics 9 returned rows preserve empty, short and wrapping results
[198/587] tests\holistic-analytics-loading.spec.ts:67:1 › holistic analytics errors clear all shapes and retry options and scores
[199/587] tests\holistic-overview-loading.spec.ts:11:62 › holistic overview 375 light keeps roster headers and filters real
[200/587] tests\holistic-analytics-loading.spec.ts:80:35 › holistic analytics light: actual card and heatmap surfaces retain shimmer pixels
[201/587] tests\holistic-overview-loading.spec.ts:11:62 › holistic overview 375 dark keeps roster headers and filters real
[202/587] tests\holistic-analytics-loading.spec.ts:80:35 › holistic analytics dark: actual card and heatmap surfaces retain shimmer pixels
[203/587] tests\holistic-overview-loading.spec.ts:11:62 › holistic overview 1280 light keeps roster headers and filters real
[204/587] tests\holistic-overview-loading.spec.ts:11:62 › holistic overview 1280 dark keeps roster headers and filters real
[205/587] tests\holistic-profile-loading.spec.ts:11:62 › holistic profile 375 light known snapshot shell remains real
[206/587] tests\holistic-overview-loading.spec.ts:12:28 › holistic overview preserves 0 returned students
[207/587] tests\holistic-profile-loading.spec.ts:11:62 › holistic profile 375 dark known snapshot shell remains real
[208/587] tests\holistic-overview-loading.spec.ts:12:28 › holistic overview preserves 1 returned students
[209/587] tests\holistic-profile-loading.spec.ts:11:62 › holistic profile 1280 light known snapshot shell remains real
[210/587] tests\holistic-overview-loading.spec.ts:12:28 › holistic overview preserves 9 returned students
[211/587] tests\holistic-overview-loading.spec.ts:13:53 › holistic overview retries terms errors without losing search
[212/587] tests\holistic-profile-loading.spec.ts:11:62 › holistic profile 1280 dark known snapshot shell remains real
[213/587] tests\holistic-overview-loading.spec.ts:13:53 › holistic overview retries advisories errors without losing search

[WebServer] 8:23:57 PM [vite] (client) [console.error] Failed to load advisory sections: Error: Failed to fetch advisory sections (500)
[WebServer]     at fetchAdvisorySections (http://127.0.0.1:5187/src/features/profiles/teacher/pages/attendance/services/attendance.service.ts:15:21)
[214/587] tests\holistic-overview-loading.spec.ts:13:53 › holistic overview retries overview errors without losing search
[215/587] tests\holistic-profile-loading.spec.ts:12:28 › holistic profile preserves 0 actual subject cards
[216/587] tests\holistic-profile-loading.spec.ts:12:28 › holistic profile preserves 1 actual subject cards
[217/587] tests\holistic-profile-loading.spec.ts:12:28 › holistic profile preserves 9 actual subject cards
[218/587] tests\holistic-overview-loading.spec.ts:14:1 › holistic overview native columns vary with actual student and trend labels
[219/587] tests\holistic-profile-loading.spec.ts:13:49 › holistic profile retries student errors
[220/587] tests\holistic-overview-loading.spec.ts:15:32 › holistic overview fast refetch preserves rows
[221/587] tests\holistic-profile-loading.spec.ts:13:49 › holistic profile retries profile errors
[222/587] tests\holistic-profile-loading.spec.ts:13:49 › holistic profile retries terms errors
[223/587] tests\holistic-overview-loading.spec.ts:15:32 › holistic overview slow refetch preserves rows
[224/587] tests\holistic-profile-loading.spec.ts:14:1 › holistic profile empty evaluations settle into the original empty state
[225/587] tests\holistic-profile-loading.spec.ts:15:1 › holistic profile subject cards and selector preserve recommendations
[226/587] tests\holistic-profile-loading.spec.ts:16:32 › holistic profile light card text retains actual contrast
[227/587] tests\holistic-overview-loading.spec.ts:16:32 › holistic overview light actual table surface contrast
[228/587] tests\holistic-profile-loading.spec.ts:16:32 › holistic profile dark card text retains actual contrast
[229/587] tests\holistic-overview-loading.spec.ts:16:32 › holistic overview dark actual table surface contrast
[230/587] tests\holistic-profile-loading.spec.ts:17:1 › holistic profile retains gauge and sparkline shapes
[231/587] tests\holistic-overview-loading.spec.ts:17:1 › holistic overview local search and level filters preserve their calculations
[232/587] tests\holistic-profile-loading.spec.ts:19:1 › holistic profile pending selector has valid native option markup
[233/587] tests\holistic-overview-loading.spec.ts:18:1 › holistic overview repeat term skeleton uses cached native widths
[234/587] tests\loading.spec.ts:7:1 › 60ms never reveals a skeleton
[235/587] tests\loading.spec.ts:11:1 › 320ms reveals after 200ms and reserves at least 400ms
[236/587] tests\loading.spec.ts:20:1 › 1500ms begins showing content within 150ms of data
[237/587] tests\loading.spec.ts:24:1 › fixed region retains height and has zero CLS
[238/587] tests\loading.spec.ts:30:3 › variable list, data size 0: one swap, stable surroundings
[239/587] tests\overlay-contract.spec.ts:6:73 › fixed overlay 375 light: shared field keeps its matching box
[240/587] tests\loading.spec.ts:30:3 › variable list, data size 2: one swap, stable surroundings
[241/587] tests\overlay-contract.spec.ts:6:73 › fixed overlay 375 dark: shared field keeps its matching box
[242/587] tests\loading.spec.ts:30:3 › variable list, data size 9: one swap, stable surroundings
[243/587] tests\loading.spec.ts:30:3 › variable text, data size 1: one swap, stable surroundings
[244/587] tests\overlay-contract.spec.ts:6:73 › fixed overlay 1280 light: shared field keeps its matching box
[245/587] tests\loading.spec.ts:30:3 › variable text, data size 4: one swap, stable surroundings
[246/587] tests\overlay-contract.spec.ts:6:73 › fixed overlay 1280 dark: shared field keeps its matching box
[247/587] tests\loading.spec.ts:30:3 › variable text, data size 24: one swap, stable surroundings
[248/587] tests\loading.spec.ts:49:1 › animation properties, shimmer duration and shared easing
[249/587] tests\overlay-contract.spec.ts:15:1 › fixed overlay rejects a shape extending outside its matching loaded field
[250/587] tests\loading.spec.ts:59:1 › different mount times share shimmer phase
[251/587] tests\loading.spec.ts:64:30 › 5 items use exact stagger policy
[252/587] tests\loading.spec.ts:64:30 › 12 items use exact stagger policy
[253/587] tests\parent-detail-loading.spec.ts:5:1 › parent detail keeps navigation and identity labels during linked-student fetch
[254/587] tests\loading.spec.ts:68:1 › reduced motion has no shimmer or fade wait
[255/587] tests\parent-detail-loading.spec.ts:32:62 › parent profile 375 light keeps known class and masks unknown avatar
[256/587] tests\loading.spec.ts:76:1 › aria busy, hidden reservation, delayed status and complete cleanup
[257/587] tests\loading.spec.ts:89:1 › error removes skeleton and retry reloads
[258/587] tests\parent-detail-loading.spec.ts:32:62 › parent profile 375 dark keeps known class and masks unknown avatar
[259/587] tests\parent-detail-loading.spec.ts:32:62 › parent profile 1280 light keeps known class and masks unknown avatar
[260/587] tests\loading.spec.ts:96:1 › negative control catches wrong fixed height and CLS
[261/587] tests\parent-detail-loading.spec.ts:32:62 › parent profile 1280 dark keeps known class and masks unknown avatar
[262/587] tests\loading.spec.ts:101:1 › negative control catches unsynchronized shimmer
[263/587] tests\loading.spec.ts:106:1 › skeleton CSS uses tokens for every color
[264/587] tests\loading.spec.ts:111:40 › light: neutral contrast on every surface
[265/587] tests\parent-detail-loading.spec.ts:41:91 › parent detail overview 375 light preserves real layout
[266/587] tests\loading.spec.ts:111:40 › dark: neutral contrast on every surface
[267/587] tests\loading.spec.ts:120:1 › text line metrics and adjacent widths
[268/587] tests\pet-quiz-loading.spec.ts:6:62 › pet quiz road 375 light keeps known challenges
[269/587] tests\parent-detail-loading.spec.ts:41:91 › parent detail overview 375 dark preserves real layout
[270/587] tests\pet-quiz-loading.spec.ts:6:62 › pet quiz road 375 dark keeps known challenges
[271/587] tests\parent-detail-loading.spec.ts:41:91 › parent detail overview 1280 light preserves real layout
[272/587] tests\pet-quiz-loading.spec.ts:6:62 › pet quiz road 1280 light keeps known challenges
[273/587] tests\parent-detail-loading.spec.ts:41:91 › parent detail overview 1280 dark preserves real layout
[274/587] tests\pet-quiz-loading.spec.ts:6:62 › pet quiz road 1280 dark keeps known challenges
[275/587] tests\parent-detail-loading.spec.ts:41:91 › parent detail academic 375 light preserves real layout
[276/587] tests\pet-quiz-loading.spec.ts:7:1 › pet intro keeps its known story visible while access loads
[277/587] tests\parent-detail-loading.spec.ts:41:91 › parent detail academic 375 dark preserves real layout
[278/587] tests\pet-quiz-loading.spec.ts:8:1 › pet quiz state error clears shapes and retries

[WebServer] 8:24:56 PM [vite] (client) [console.error] Failed to load intervention state: Error: Failed to fetch intervention state.
[WebServer]     at Object.getInterventionState (http://127.0.0.1:5187/src/features/profiles/parent/pages/Student/Academic/service/petQuiz.service.ts:20:22)
[WebServer]     at async init (http://127.0.0.1:5187/src/features/profiles/parent/pages/Student/Academic/PetQuizPage.tsx:122:19)
[WebServer] 8:24:56 PM [vite] (client) [console.error] Failed to load intervention state: Error: Failed to fetch intervention state.

[WebServer]     at Object.getInterventionState (http://127.0.0.1:5187/src/features/profiles/parent/pages/Student/Academic/service/petQuiz.service.ts:20:22)
[WebServer]     at async init (http://127.0.0.1:5187/src/features/profiles/parent/pages/Student/Academic/PetQuizPage.tsx:122:19)
[279/587] tests\pet-quiz-loading.spec.ts:9:62 › pet quiz question 375 light reserves real choices
[280/587] tests\parent-detail-loading.spec.ts:41:91 › parent detail academic 1280 light preserves real layout
[281/587] tests\parent-detail-loading.spec.ts:41:91 › parent detail academic 1280 dark preserves real layout
[282/587] tests\pet-quiz-loading.spec.ts:9:62 › pet quiz question 375 dark reserves real choices
[283/587] tests\parent-detail-loading.spec.ts:41:91 › parent detail holistic 375 light preserves real layout
[284/587] tests\pet-quiz-loading.spec.ts:9:62 › pet quiz question 1280 light reserves real choices
[285/587] tests\parent-detail-loading.spec.ts:41:91 › parent detail holistic 375 dark preserves real layout
[286/587] tests\pet-quiz-loading.spec.ts:9:62 › pet quiz question 1280 dark reserves real choices
[287/587] tests\parent-detail-loading.spec.ts:41:91 › parent detail holistic 1280 light preserves real layout
[288/587] tests\parent-detail-loading.spec.ts:41:91 › parent detail holistic 1280 dark preserves real layout
[289/587] tests\pet-quiz-loading.spec.ts:11:99 › pet bonus Match 375 light
[290/587] tests\parent-detail-loading.spec.ts:41:91 › parent detail progressReport 375 light preserves real layout
[291/587] tests\pet-quiz-loading.spec.ts:11:99 › pet bonus Match 375 dark
[292/587] tests\parent-detail-loading.spec.ts:41:91 › parent detail progressReport 375 dark preserves real layout
[293/587] tests\pet-quiz-loading.spec.ts:11:99 › pet bonus Match 1280 light
[294/587] tests\parent-detail-loading.spec.ts:41:91 › parent detail progressReport 1280 light preserves real layout
[295/587] tests\pet-quiz-loading.spec.ts:11:99 › pet bonus Match 1280 dark
[296/587] tests\parent-detail-loading.spec.ts:41:91 › parent detail progressReport 1280 dark preserves real layout
[297/587] tests\pet-quiz-loading.spec.ts:11:99 › pet bonus Memory 375 light
[298/587] tests\parent-detail-loading.spec.ts:41:91 › parent detail studentProfile 375 light preserves real layout
[299/587] tests\pet-quiz-loading.spec.ts:11:99 › pet bonus Memory 375 dark
[300/587] tests\parent-detail-loading.spec.ts:41:91 › parent detail studentProfile 375 dark preserves real layout
[301/587] tests\parent-detail-loading.spec.ts:41:91 › parent detail studentProfile 1280 light preserves real layout
[302/587] tests\pet-quiz-loading.spec.ts:11:99 › pet bonus Memory 1280 light
[303/587] tests\parent-detail-loading.spec.ts:41:91 › parent detail studentProfile 1280 dark preserves real layout
[304/587] tests\pet-quiz-loading.spec.ts:11:99 › pet bonus Memory 1280 dark
[305/587] tests\parent-detail-loading.spec.ts:50:103 › parent variable academic 0 items and wrapping
[306/587] tests\pet-quiz-loading.spec.ts:14:32 › pet quiz rendered neutral pixels false
[307/587] tests\parent-detail-loading.spec.ts:50:103 › parent variable holistic 0 items and wrapping
[308/587] tests\pet-quiz-loading.spec.ts:14:32 › pet quiz rendered neutral pixels true
[309/587] tests\parent-detail-loading.spec.ts:50:103 › parent variable progressReport 0 items and wrapping
[310/587] tests\parent-detail-loading.spec.ts:50:103 › parent variable studentProfile 0 items and wrapping
[311/587] tests\pet-quiz-loading.spec.ts:15:36 › pet quiz failure replaces loading and retries

[WebServer] 8:25:32 PM [vite] (client) [console.error] Failed to load quiz: Error: Failed to fetch quiz.
[WebServer]     at Object.getQuiz (http://127.0.0.1:5187/src/features/profiles/parent/pages/Student/Academic/service/petQuiz.service.ts:28:10)
[WebServer]     at async startFullRound (http://127.0.0.1:5187/src/features/profiles/parent/pages/Student/Academic/PetQuizPage.tsx:159:17)
[312/587] tests\pet-quiz-loading.spec.ts:15:36 › pet bonus failure replaces loading and retries
[313/587] tests\parent-detail-loading.spec.ts:50:103 › parent variable academic 1 items and wrapping

[WebServer] 8:25:34 PM [vite] (client) [console.error] Failed to load bonus game: Error: Failed to fetch bonus games.
[WebServer]     at Object.getBonusGames (http://127.0.0.1:5187/src/features/profiles/parent/pages/Student/Academic/service/petQuiz.service.ts:86:10)
[WebServer]     at async openBonus (http://127.0.0.1:5187/src/features/profiles/parent/pages/Student/Academic/PetQuizPage.tsx:192:19)
[314/587] tests\principal-dashboard-loading.spec.ts:6:62 › principal dashboard 375 light keeps known shell
[315/587] tests\parent-detail-loading.spec.ts:50:103 › parent variable holistic 1 items and wrapping
[316/587] tests\principal-dashboard-loading.spec.ts:6:62 › principal dashboard 375 dark keeps known shell
[317/587] tests\parent-detail-loading.spec.ts:50:103 › parent variable progressReport 1 items and wrapping
[318/587] tests\principal-dashboard-loading.spec.ts:6:62 › principal dashboard 1280 light keeps known shell
[319/587] tests\parent-detail-loading.spec.ts:50:103 › parent variable studentProfile 1 items and wrapping
[320/587] tests\principal-dashboard-loading.spec.ts:6:62 › principal dashboard 1280 dark keeps known shell
[321/587] tests\parent-detail-loading.spec.ts:50:103 › parent variable academic 9 items and wrapping
[322/587] tests\principal-dashboard-loading.spec.ts:7:28 › principal dashboard preserves 0 actual grades
[323/587] tests\parent-detail-loading.spec.ts:50:103 › parent variable holistic 9 items and wrapping
[324/587] tests\principal-dashboard-loading.spec.ts:7:28 › principal dashboard preserves 1 actual grades
[325/587] tests\parent-detail-loading.spec.ts:50:103 › parent variable progressReport 9 items and wrapping
[326/587] tests\principal-dashboard-loading.spec.ts:7:28 › principal dashboard preserves 9 actual grades
[327/587] tests\parent-detail-loading.spec.ts:50:103 › parent variable studentProfile 9 items and wrapping
[328/587] tests\principal-dashboard-loading.spec.ts:8:40 › principal dashboard retries dashboard
[329/587] tests\principal-dashboard-loading.spec.ts:8:40 › principal dashboard retries year
[330/587] tests\parent-detail-loading.spec.ts:53:1 › locked parent report settles into unavailable state without endless shapes
[331/587] tests\parent-detail-loading.spec.ts:57:30 › parent overview reserves variable frame before reveal and swaps once
[332/587] tests\principal-dashboard-loading.spec.ts:9:1 › principal dashboard ranking controls preserve loaded behavior
[333/587] tests\principal-dashboard-loading.spec.ts:11:32 › principal dashboard light spotlight contrast and pixel shape
[334/587] tests\parent-detail-loading.spec.ts:57:30 › parent academic reserves variable frame before reveal and swaps once
[335/587] tests\principal-dashboard-loading.spec.ts:11:32 › principal dashboard dark spotlight contrast and pixel shape
[336/587] tests\parent-detail-loading.spec.ts:57:30 › parent holistic reserves variable frame before reveal and swaps once
[337/587] tests\principal-dashboard-loading.spec.ts:12:1 › principal dashboard charts retain bar line and radar shapes
[338/587] tests\parent-detail-loading.spec.ts:57:30 › parent progressReport reserves variable frame before reveal and swaps once
[339/587] tests\principal-dashboard-loading.spec.ts:14:62 › principal dashboard 375 light lower sections retain known labels and geometry
[340/587] tests\parent-detail-loading.spec.ts:57:30 › parent studentProfile reserves variable frame before reveal and swaps once
[341/587] tests\principal-dashboard-loading.spec.ts:14:62 › principal dashboard 375 dark lower sections retain known labels and geometry
[342/587] tests\parent-detail-loading.spec.ts:87:32 › parent rendered pixels and fixed attendance overlay false
[343/587] tests\principal-dashboard-loading.spec.ts:14:62 › principal dashboard 1280 light lower sections retain known labels and geometry
[344/587] tests\parent-detail-loading.spec.ts:87:32 › parent rendered pixels and fixed attendance overlay true
[345/587] tests\principal-dashboard-loading.spec.ts:14:62 › principal dashboard 1280 dark lower sections retain known labels and geometry
[346/587] tests\parent-detail-loading.spec.ts:95:178 › parent academic fetch failure clears shapes and retries
[347/587] tests\principal-dashboard-loading.spec.ts:16:1 › principal dashboard pending rankings mask fetched names grades and scores
[348/587] tests\parent-detail-loading.spec.ts:95:178 › parent holistic fetch failure clears shapes and retries
[349/587] tests\principal-dashboard-loading.spec.ts:18:1 › principal dashboard preserves the client-known intervention stub before fetch
[350/587] tests\parent-detail-loading.spec.ts:95:178 › parent progressReport fetch failure clears shapes and retries
[351/587] tests\principal-grade-sheet-loading.spec.ts:13:62 › grade sheet 375 light keeps known controls and headers real
[352/587] tests\parent-detail-loading.spec.ts:95:178 › parent studentProfile fetch failure clears shapes and retries
[353/587] tests\parent-detail-loading.spec.ts:99:1 › parent report auto-column marking reflects measured native content variation
[354/587] tests\principal-grade-sheet-loading.spec.ts:13:62 › grade sheet 375 dark keeps known controls and headers real
[355/587] tests\principal-grade-sheet-loading.spec.ts:13:62 › grade sheet 1280 light keeps known controls and headers real
[356/587] tests\parent-detail-loading.spec.ts:108:1 › parent report repeat visit restores native column reservations within 2px
[357/587] tests\principal-grade-sheet-loading.spec.ts:13:62 › grade sheet 1280 dark keeps known controls and headers real
[358/587] tests\principal-grade-sheet-loading.spec.ts:17:28 › grade sheet preserves 0 actual student rows
[359/587] tests\principal-gradebooks.spec.ts:17:68 › principal gradebooks 375 light: real shell and existing cards
[360/587] tests\principal-grade-sheet-loading.spec.ts:17:28 › grade sheet preserves 1 actual student rows
[361/587] tests\principal-grade-sheet-loading.spec.ts:17:28 › grade sheet preserves 9 actual student rows
[362/587] tests\principal-grade-sheet-loading.spec.ts:18:44 › grade sheet retries period errors
[363/587] tests\principal-gradebooks.spec.ts:17:68 › principal gradebooks 375 dark: real shell and existing cards
[364/587] tests\principal-grade-sheet-loading.spec.ts:18:44 › grade sheet retries book errors
[365/587] tests\principal-gradebooks.spec.ts:17:68 › principal gradebooks 1280 light: real shell and existing cards
[366/587] tests\principal-grade-sheet-loading.spec.ts:18:44 › grade sheet retries year errors
[367/587] tests\principal-gradebooks.spec.ts:17:68 › principal gradebooks 1280 dark: real shell and existing cards
[368/587] tests\principal-grade-sheet-loading.spec.ts:19:1 › default term lookup keeps the grade sheet shell visible and then selects the server default
[369/587] tests\principal-grade-sheet-loading.spec.ts:20:1 › unsubmitted term keeps the original unavailable modal and selected term
[370/587] tests\principal-gradebooks.spec.ts:40:1 › repeat gradebook visit displays cached cards and school year immediately
[371/587] tests\principal-grade-sheet-loading.spec.ts:21:1 › grade sheet native columns vary with actual returned content
[372/587] tests\principal-gradebooks.spec.ts:56:1 › inline school year preserves the original paragraph flow
[373/587] tests\refetch-contract.spec.ts:33:1 › 60ms refetch never dims or mounts visible skeleton rows
[374/587] tests\principal-grade-sheet-loading.spec.ts:22:32 › grade sheet light actual table surface pixels
[375/587] tests\refetch-contract.spec.ts:45:1 › slow refetch dims old rows, then falls back after two seconds without moving surroundings
[376/587] tests\principal-grade-sheet-loading.spec.ts:22:32 › grade sheet dark actual table surface pixels
[377/587] tests\principal-grade-sheet-loading.spec.ts:23:1 › grade sheet repeat view reuses measured native columns and slow refetch retains rows
[378/587] tests\refetch-contract.spec.ts:66:1 › refetch after empty results uses initial skeleton reservation
[379/587] tests\removed-loading-guard.spec.ts:9:1 › removed splash and duplicate advisory skeleton cannot be reintroduced
[380/587] tests\route-coverage.spec.ts:30:1 › every real route must register its own loading composition
[381/587] tests\static-routes.spec.ts:6:68 › topic support 375 light: known quest choices render immediately
[382/587] tests\static-routes.spec.ts:6:68 › topic support 375 dark: known quest choices render immediately
[383/587] tests\static-routes.spec.ts:6:68 › topic support 1280 light: known quest choices render immediately
[384/587] tests\static-routes.spec.ts:6:68 › topic support 1280 dark: known quest choices render immediately
[385/587] tests\static-routes.spec.ts:25:141 › ADMIN help 375 light: known page remains real
[386/587] tests\static-routes.spec.ts:25:141 › ADMIN help 375 dark: known page remains real
[387/587] tests\principal-grade-sheet-loading.spec.ts:28:32 › grade sheet light term value has a measurable placeholder
[388/587] tests\static-routes.spec.ts:25:141 › ADMIN help 1280 light: known page remains real
[389/587] tests\static-routes.spec.ts:25:141 › ADMIN help 1280 dark: known page remains real
[390/587] tests\principal-grade-sheet-loading.spec.ts:28:32 › grade sheet dark term value has a measurable placeholder
[391/587] tests\static-routes.spec.ts:25:141 › PRINCIPAL help 375 light: known page remains real
[392/587] tests\static-routes.spec.ts:25:141 › PRINCIPAL help 375 dark: known page remains real
[393/587] tests\principal-grade-sheet-loading.spec.ts:32:1 › grade sheet fast term refetch never dims or reveals placeholders
[394/587] tests\static-routes.spec.ts:25:141 › PRINCIPAL help 1280 light: known page remains real
[395/587] tests\static-routes.spec.ts:25:141 › PRINCIPAL help 1280 dark: known page remains real
[396/587] tests\principal-grade-sheet-loading.spec.ts:37:1 › intrinsic term selector stays variable and its loaded width follows actual labels
[397/587] tests\static-routes.spec.ts:25:141 › TEACHER help 375 light: known page remains real
[398/587] tests\student-details-loading.spec.ts:25:68 › student details 375 light: real labels, baseline chart and controls
[399/587] tests\static-routes.spec.ts:25:141 › TEACHER help 375 dark: known page remains real
[400/587] tests\static-routes.spec.ts:25:141 › TEACHER help 1280 light: known page remains real
[401/587] tests\static-routes.spec.ts:25:141 › TEACHER help 1280 dark: known page remains real
[402/587] tests\student-details-loading.spec.ts:25:68 › student details 375 dark: real labels, baseline chart and controls
[403/587] tests\static-routes.spec.ts:25:141 › PARENT help 375 light: known page remains real
[404/587] tests\static-routes.spec.ts:25:141 › PARENT help 375 dark: known page remains real
[405/587] tests\student-details-loading.spec.ts:25:68 › student details 1280 light: real labels, baseline chart and controls
[406/587] tests\static-routes.spec.ts:25:141 › PARENT help 1280 light: known page remains real
[407/587] tests\static-routes.spec.ts:25:141 › PARENT help 1280 dark: known page remains real
[408/587] tests\student-details-loading.spec.ts:25:68 › student details 1280 dark: real labels, baseline chart and controls
[409/587] tests\static-routes.spec.ts:44:105 › / 375 light: static public page needs no invented skeleton
[410/587] tests\static-routes.spec.ts:44:105 › / 375 dark: static public page needs no invented skeleton
[411/587] tests\student-details-loading.spec.ts:42:32 › student details 0 scheduled subjects preserve native rows and known status
[412/587] tests\static-routes.spec.ts:44:105 › / 1280 light: static public page needs no invented skeleton
[413/587] tests\student-details-loading.spec.ts:42:32 › student details 1 scheduled subjects preserve native rows and known status
[414/587] tests\student-details-loading.spec.ts:42:32 › student details 9 scheduled subjects preserve native rows and known status
[415/587] tests\static-routes.spec.ts:44:105 › / 1280 dark: static public page needs no invented skeleton
[416/587] tests\student-details-loading.spec.ts:52:1 › student details failure removes all placeholders and retries the original context request
[417/587] tests\static-routes.spec.ts:44:105 › /login 375 light: static public page needs no invented skeleton
[418/587] tests\static-routes.spec.ts:44:105 › /login 375 dark: static public page needs no invented skeleton
[419/587] tests\student-details-loading.spec.ts:64:1 › student details not-found state waits for the student request
[420/587] tests\static-routes.spec.ts:44:105 › /login 1280 light: static public page needs no invented skeleton
[421/587] tests\student-details-loading.spec.ts:72:1 › student performance AUTO-COLUMN classification requires native width variation
[422/587] tests\static-routes.spec.ts:44:105 › /login 1280 dark: static public page needs no invented skeleton
[423/587] tests\student-form-loading.spec.ts:11:62 › student edit 375 light keeps actual fields while the record loads
[424/587] tests\subject-analytics-loading.spec.ts:21:68 › subject analytics 375 light: real ranking frames and controls
[425/587] tests\subject-analytics-loading.spec.ts:21:68 › subject analytics 375 dark: real ranking frames and controls
[426/587] tests\student-form-loading.spec.ts:11:62 › student edit 375 dark keeps actual fields while the record loads
[427/587] tests\subject-analytics-loading.spec.ts:21:68 › subject analytics 1280 light: real ranking frames and controls
[428/587] tests\student-form-loading.spec.ts:11:62 › student edit 1280 light keeps actual fields while the record loads
[429/587] tests\subject-analytics-loading.spec.ts:21:68 › subject analytics 1280 dark: real ranking frames and controls
[430/587] tests\student-form-loading.spec.ts:11:62 › student edit 1280 dark keeps actual fields while the record loads
[431/587] tests\subject-analytics-loading.spec.ts:43:35 › subject priority light: track placeholder fits its actual surface
[432/587] tests\student-form-loading.spec.ts:21:1 › student edit error clears all shapes and retries the record request
[433/587] tests\subject-analytics-loading.spec.ts:43:35 › subject priority dark: track placeholder fits its actual surface
[434/587] tests\student-form-loading.spec.ts:25:1 › student not found is rendered only after a completed empty response
[435/587] tests\student-form-loading.spec.ts:28:62 › student new 375 light keeps known input and workflow real
[436/587] tests\student-form-loading.spec.ts:28:62 › student new 375 dark keeps known input and workflow real
[437/587] tests\subject-analytics-loading.spec.ts:53:32 › subject analytics 0 subjects preserve the real empty, short and full ranking states
[438/587] tests\student-form-loading.spec.ts:28:62 › student new 1280 light keeps known input and workflow real
[439/587] tests\subject-analytics-loading.spec.ts:53:32 › subject analytics 1 subjects preserve the real empty, short and full ranking states
[440/587] tests\student-form-loading.spec.ts:28:62 › student new 1280 dark keeps known input and workflow real
[441/587] tests\subject-analytics-loading.spec.ts:53:32 › subject analytics 9 subjects preserve the real empty, short and full ranking states
[442/587] tests\student-form-loading.spec.ts:32:1 › placement errors are retryable without losing edited student fields
[443/587] tests\subject-analytics-loading.spec.ts:67:1 › subject analytics failure removes placeholders and retries all report requests

[WebServer] 8:27:19 PM [vite] (client) [console.error] Error in gradeService: Error: Failed to fetch grade levels: Internal Server Error
[WebServer]     at fetchGradeLevels (http://127.0.0.1:5187/src/features/profiles/admin/pages/studentrecords/services/grade-section.service.ts:7:10)
[WebServer]     at async loadGrades (http://127.0.0.1:5187/src/features/profiles/admin/pages/studentrecords/StudentFormPage.tsx:99:18)

[WebServer] 8:27:19 PM [vite] (client) [console.error] Error in gradeService: Error: Failed to fetch grade levels: Internal Server Error
[WebServer]     at fetchGradeLevels (http://127.0.0.1:5187/src/features/profiles/admin/pages/studentrecords/services/grade-section.service.ts:7:10)
[WebServer]     at async loadGrades (http://127.0.0.1:5187/src/features/profiles/admin/pages/studentrecords/StudentFormPage.tsx:99:18)
[WebServer] 8:27:19 PM [vite] (client) [console.error] Error in sectionService: Error: Failed to fetch sections: Internal Server Error

[WebServer]     at fetchSectionByGrade (http://127.0.0.1:5187/src/features/profiles/admin/pages/studentrecords/services/grade-section.service.ts:21:10)
[WebServer]     at async loadSections (http://127.0.0.1:5187/src/features/profiles/admin/pages/studentrecords/StudentFormPage.tsx:128:18)

[WebServer] 8:27:19 PM [vite] (client) [console.error] Failed loading sections: Error: Failed to fetch sections: Internal Server Error
[WebServer]     at fetchSectionByGrade (http://127.0.0.1:5187/src/features/profiles/admin/pages/studentrecords/services/grade-section.service.ts:21:10)
[WebServer]     at async loadSections (http://127.0.0.1:5187/src/features/profiles/admin/pages/studentrecords/StudentFormPage.tsx:128:18)
[444/587] tests\student-form-loading.spec.ts:35:1 › student edit retains the existing update endpoint and payload
[445/587] tests\subject-analytics-loading.spec.ts:80:35 › subject analytics fast term refetch preserves the old ranking
[446/587] tests\student-form-loading.spec.ts:47:32 › student input light contrast and shimmer pixels
[447/587] tests\subject-analytics-loading.spec.ts:80:35 › subject analytics slow term refetch preserves the old ranking
[448/587] tests\student-form-loading.spec.ts:47:32 › student input dark contrast and shimmer pixels
[449/587] tests\student-form-loading.spec.ts:50:1 › single-line form controls remain fixed across short and long student values
[450/587] tests\subject-analytics-loading.spec.ts:112:35 › subject analytics light: native chart bars and priority text use scoped neutral pixels
[451/587] tests\subject-class-list.spec.ts:17:68 › subject roster 375 light: real controls, shared table rows and screenshots
[452/587] tests\subject-analytics-loading.spec.ts:112:35 › subject analytics dark: native chart bars and priority text use scoped neutral pixels
[453/587] tests\subject-class-list.spec.ts:17:68 › subject roster 375 dark: real controls, shared table rows and screenshots
[454/587] tests\subject-edit-modal-loading.spec.ts:6:62 › edit subject template 375 light settles errors and retries
[455/587] tests\subject-class-list.spec.ts:17:68 › subject roster 1280 light: real controls, shared table rows and screenshots

[WebServer] 8:27:32 PM [vite] (client) [console.error] Failed to load active grade template: Error: Template unavailable
[WebServer]     at getActiveGradeTemplate (http://127.0.0.1:5187/src/features/profiles/admin/pages/subjects/services/subjectGradeTemplate.service.ts:25:9)
[456/587] tests\subject-edit-modal-loading.spec.ts:6:62 › edit subject template 375 dark settles errors and retries
[457/587] tests\subject-class-list.spec.ts:17:68 › subject roster 1280 dark: real controls, shared table rows and screenshots

[WebServer] 8:27:33 PM [vite] (client) [console.error] Failed to load active grade template: Error: Template unavailable
[WebServer]     at getActiveGradeTemplate (http://127.0.0.1:5187/src/features/profiles/admin/pages/subjects/services/subjectGradeTemplate.service.ts:25:9)
[458/587] tests\subject-edit-modal-loading.spec.ts:6:62 › edit subject template 1280 light settles errors and retries

[WebServer] 8:27:35 PM [vite] (client) [console.error] Failed to load active grade template: Error: Template unavailable
[WebServer]     at getActiveGradeTemplate (http://127.0.0.1:5187/src/features/profiles/admin/pages/subjects/services/subjectGradeTemplate.service.ts:25:9)
[459/587] tests\subject-class-list.spec.ts:39:1 › subject roster auto-column classification is supported by native width changes
[460/587] tests\subject-edit-modal-loading.spec.ts:6:62 › edit subject template 1280 dark settles errors and retries
[461/587] tests\subject-class-list.spec.ts:52:32 › subject roster 0 results uses the real empty/short/long table

[WebServer] 8:27:36 PM [vite] (client) [console.error] Failed to load active grade template: Error: Template unavailable
[WebServer]     at getActiveGradeTemplate (http://127.0.0.1:5187/src/features/profiles/admin/pages/subjects/services/subjectGradeTemplate.service.ts:25:9)
[462/587] tests\subject-records-loading.spec.ts:15:64 › subject records 375 light preserves known roster and headers
[463/587] tests\subject-class-list.spec.ts:52:32 › subject roster 1 results uses the real empty/short/long table
[464/587] tests\subject-class-list.spec.ts:52:32 › subject roster 9 results uses the real empty/short/long table
[465/587] tests\subject-records-loading.spec.ts:15:64 › subject records 375 dark preserves known roster and headers
[466/587] tests\subject-template-loading.spec.ts:21:68 › subject template 375 light: upload frame is real before fetched metadata
[467/587] tests\subject-records-loading.spec.ts:15:64 › subject records 1280 light preserves known roster and headers
[468/587] tests\subject-template-loading.spec.ts:21:68 › subject template 375 dark: upload frame is real before fetched metadata
[469/587] tests\subject-template-loading.spec.ts:21:68 › subject template 1280 light: upload frame is real before fetched metadata
[470/587] tests\subject-records-loading.spec.ts:15:64 › subject records 1280 dark preserves known roster and headers
[471/587] tests\subject-template-loading.spec.ts:21:68 › subject template 1280 dark: upload frame is real before fetched metadata
[472/587] tests\subject-records-loading.spec.ts:28:48 › subject records retries items without indefinite shapes

[WebServer] 8:27:46 PM [vite] (client) [console.error] Failed to load records: Error: Records unavailable
[WebServer]     at handleJsonResponse (http://127.0.0.1:5187/src/features/profiles/teacher/pages/subjects/services/subjectGrading.service.ts:12:9)
[WebServer]     at async fetchItems (http://127.0.0.1:5187/src/features/profiles/teacher/pages/subjects/services/subjectGrading.service.ts:49:15)
[WebServer]     at async Promise.all (index 0)
[473/587] tests\subject-records-loading.spec.ts:28:48 › subject records retries scores without indefinite shapes
[474/587] tests\subject-template-loading.spec.ts:40:1 › subject template absent result keeps original upload operation

[WebServer] 8:27:47 PM [vite] (client) [console.error] Failed to load records: Error: Records unavailable
[WebServer]     at handleJsonResponse (http://127.0.0.1:5187/src/features/profiles/teacher/pages/subjects/services/subjectGrading.service.ts:12:9)
[WebServer]     at async fetchScores (http://127.0.0.1:5187/src/features/profiles/teacher/pages/subjects/services/subjectGrading.service.ts:67:15)
[WebServer]     at async Promise.all (index 1)
[475/587] tests\subject-template-loading.spec.ts:52:1 › subject template error clears skeleton and retries existing service
[476/587] tests\subject-records-loading.spec.ts:28:48 › subject records retries weights without indefinite shapes
[477/587] tests\subject-template-loading.spec.ts:66:35 › subject template light: fetched button label uses the actual maroon surface
[478/587] tests\subject-records-loading.spec.ts:29:28 › subject records retains 0 known roster rows
[479/587] tests\subject-template-loading.spec.ts:66:35 › subject template dark: fetched button label uses the actual maroon surface
[480/587] tests\subject-records-loading.spec.ts:29:28 › subject records retains 1 known roster rows
[481/587] tests\subject-records-loading.spec.ts:29:28 › subject records retains 9 known roster rows
[482/587] tests\teacher-attendance.spec.ts:23:68 › teacher attendance 375 light: staged fetches keep real controls and table
[483/587] tests\subject-records-loading.spec.ts:30:32 › subject records light actual score surface pixels
[484/587] tests\teacher-attendance.spec.ts:23:68 › teacher attendance 375 dark: staged fetches keep real controls and table
[485/587] tests\subject-records-loading.spec.ts:30:32 › subject records dark actual score surface pixels
[486/587] tests\teacher-attendance.spec.ts:23:68 › teacher attendance 1280 light: staged fetches keep real controls and table
[487/587] tests\subject-records-loading.spec.ts:31:1 › subject records keeps native table markup valid
[488/587] tests\teacher-attendance.spec.ts:23:68 › teacher attendance 1280 dark: staged fetches keep real controls and table
[489/587] tests\subject-records-loading.spec.ts:34:62 › subject holistic records 375 light keeps known table and domains
[490/587] tests\teacher-attendance.spec.ts:46:1 › attendance column classification is justified by long returned names
[491/587] tests\subject-records-loading.spec.ts:34:62 › subject holistic records 375 dark keeps known table and domains
[492/587] tests\teacher-attendance.spec.ts:59:1 › attendance loading migration preserves the marking request
[493/587] tests\teacher-dashboard.spec.ts:6:68 › teacher dashboard 375px light: real route, stable stat geometry and screenshots
[494/587] tests\subject-records-loading.spec.ts:34:62 › subject holistic records 1280 light keeps known table and domains
[495/587] tests\teacher-dashboard.spec.ts:6:68 › teacher dashboard 375px dark: real route, stable stat geometry and screenshots
[496/587] tests\subject-records-loading.spec.ts:34:62 › subject holistic records 1280 dark keeps known table and domains
[497/587] tests\teacher-dashboard.spec.ts:6:68 › teacher dashboard 1280px light: real route, stable stat geometry and screenshots
[498/587] tests\subject-records-loading.spec.ts:41:1 › subject records auto columns vary with actual learner names
[499/587] tests\teacher-dashboard.spec.ts:6:68 › teacher dashboard 1280px dark: real route, stable stat geometry and screenshots
[500/587] tests\subject-records-loading.spec.ts:43:1 › subject records repeats cached native leaf columns within 2px
[501/587] tests\teacher-dashboard.spec.ts:34:1 › classification rejects fixed regions whose loaded height depends on data size
[502/587] tests\teacher-dashboard.spec.ts:48:88 › teacher wrapping name classification: 3 characters
[503/587] tests\teacher-dashboard.spec.ts:48:88 › teacher wrapping name classification: 15 characters
[504/587] tests\teacher-dashboard.spec.ts:48:88 › teacher wrapping name classification: 200 characters
[505/587] tests\teacher-grades-loading.spec.ts:6:62 › teacher grades 375 light keeps real headers and controls
[506/587] tests\teacher-subject-loading.spec.ts:23:66 › teacher subject 375 light keeps real score sheet and controls
[507/587] tests\teacher-grades-loading.spec.ts:6:62 › teacher grades 375 dark keeps real headers and controls
[508/587] tests\teacher-subject-loading.spec.ts:23:66 › teacher subject 375 dark keeps real score sheet and controls
[509/587] tests\teacher-grades-loading.spec.ts:6:62 › teacher grades 1280 light keeps real headers and controls
[510/587] tests\teacher-subject-loading.spec.ts:23:66 › teacher subject 1280 light keeps real score sheet and controls
[511/587] tests\teacher-grades-loading.spec.ts:6:62 › teacher grades 1280 dark keeps real headers and controls
[512/587] tests\teacher-subject-loading.spec.ts:23:66 › teacher subject 1280 dark keeps real score sheet and controls
[513/587] tests\teacher-grades-loading.spec.ts:7:28 › teacher grades preserves 0 actual students
[514/587] tests\teacher-subject-loading.spec.ts:40:30 › teacher subject 0 students keeps original empty and full rosters
[515/587] tests\teacher-grades-loading.spec.ts:7:28 › teacher grades preserves 1 actual students
[516/587] tests\teacher-grades-loading.spec.ts:7:28 › teacher grades preserves 9 actual students
[517/587] tests\teacher-subject-loading.spec.ts:40:30 › teacher subject 1 students keeps original empty and full rosters
[518/587] tests\teacher-grades-loading.spec.ts:8:52 › teacher grades retries terms
[519/587] tests\teacher-subject-loading.spec.ts:40:30 › teacher subject 9 students keeps original empty and full rosters
[520/587] tests\teacher-grades-loading.spec.ts:8:52 › teacher grades retries sections
[521/587] tests\teacher-grades-loading.spec.ts:8:52 › teacher grades retries gradebook
[522/587] tests\teacher-subject-loading.spec.ts:49:1 › teacher subject record failure clears placeholders and retries its real requests

[WebServer] 8:28:31 PM [vite] (client) [console.error] Failed to load advisory gradebook: Error: Records unavailable
[WebServer]     at handleJsonResponse (http://127.0.0.1:5187/src/features/profiles/teacher/pages/grades/services/gradePage.service.ts:14:38)
[WebServer]     at async fetchAdvisoryGradebook (http://127.0.0.1:5187/src/features/profiles/teacher/pages/grades/services/gradePage.service.ts:29:15)
[523/587] tests\teacher-grades-loading.spec.ts:9:1 › teacher grades preserves visibility and history tabs

[WebServer] 8:28:31 PM [vite] (client) [console.error] Failed to load subject info: Error: Class unavailable
[WebServer]     at handleJsonResponse (http://127.0.0.1:5187/src/features/profiles/teacher/pages/subjects/services/subjectGrading.service.ts:12:9)
[WebServer]     at async fetchSubjectSectionInfo (http://127.0.0.1:5187/src/features/profiles/teacher/pages/subjects/services/subjectGrading.service.ts:39:15)
[WebServer]     at async Promise.allSettled (index 0)
[WebServer]     at async loadAll (http://127.0.0.1:5187/src/features/profiles/teacher/pages/subjects/detail/SubjectDetailPage.tsx:221:82)
[524/587] tests\teacher-subject-loading.spec.ts:57:66 › teacher holistic 375 light keeps actual rating controls and domain headers
[525/587] tests\teacher-grades-loading.spec.ts:11:1 › teacher grades and visibility have valid native table markup
[526/587] tests\teacher-subject-loading.spec.ts:57:66 › teacher holistic 375 dark keeps actual rating controls and domain headers
[527/587] tests\teacher-grades-loading.spec.ts:12:1 › teacher grades native automatic columns vary across real content
[528/587] tests\teacher-subject-loading.spec.ts:57:66 › teacher holistic 1280 light keeps actual rating controls and domain headers
[529/587] tests\teacher-grades-loading.spec.ts:13:32 › teacher grades fast term refetch preserves old rows
[530/587] tests\teacher-subject-loading.spec.ts:57:66 › teacher holistic 1280 dark keeps actual rating controls and domain headers
[531/587] tests\teacher-grades-loading.spec.ts:13:32 › teacher grades slow term refetch preserves old rows
[532/587] tests\teacher-subject-loading.spec.ts:71:1 › teacher grading tables are auto-column only because native widths vary with returned names
[533/587] tests\teacher-subject-loading.spec.ts:85:1 › teacher score saving retains the existing request payload and working-item handoff
[534/587] tests\teacher-grades-loading.spec.ts:14:54 › teacher grades retries visibility independently
[535/587] tests\teacher-subject-loading.spec.ts:93:34 › teacher score sheet light placeholders stay visible on header and row surfaces

[WebServer] 8:28:45 PM [vite] (client) [console.error] Failed to load grade visibility: Error: Records unavailable
[WebServer]     at handleJsonResponse (http://127.0.0.1:5187/src/features/profiles/teacher/pages/grades/services/gradePage.service.ts:14:38)
[WebServer]     at async fetchGradeVisibility (http://127.0.0.1:5187/src/features/profiles/teacher/pages/grades/services/gradePage.service.ts:60:15)
[WebServer] 8:28:45 PM [vite] (client) [console.error] Failed to load grade visibility: Error: Records unavailable
[WebServer]     at handleJsonResponse (http://127.0.0.1:5187/src/features/profiles/teacher/pages/grades/services/gradePage.service.ts:14:38)
[WebServer]     at async fetchGradeVisibility (http://127.0.0.1:5187/src/features/profiles/teacher/pages/grades/services/gradePage.service.ts:60:15)

[536/587] tests\teacher-grades-loading.spec.ts:14:54 › teacher grades retries logs independently
[537/587] tests\teacher-grades-loading.spec.ts:14:54 › teacher grades retries submission independently
[538/587] tests\teacher-subject-loading.spec.ts:93:34 › teacher score sheet dark placeholders stay visible on header and row surfaces
[539/587] tests\teacher-grades-loading.spec.ts:16:1 › teacher grades pending class summary never reports an unfetched zero roster
[540/587] tests\teacher-grades-loading.spec.ts:17:1 › teacher grades repeated term reserves cached native widths within two pixels
[541/587] tests\teacher-subject-loading.spec.ts:103:1 › teacher working table reuses measured pending column widths on repeat load
[542/587] tests\teacher-subjects.spec.ts:25:68 › teacher subjects 375px light: real shell, card geometry and screenshots
[543/587] tests\teacher-subjects.spec.ts:25:68 › teacher subjects 375px dark: real shell, card geometry and screenshots
[544/587] tests\teacher-subjects.spec.ts:25:68 › teacher subjects 1280px light: real shell, card geometry and screenshots
[545/587] tests\teacher-grades-loading.spec.ts:19:1 › teacher visibility native automatic columns vary across real content
[546/587] tests\teacher-subjects.spec.ts:25:68 › teacher subjects 1280px dark: real shell, card geometry and screenshots
[547/587] tests\teacher-subjects.spec.ts:46:32 › teacher subjects variable result: 0 rows, stable actions and filters
[548/587] tests\teacher-grades-loading.spec.ts:20:122 › teacher grades Parent Visibility 375 light known controls remain during prerequisite loads
[549/587] tests\teacher-subjects.spec.ts:46:32 › teacher subjects variable result: 1 rows, stable actions and filters
[550/587] tests\teacher-grades-loading.spec.ts:20:122 › teacher grades Submission History 375 light known controls remain during prerequisite loads
[551/587] tests\teacher-subjects.spec.ts:46:32 › teacher subjects variable result: 9 rows, stable actions and filters
[552/587] tests\teacher-grades-loading.spec.ts:20:122 › teacher grades Parent Visibility 375 dark known controls remain during prerequisite loads
[553/587] tests\user-details-loading.spec.ts:22:68 › user details 375 light: real field labels and actions
[554/587] tests\user-details-loading.spec.ts:22:68 › user details 375 dark: real field labels and actions
[555/587] tests\teacher-grades-loading.spec.ts:20:122 › teacher grades Submission History 375 dark known controls remain during prerequisite loads
[556/587] tests\user-details-loading.spec.ts:22:68 › user details 1280 light: real field labels and actions
[557/587] tests\teacher-grades-loading.spec.ts:20:122 › teacher grades Parent Visibility 1280 light known controls remain during prerequisite loads
[558/587] tests\user-details-loading.spec.ts:22:68 › user details 1280 dark: real field labels and actions
[559/587] tests\teacher-grades-loading.spec.ts:20:122 › teacher grades Submission History 1280 light known controls remain during prerequisite loads
[560/587] tests\user-details-loading.spec.ts:40:61 › ADMIN details preserve short and wrapping fields
[561/587] tests\user-details-loading.spec.ts:40:61 › PRINCIPAL details preserve short and wrapping fields
[562/587] tests\teacher-grades-loading.spec.ts:20:122 › teacher grades Parent Visibility 1280 dark known controls remain during prerequisite loads
[563/587] tests\user-details-loading.spec.ts:40:61 › PARENT details preserve short and wrapping fields
[564/587] tests\user-details-loading.spec.ts:52:1 › user details error removes shapes and retries the account request
[565/587] tests\teacher-grades-loading.spec.ts:20:122 › teacher grades Submission History 1280 dark known controls remain during prerequisite loads
[566/587] tests\user-details-loading.spec.ts:64:1 › missing user uses the real not-found state only after the request
[567/587] tests\user-details-loading.spec.ts:72:1 › teacher user details wait for the teacher ID mapping and preserve real profile controls
[568/587] tests\teacher-grades-loading.spec.ts:21:1 › teacher visibility retries a prerequisite error without an indefinite skeleton
[569/587] tests\user-form-loading.spec.ts:10:62 › edit user 375 light keeps real form labels and controls
[570/587] tests\teacher-grades-loading.spec.ts:22:1 › teacher submission history surfaces a term prerequisite error and retries
[571/587] tests\user-form-loading.spec.ts:10:62 › edit user 375 dark keeps real form labels and controls
[572/587] tests\teacher-grades-loading.spec.ts:23:1 › teacher gradebook failure removes dependent placeholders immediately
[573/587] tests\user-form-loading.spec.ts:10:62 › edit user 1280 light keeps real form labels and controls

[WebServer] 8:29:22 PM [vite] (client) [console.error] Failed to load advisory gradebook: Error: Records unavailable
[WebServer]     at handleJsonResponse (http://127.0.0.1:5187/src/features/profiles/teacher/pages/grades/services/gradePage.service.ts:14:38)
[WebServer]     at async fetchAdvisoryGradebook (http://127.0.0.1:5187/src/features/profiles/teacher/pages/grades/services/gradePage.service.ts:29:15)
[574/587] tests\user-form-loading.spec.ts:10:62 › edit user 1280 dark keeps real form labels and controls
[575/587] tests\user-form-loading.spec.ts:24:1 › edit user failure clears value placeholders and retries accounts
[576/587] tests\user-form-loading.spec.ts:29:1 › edit user not found waits for the accounts result
[577/587] tests\user-form-loading.spec.ts:33:62 › new user 375 light renders known fields and workflow immediately
[578/587] tests\user-form-loading.spec.ts:33:62 › new user 375 dark renders known fields and workflow immediately
[579/587] tests\user-form-loading.spec.ts:33:62 › new user 1280 light renders known fields and workflow immediately
[580/587] tests\user-form-loading.spec.ts:33:62 › new user 1280 dark renders known fields and workflow immediately
[581/587] tests\user-form-loading.spec.ts:40:1 › editing a loaded user preserves the existing endpoint and payload
[582/587] tests\user-form-loading.spec.ts:47:1 › new principal optional conflict reserves wrapping text then shrinks once without resetting input
[583/587] tests\user-form-loading.spec.ts:52:32 › principal conflict light reserves visible paragraph bars on warning surface
[584/587] tests\user-form-loading.spec.ts:52:32 › principal conflict dark reserves visible paragraph bars on warning surface
[585/587] tests\user-form-loading.spec.ts:58:32 › edit user light values contrast against actual input surface
[586/587] tests\user-form-loading.spec.ts:58:32 › edit user dark values contrast against actual input surface
[587/587] tests\user-form-loading.spec.ts:62:1 › pending user selects never show a fallback selected value behind the skeleton
  587 passed (9.2m)
