[WebServer] (node:13612) Warning: The 'NO_COLOR' env is ignored due to the 'FORCE_COLOR' env being set.
[WebServer] (Use `node --trace-warnings ...` to show where the warning was created)
[WebServer] (node:30276) Warning: The 'NO_COLOR' env is ignored due to the 'FORCE_COLOR' env being set.
[WebServer] (Use `node --trace-warnings ...` to show where the warning was created)

Running 1 test using 1 worker

(node:13332) Warning: The 'NO_COLOR' env is ignored due to the 'FORCE_COLOR' env being set.
(Use `node --trace-warnings ...` to show where the warning was created)
  x  1 tests\subject-records-loading.spec.ts:34:62 › subject holistic records 375 light keeps known table and domains (9.3s)


  1) tests\subject-records-loading.spec.ts:34:62 › subject holistic records 375 light keeps known table and domains 

    Error: expect(locator).toBeVisible() failed

    Locator: getByRole('columnheader', { name: 'Learner\'s Name', exact: true })
    Expected: visible
    Timeout: 5000ms
    Error: element(s) not found

    Call log:
      - Expect "toBeVisible" getByRole('columnheader', { name: 'Learner\'s Name', exact: true }) with timeout 5000ms
      - waiting for getByRole('columnheader', { name: 'Learner\'s Name', exact: true })


      36 |  await page.route('**/api/gradingPeriods',async r=>{await gate;await r.fulfill({json:{success:true,data:[{id:'1',termNumber:1,termLabel:'Term 1',startDate:'2026-10-01',endDate:'2026-10-31',isActive:true}]}});});
      37 |  await page.route('**/api/teacherHolistic/**',async r=>{await gate;await r.fulfill({json:{success:true,data:{},weekStartDate:'2026-10-05'}});});
    > 38 |  await page.goto('/teacher/subjects/1/records');await expect(page.getByRole('columnheader',{name:"Learner's Name",exact:true})).toBeVisible();await expect(page.getByRole('columnheader',{name:'Cognitive',exact:true}).first()).toBeVisible();await expect(page.getByText('Ana Cruz 0',{exact:true})).toBeVisible();
         |                                                                                                                                 ^
      39 |  const region=page.locator('[data-sk-region="subject-holistic-records"]');await expect(region).toHaveAttribute('data-sk-phase','revealed');await assertNoDataSpinner(page);const prefix=`loading-screenshots/teacher-subject-holistic-records-${width}-${dark?'dark':'light'}`;await page.screenshot({path:prefix+'-skeleton.png',fullPage:true});release();finish();await expect(region).toHaveAttribute('data-sk-phase','settled');await page.screenshot({path:prefix+'-loaded.png',fullPage:true});
      40 | });
      41 | test('subject records auto columns vary with actual learner names',async({page})=>{const widths:number[][]=[];for(const long of [false,true]){const release=await fixture(page,false,3,long);await page.goto('/teacher/subjects/1/records');release();const region=page.locator('[data-sk-region="subject-assessment-records"]');await expect(region).toHaveAttribute('data-sk-phase','settled');widths.push(await region.locator('tbody tr[data-sk-region="subject-record-student"]').first().locator('td').evaluateAll(els=>els.map(el=>el.getBoundingClientRect().width)));await page.unroute('**/api/**');await page.unroute('**/api/teacherGrading/**');await page.unroute('**/api/subject/getEffectiveWeights/**');}expect(widths[0].some((w,i)=>Math.abs(w-widths[1][i])>1)).toBe(true);});
        at C:\Users\Mavys\Downloads\QED_System\QED_front_end\tests\subject-records-loading.spec.ts:38:129

    Error Context: test-results\subject-records-loading-su-d31b4-eps-known-table-and-domains\error-context.md

  1 failed
    tests\subject-records-loading.spec.ts:34:62 › subject holistic records 375 light keeps known table and domains 
