[WebServer] (node:13904) Warning: The 'NO_COLOR' env is ignored due to the 'FORCE_COLOR' env being set.
[WebServer] (Use `node --trace-warnings ...` to show where the warning was created)
[WebServer] (node:39168) Warning: The 'NO_COLOR' env is ignored due to the 'FORCE_COLOR' env being set.
[WebServer] (Use `node --trace-warnings ...` to show where the warning was created)

Running 17 tests using 1 worker

(node:27420) Warning: The 'NO_COLOR' env is ignored due to the 'FORCE_COLOR' env being set.
(Use `node --trace-warnings ...` to show where the warning was created)
  ok  1 tests\user-form-loading.spec.ts:10:62 › edit user 375 light keeps real form labels and controls (4.8s)
  ok  2 tests\user-form-loading.spec.ts:10:62 › edit user 375 dark keeps real form labels and controls (2.5s)
  ok  3 tests\user-form-loading.spec.ts:10:62 › edit user 1280 light keeps real form labels and controls (3.0s)
  ok  4 tests\user-form-loading.spec.ts:10:62 › edit user 1280 dark keeps real form labels and controls (2.7s)
  ok  5 tests\user-form-loading.spec.ts:24:1 › edit user failure clears value placeholders and retries accounts (1.4s)
  ok  6 tests\user-form-loading.spec.ts:29:1 › edit user not found waits for the accounts result (709ms)
  ok  7 tests\user-form-loading.spec.ts:33:62 › new user 375 light renders known fields and workflow immediately (799ms)
  ok  8 tests\user-form-loading.spec.ts:33:62 › new user 375 dark renders known fields and workflow immediately (748ms)
  ok  9 tests\user-form-loading.spec.ts:33:62 › new user 1280 light renders known fields and workflow immediately (853ms)
  ok 10 tests\user-form-loading.spec.ts:33:62 › new user 1280 dark renders known fields and workflow immediately (831ms)
  ok 11 tests\user-form-loading.spec.ts:40:1 › editing a loaded user preserves the existing endpoint and payload (735ms)
  ok 12 tests\user-form-loading.spec.ts:47:1 › new principal optional conflict reserves wrapping text then shrinks once without resetting input (1.7s)
  ok 13 tests\user-form-loading.spec.ts:52:32 › principal conflict light reserves visible paragraph bars on warning surface (1.5s)
  ok 14 tests\user-form-loading.spec.ts:52:32 › principal conflict dark reserves visible paragraph bars on warning surface (1.5s)
  ok 15 tests\user-form-loading.spec.ts:58:32 › edit user light values contrast against actual input surface (1.7s)
  ok 16 tests\user-form-loading.spec.ts:58:32 › edit user dark values contrast against actual input surface (1.7s)
  ok 17 tests\user-form-loading.spec.ts:62:1 › pending user selects never show a fallback selected value behind the skeleton (1.1s)

  17 passed (31.8s)
