[WebServer] (node:7288) Warning: The 'NO_COLOR' env is ignored due to the 'FORCE_COLOR' env being set.
[WebServer] (Use `node --trace-warnings ...` to show where the warning was created)
[WebServer] (node:11204) Warning: The 'NO_COLOR' env is ignored due to the 'FORCE_COLOR' env being set.
[WebServer] (Use `node --trace-warnings ...` to show where the warning was created)

Running 1 test using 1 worker

(node:4884) Warning: The 'NO_COLOR' env is ignored due to the 'FORCE_COLOR' env being set.
(Use `node --trace-warnings ...` to show where the warning was created)
  x  1 tests\user-form-loading.spec.ts:10:62 › edit user 375 light keeps real form labels and controls (8.0s)


  1) tests\user-form-loading.spec.ts:10:62 › edit user 375 light keeps real form labels and controls 

    Error: expect(locator).toBeVisible() failed

    Locator: getByRole('heading', { name: 'Edit User Record', exact: true })
    Expected: visible
    Timeout: 5000ms
    Error: element(s) not found

    Call log:
      - Expect "toBeVisible" getByRole('heading', { name: 'Edit User Record', exact: true }) with timeout 5000ms
      - waiting for getByRole('heading', { name: 'Edit User Record', exact: true })


      10 | for(const width of [375,1280])for(const dark of [false,true])test(`edit user ${width} ${dark?'dark':'light'} keeps real form labels and controls`,async({page})=>{
      11 |  await page.setViewportSize({width,height:1000});const release=await accounts(page,dark);await page.goto('/admin/users/parent/1/edit');
    > 12 |  await expect(page.getByRole('heading',{name:'Edit User Record',exact:true})).toBeVisible();
         |                                                                               ^
      13 |  for(const label of ['Last Name','First Name','M.I.','Role','Gender','Email Address','Contact Number','Status'])await expect(page.getByText(label,{exact:true})).toBeVisible();
      14 |  await expect(page.getByRole('button',{name:'Save Changes',exact:true})).toBeVisible();await expect(page.getByText(/No user found/)).toHaveCount(0);
      15 |  await expect(page.locator('.sk-region[aria-busy="true"]').first()).toHaveAttribute('data-sk-phase','revealed');await assertNoDataSpinner(page);
        at C:\Users\Mavys\Downloads\QED_System\QED_front_end\tests\user-form-loading.spec.ts:12:79

    Error Context: test-results\user-form-loading-edit-use-821dc-al-form-labels-and-controls\error-context.md

  1 failed
    tests\user-form-loading.spec.ts:10:62 › edit user 375 light keeps real form labels and controls 
