[WebServer] (node:39836) Warning: The 'NO_COLOR' env is ignored due to the 'FORCE_COLOR' env being set.
[WebServer] (Use `node --trace-warnings ...` to show where the warning was created)
[WebServer] (node:17052) Warning: The 'NO_COLOR' env is ignored due to the 'FORCE_COLOR' env being set.
[WebServer] (Use `node --trace-warnings ...` to show where the warning was created)

Running 16 tests using 1 worker

(node:39340) Warning: The 'NO_COLOR' env is ignored due to the 'FORCE_COLOR' env being set.
(Use `node --trace-warnings ...` to show where the warning was created)
  ok  1 tests\teacher-subject-loading.spec.ts:23:66 › teacher subject 375 light keeps real score sheet and controls (5.7s)
  ok  2 tests\teacher-subject-loading.spec.ts:23:66 › teacher subject 375 dark keeps real score sheet and controls (2.0s)
  ok  3 tests\teacher-subject-loading.spec.ts:23:66 › teacher subject 1280 light keeps real score sheet and controls (2.1s)
  ok  4 tests\teacher-subject-loading.spec.ts:23:66 › teacher subject 1280 dark keeps real score sheet and controls (2.1s)
  ok  5 tests\teacher-subject-loading.spec.ts:40:30 › teacher subject 0 students keeps original empty and full rosters (2.2s)
  ok  6 tests\teacher-subject-loading.spec.ts:40:30 › teacher subject 1 students keeps original empty and full rosters (2.1s)
  ok  7 tests\teacher-subject-loading.spec.ts:40:30 › teacher subject 9 students keeps original empty and full rosters (2.4s)
[WebServer] 9:09:13 AM [vite] (client) [console.error] Failed to load subject info: Error: Class unavailable
[WebServer]     at handleJsonResponse (http://127.0.0.1:5187/src/features/profiles/teacher/pages/subjects/services/subjectGrading.service.ts:12:9)
[WebServer]     at async fetchSubjectSectionInfo (http://127.0.0.1:5187/src/features/profiles/teacher/pages/subjects/services/subjectGrading.service.ts:39:15)
[WebServer]     at async Promise.allSettled (index 0)
[WebServer]     at async loadAll (http://127.0.0.1:5187/src/features/profiles/teacher/pages/subjects/detail/SubjectDetailPage.tsx:221:82)
  ok  8 tests\teacher-subject-loading.spec.ts:49:1 › teacher subject record failure clears placeholders and retries its real requests (1.5s)
  ok  9 tests\teacher-subject-loading.spec.ts:57:66 › teacher holistic 375 light keeps actual rating controls and domain headers (2.4s)
  ok 10 tests\teacher-subject-loading.spec.ts:57:66 › teacher holistic 375 dark keeps actual rating controls and domain headers (2.5s)
  ok 11 tests\teacher-subject-loading.spec.ts:57:66 › teacher holistic 1280 light keeps actual rating controls and domain headers (2.6s)
  ok 12 tests\teacher-subject-loading.spec.ts:57:66 › teacher holistic 1280 dark keeps actual rating controls and domain headers (2.5s)
  ok 13 tests\teacher-subject-loading.spec.ts:71:1 › teacher grading tables are auto-column only because native widths vary with returned names (1.8s)
  ok 14 tests\teacher-subject-loading.spec.ts:85:1 › teacher score saving retains the existing request payload and working-item handoff (1.4s)
  ok 15 tests\teacher-subject-loading.spec.ts:93:34 › teacher score sheet light placeholders stay visible on header and row surfaces (3.3s)
  ok 16 tests\teacher-subject-loading.spec.ts:93:34 › teacher score sheet dark placeholders stay visible on header and row surfaces (3.2s)

  16 passed (43.7s)
