{"id":"token-colors","mutationRejected":true,"restoredPass":true,"restoredSummary":"1 passed (3.2s)"}
{"id":"surface-contrast","mutationRejected":true,"restoredPass":true,"restoredSummary":"1 passed (5.1s)"}
{"id":"route-registration","mutationRejected":true,"restoredPass":true,"restoredSummary":"1 passed (4.0s)"}
{"id":"region-match","mutationRejected":true,"restoredPass":true,"restoredSummary":"1 passed (19.2s)"}
{"id":"known-session","mutationRejected":true,"restoredPass":true,"restoredSummary":"1 passed (18.6s)"}
{"id":"chart-shape","mutationRejected":true,"restoredPass":true,"restoredSummary":"1 passed (19.6s)"}
{"id":"text-widths","mutationRejected":true,"restoredPass":true,"restoredSummary":"1 passed (5.0s)"}
{"id":"shimmer-pixels","mutationRejected":true,"restoredPass":true,"restoredSummary":"1 passed (7.1s)"}
{"id":"fixed-overlay","mutationRejected":true,"restoredPass":true,"restoredSummary":"1 passed (7.6s)"}
{"id":"removed-spinner","mutationRejected":true,"restoredPass":true,"restoredSummary":"1 passed (3.4s)"}
{"id":"runtime-spinner","mutationRejected":true,"restoredPass":true,"restoredSummary":"1 passed (20.7s)"}
{"id":"refetch-opacity","mutationRejected":true,"restoredPass":true,"restoredSummary":"1 passed (5.6s)"}
{"id":"static-landing","mutationRejected":true,"restoredPass":true,"restoredSummary":"1 passed (19.0s)"}
{"id":"static-login","mutationRejected":true,"restoredPass":true,"restoredSummary":"1 passed (18.8s)"}
{"id":"static-help","mutationRejected":true,"restoredPass":true,"restoredSummary":"1 passed (22.0s)"}
{"id":"static-topic","mutationRejected":true,"restoredPass":true,"restoredSummary":"1 passed (18.2s)"}
{"id":"negative-area","mutationRejected":true,"restoredPass":true,"restoredSummary":"1 passed (6.3s)"}
{"id":"negative-edge","mutationRejected":true,"restoredPass":true,"restoredSummary":"1 passed (5.9s)"}
{"id":"negative-overlay","mutationRejected":true,"restoredPass":true,"restoredSummary":"1 passed (8.4s)"}
{"id":"negative-height","mutationRejected":true,"restoredPass":true,"restoredSummary":"1 passed (7.2s)"}
{"id":"negative-clock","mutationRejected":true,"restoredPass":true,"restoredSummary":"1 passed (6.4s)"}
{"id":"fixed-classification","mutationRejected":true,"restoredPass":true,"restoredSummary":"1 passed (21.0s)"}
{"id":"auto-classification","mutationRejected":true,"restoredPass":true,"restoredSummary":"1 passed (5.1s)"}
{"id":"repeat-column-cache","mutationRejected":true,"restoredPass":true,"restoredSummary":"1 passed (8.8s)"}
{"id":"bootstrap-reduced","mutationRejected":true,"restoredPass":true,"restoredSummary":"1 passed (18.8s)"}
{"id":"bootstrap-protection","mutationRejected":true,"restoredPass":true,"restoredSummary":"1 passed (19.4s)"}
{"id":"busy-accessibility","mutationRejected":true,"restoredPass":true,"restoredSummary":"1 passed (6.0s)"}
{"id":"variable-reservation","mutationRejected":true,"restoredPass":true,"restoredSummary":"1 passed (6.4s)"}
Mutation checks recorded: 28
